Component: ARM Compiler 5.06 update 3 (build 300) Tool: armlink [4d35c9]

==============================================================================

Section Cross References

    main.o(.text) refers to _printf_pad.o(.text) for _printf_pre_padding
    main.o(.text) refers to _printf_percent.o(.ARM.Collect$$_printf_percent$$00000000) for _printf_percent
    main.o(.text) refers to _printf_d.o(.ARM.Collect$$_printf_percent$$00000009) for _printf_d
    main.o(.text) refers to _printf_dec.o(.text) for _printf_int_dec
    main.o(.text) refers to stm32f4xx_gpio.o(.text) for GPIO_PinAFConfig
    main.o(.text) refers to noretval__2sprintf.o(.text) for __2sprintf
    main.o(.text) refers to ff.o(.text) for f_open
    main.o(.text) refers to misc.o(.text) for NVIC_PriorityGroupConfig
    main.o(.text) refers to delay.o(.text) for delay_init
    main.o(.text) refers to usart.o(.text) for uart_init
    main.o(.text) refers to buzzer.o(.text) for TIM2_Init
    main.o(.text) refers to timer.o(.text) for TIM3_Int_Init
    main.o(.text) refers to gsm.o(.text) for GSM_Init
    main.o(.text) refers to key.o(.text) for KEY_EXIT_Init
    main.o(.text) refers to lcd.o(.text) for LCD_Init
    main.o(.text) refers to sram.o(.text) for FSMC_SRAM_Init
    main.o(.text) refers to w25qxx.o(.text) for W25QXX_Init
    main.o(.text) refers to malloc.o(.text) for my_mem_init
    main.o(.text) refers to exfuns.o(.text) for exfuns_init
    main.o(.text) refers to text.o(.text) for Show_Str
    main.o(.text) refers to ov2640.o(.text) for OV2640_Init
    main.o(.text) refers to dcmi.o(.text) for My_DCMI_Init
    main.o(.text) refers to bmp.o(.text) for bmp_encode
    main.o(.text) refers to exfuns.o(.data) for ftemp
    main.o(.text) refers to exfuns.o(.bss) for fs
    main.o(.text) refers to lcd.o(.data) for POINT_COLOR
    main.o(.text) refers to main.o(.data) for jpeg_buf0
    main.o(.text) refers to lcd.o(.bss) for lcddev
    main.o(.text) refers to stm32f4xx_dma.o(.text) for DMA_Cmd
    main.o(.text) refers to noretval__2printf.o(.text) for __2printf
    main.o(.text) refers to dcmi.o(.data) for dcmi_rx_callback
    system_stm32f4xx.o(.text) refers to system_stm32f4xx.o(.data) for SystemCoreClock
    startup_stm32f40_41xxx.o(STACK) refers (Special) to heapauxi.o(.text) for __use_two_region_memory
    startup_stm32f40_41xxx.o(HEAP) refers (Special) to heapauxi.o(.text) for __use_two_region_memory
    startup_stm32f40_41xxx.o(RESET) refers (Special) to heapauxi.o(.text) for __use_two_region_memory
    startup_stm32f40_41xxx.o(RESET) refers to startup_stm32f40_41xxx.o(STACK) for __initial_sp
    startup_stm32f40_41xxx.o(RESET) refers to startup_stm32f40_41xxx.o(.text) for Reset_Handler
    startup_stm32f40_41xxx.o(RESET) refers to stm32f4xx_it.o(.text) for NMI_Handler
    startup_stm32f40_41xxx.o(RESET) refers to key.o(.text) for EXTI0_IRQHandler
    startup_stm32f40_41xxx.o(RESET) refers to buzzer.o(.text) for TIM2_IRQHandler
    startup_stm32f40_41xxx.o(RESET) refers to timer.o(.text) for TIM3_IRQHandler
    startup_stm32f40_41xxx.o(RESET) refers to usart.o(.text) for USART1_IRQHandler
    startup_stm32f40_41xxx.o(RESET) refers to gsm.o(.text) for USART3_IRQHandler
    startup_stm32f40_41xxx.o(RESET) refers to hc-sr501.o(.text) for EXTI15_10_IRQHandler
    startup_stm32f40_41xxx.o(RESET) refers to sdio_sdcard.o(.text) for SDIO_IRQHandler
    startup_stm32f40_41xxx.o(RESET) refers to dcmi.o(.text) for DMA2_Stream1_IRQHandler
    startup_stm32f40_41xxx.o(.text) refers (Special) to heapauxi.o(.text) for __use_two_region_memory
    startup_stm32f40_41xxx.o(.text) refers to system_stm32f4xx.o(.text) for SystemInit
    startup_stm32f40_41xxx.o(.text) refers to __main.o(!!!main) for __main
    startup_stm32f40_41xxx.o(.text) refers to startup_stm32f40_41xxx.o(HEAP) for Heap_Mem
    startup_stm32f40_41xxx.o(.text) refers to startup_stm32f40_41xxx.o(STACK) for Stack_Mem
    stm32f4xx_adc.o(.text) refers to stm32f4xx_rcc.o(.text) for RCC_APB2PeriphResetCmd
    stm32f4xx_can.o(.text) refers to stm32f4xx_rcc.o(.text) for RCC_APB1PeriphResetCmd
    stm32f4xx_cryp.o(.text) refers to stm32f4xx_rcc.o(.text) for RCC_AHB2PeriphResetCmd
    stm32f4xx_cryp_aes.o(.text) refers to stm32f4xx_cryp.o(.text) for CRYP_KeyStructInit
    stm32f4xx_cryp_des.o(.text) refers to stm32f4xx_cryp.o(.text) for CRYP_KeyStructInit
    stm32f4xx_cryp_tdes.o(.text) refers to stm32f4xx_cryp.o(.text) for CRYP_KeyStructInit
    stm32f4xx_dac.o(.text) refers to stm32f4xx_rcc.o(.text) for RCC_APB1PeriphResetCmd
    stm32f4xx_dma2d.o(.text) refers to stm32f4xx_rcc.o(.text) for RCC_AHB1PeriphResetCmd
    stm32f4xx_fsmc.o(.text) refers to stm32f4xx_fsmc.o(.constdata) for FSMC_DefaultTimingStruct
    stm32f4xx_gpio.o(.text) refers to stm32f4xx_rcc.o(.text) for RCC_AHB1PeriphResetCmd
    stm32f4xx_hash.o(.text) refers to stm32f4xx_rcc.o(.text) for RCC_AHB2PeriphResetCmd
    stm32f4xx_hash_md5.o(.text) refers to stm32f4xx_hash.o(.text) for HASH_DeInit
[...]
    TIM4_IRQHandler                          0x08000caf   Thumb Code     0  startup_stm32f40_41xxx.o(.text)
    TIM5_IRQHandler                          0x08000caf   Thumb Code     0  startup_stm32f40_41xxx.o(.text)
    TIM6_DAC_IRQHandler                      0x08000caf   Thumb Code     0  startup_stm32f40_41xxx.o(.text)
    TIM7_IRQHandler                          0x08000caf   Thumb Code     0  startup_stm32f40_41xxx.o(.text)
    TIM8_BRK_TIM12_IRQHandler                0x08000caf   Thumb Code     0  startup_stm32f40_41xxx.o(.text)
    TIM8_CC_IRQHandler                       0x08000caf   Thumb Code     0  startup_stm32f40_41xxx.o(.text)
    TIM8_TRG_COM_TIM14_IRQHandler            0x08000caf   Thumb Code     0  startup_stm32f40_41xxx.o(.text)
    TIM8_UP_TIM13_IRQHandler                 0x08000caf   Thumb Code     0  startup_stm32f40_41xxx.o(.text)
    UART4_IRQHandler                         0x08000caf   Thumb Code     0  startup_stm32f40_41xxx.o(.text)
    UART5_IRQHandler                         0x08000caf   Thumb Code     0  startup_stm32f40_41xxx.o(.text)
    USART2_IRQHandler                        0x08000caf   Thumb Code     0  startup_stm32f40_41xxx.o(.text)
    USART6_IRQHandler                        0x08000caf   Thumb Code     0  startup_stm32f40_41xxx.o(.text)
    WWDG_IRQHandler                          0x08000caf   Thumb Code     0  startup_stm32f40_41xxx.o(.text)
    __user_initial_stackheap                 0x08000cb1   Thumb Code     0  startup_stm32f40_41xxx.o(.text)
    NVIC_PriorityGroupConfig                 0x08000cd5   Thumb Code    10  misc.o(.text)
    NVIC_Init                                0x08000cdf   Thumb Code   106  misc.o(.text)
    NVIC_SetVectorTable                      0x08000d49   Thumb Code    14  misc.o(.text)
    NVIC_SystemLPConfig                      0x08000d57   Thumb Code    34  misc.o(.text)
    SysTick_CLKSourceConfig                  0x08000d79   Thumb Code    40  misc.o(.text)
    DCMI_DeInit                              0x08000db5   Thumb Code    24  stm32f4xx_dcmi.o(.text)
    DCMI_Init                                0x08000dcd   Thumb Code    60  stm32f4xx_dcmi.o(.text)
    DCMI_StructInit                          0x08000e09   Thumb Code    18  stm32f4xx_dcmi.o(.text)
    DCMI_CROPConfig                          0x08000e1b   Thumb Code    26  stm32f4xx_dcmi.o(.text)
    DCMI_CROPCmd                             0x08000e35   Thumb Code    30  stm32f4xx_dcmi.o(.text)
    DCMI_SetEmbeddedSynchroCodes             0x08000e53   Thumb Code    26  stm32f4xx_dcmi.o(.text)
    DCMI_JPEGCmd                             0x08000e6d   Thumb Code    30  stm32f4xx_dcmi.o(.text)
    DCMI_Cmd                                 0x08000e8b   Thumb Code    30  stm32f4xx_dcmi.o(.text)
    DCMI_CaptureCmd                          0x08000ea9   Thumb Code    30  stm32f4xx_dcmi.o(.text)
    DCMI_ReadData                            0x08000ec7   Thumb Code     6  stm32f4xx_dcmi.o(.text)
    DCMI_ITConfig                            0x08000ecd   Thumb Code    30  stm32f4xx_dcmi.o(.text)
    DCMI_GetFlagStatus                       0x08000eeb   Thumb Code    46  stm32f4xx_dcmi.o(.text)
    DCMI_ClearFlag                           0x08000f19   Thumb Code     6  stm32f4xx_dcmi.o(.text)
    DCMI_GetITStatus                         0x08000f1f   Thumb Code    24  stm32f4xx_dcmi.o(.text)
    DCMI_ClearITPendingBit                   0x08000f37   Thumb Code     6  stm32f4xx_dcmi.o(.text)
    DMA_DeInit                               0x08000f41   Thumb Code   324  stm32f4xx_dma.o(.text)
    DMA_Init                                 0x08001085   Thumb Code    82  stm32f4xx_dma.o(.text)
    DMA_StructInit                           0x080010d7   Thumb Code    34  stm32f4xx_dma.o(.text)
    DMA_Cmd                                  0x080010f9   Thumb Code    22  stm32f4xx_dma.o(.text)
    DMA_PeriphIncOffsetSizeConfig            0x0800110f   Thumb Code    22  stm32f4xx_dma.o(.text)
    DMA_FlowControllerConfig                 0x08001125   Thumb Code    22  stm32f4xx_dma.o(.text)
    DMA_SetCurrDataCounter                   0x0800113b   Thumb Code     4  stm32f4xx_dma.o(.text)
    DMA_GetCurrDataCounter                   0x0800113f   Thumb Code     8  stm32f4xx_dma.o(.text)
    DMA_DoubleBufferModeConfig               0x08001147   Thumb Code    24  stm32f4xx_dma.o(.text)
    DMA_DoubleBufferModeCmd                  0x0800115f   Thumb Code    22  stm32f4xx_dma.o(.text)
    DMA_MemoryTargetConfig                   0x08001175   Thumb Code    10  stm32f4xx_dma.o(.text)
    DMA_GetCurrentMemoryTarget               0x0800117f   Thumb Code    20  stm32f4xx_dma.o(.text)
    DMA_GetCmdStatus                         0x08001193   Thumb Code    20  stm32f4xx_dma.o(.text)
    DMA_GetFIFOStatus                        0x080011a7   Thumb Code    12  stm32f4xx_dma.o(.text)
    DMA_GetFlagStatus                        0x080011b3   Thumb Code    56  stm32f4xx_dma.o(.text)
    DMA_ClearFlag                            0x080011eb   Thumb Code    40  stm32f4xx_dma.o(.text)
    DMA_ITConfig                             0x08001213   Thumb Code    58  stm32f4xx_dma.o(.text)
    DMA_GetITStatus                          0x0800124d   Thumb Code    84  stm32f4xx_dma.o(.text)
    DMA_ClearITPendingBit                    0x080012a1   Thumb Code    40  stm32f4xx_dma.o(.text)
    EXTI_DeInit                              0x080012e9   Thumb Code    28  stm32f4xx_exti.o(.text)
    EXTI_Init                                0x08001305   Thumb Code   142  stm32f4xx_exti.o(.text)
    EXTI_StructInit                          0x08001393   Thumb Code    16  stm32f4xx_exti.o(.text)
    EXTI_GenerateSWInterrupt                 0x080013a3   Thumb Code    16  stm32f4xx_exti.o(.text)
    EXTI_GetFlagStatus                       0x080013b3   Thumb Code    22  stm32f4xx_exti.o(.text)
    EXTI_ClearFlag                           0x080013c9   Thumb Code     8  stm32f4xx_exti.o(.text)
    EXTI_GetITStatus                         0x080013d1   Thumb Code    22  stm32f4xx_exti.o(.text)
    EXTI_ClearITPendingBit                   0x080013e7   Thumb Code     8  stm32f4xx_exti.o(.text)
    FSMC_NORSRAMDeInit                       0x080013f9   Thumb Code    54  stm32f4xx_fsmc.o(.text)
    FSMC_NORSRAMInit                         0x0800142f   Thumb Code   230  stm32f4xx_fsmc.o(.text)
    FSMC_NORSRAMStructInit                   0x08001515   Thumb Code    48  stm32f4xx_fsmc.o(.text)
    FSMC_NORSRAMCmd                          0x08001545   Thumb Code    46  stm32f4xx_fsmc.o(.text)
    FSMC_NANDDeInit                          0x08001573   Thumb Code    62  stm32f4xx_fsmc.o(.text)
    FSMC_NANDInit                            0x080015b1   Thumb Code   132  stm32f4xx_fsmc.o(.text)
    FSMC_NANDStructInit                      0x08001635   Thumb Code    54  stm32f4xx_fsmc.o(.text)
    FSMC_NANDCmd                             0x0800166b   Thumb Code    86  stm32f4xx_fsmc.o(.text)
    FSMC_NANDECCCmd                          0x080016c1   Thumb Code    86  stm32f4xx_fsmc.o(.text)
    FSMC_GetECC                              0x08001717   Thumb Code    24  stm32f4xx_fsmc.o(.text)
    FSMC_PCCARDDeInit                        0x0800172f   Thumb Code    36  stm32f4xx_fsmc.o(.text)
    FSMC_PCCARDInit                          0x08001753   Thumb Code   130  stm32f4xx_fsmc.o(.text)
    FSMC_PCCARDStructInit                    0x080017d5   Thumb Code    60  stm32f4xx_fsmc.o(.text)
    FSMC_PCCARDCmd                           0x08001811   Thumb Code    44  stm32f4xx_fsmc.o(.text)
    FSMC_ITConfig                            0x0800183d   Thumb Code   128  stm32f4xx_fsmc.o(.text)
    FSMC_GetFlagStatus                       0x080018bd   Thumb Code    54  stm32f4xx_fsmc.o(.text)
    FSMC_ClearFlag                           0x080018f3   Thumb Code    74  stm32f4xx_fsmc.o(.text)
    FSMC_GetITStatus                         0x0800193d   Thumb Code    62  stm32f4xx_fsmc.o(.text)
    FSMC_ClearITPendingBit                   0x0800197b   Thumb Code    66  stm32f4xx_fsmc.o(.text)
    GPIO_DeInit                              0x080019c1   Thumb Code   268  stm32f4xx_gpio.o(.text)
    GPIO_Init                                0x08001acd   Thumb Code   144  stm32f4xx_gpio.o(.text)
    GPIO_StructInit                          0x08001b5d   Thumb Code    18  stm32f4xx_gpio.o(.text)
    GPIO_PinLockConfig                       0x08001b6f   Thumb Code    34  stm32f4xx_gpio.o(.text)
    GPIO_ReadInputDataBit                    0x08001b91   Thumb Code    18  stm32f4xx_gpio.o(.text)
    GPIO_ReadInputData                       0x08001ba3   Thumb Code     8  stm32f4xx_gpio.o(.text)
    GPIO_ReadOutputDataBit                   0x08001bab   Thumb Code    18  stm32f4xx_gpio.o(.text)
    GPIO_ReadOutputData                      0x08001bbd   Thumb Code     8  stm32f4xx_gpio.o(.text)
    GPIO_SetBits                             0x08001bc5   Thumb Code     4  stm32f4xx_gpio.o(.text)
    GPIO_ResetBits                           0x08001bc9   Thumb Code     4  stm32f4xx_gpio.o(.text)
    GPIO_WriteBit                            0x08001bcd   Thumb Code    10  stm32f4xx_gpio.o(.text)
    GPIO_Write                               0x08001bd7   Thumb Code     4  stm32f4xx_gpio.o(.text)
    GPIO_ToggleBits                          0x08001bdb   Thumb Code     8  stm32f4xx_gpio.o(.text)
    GPIO_PinAFConfig                         0x08001be3   Thumb Code    70  stm32f4xx_gpio.o(.text)
    RCC_DeInit                               0x08001c55   Thumb Code    82  stm32f4xx_rcc.o(.text)
    RCC_HSEConfig                            0x08001ca7   Thumb Code    14  stm32f4xx_rcc.o(.text)
    RCC_GetFlagStatus                        0x08001cb5   Thumb Code    60  stm32f4xx_rcc.o(.text)
    RCC_WaitForHSEStartUp                    0x08001cf1   Thumb Code    56  stm32f4xx_rcc.o(.text)
    RCC_AdjustHSICalibrationValue            0x08001d29   Thumb Code    20  stm32f4xx_rcc.o(.text)
    RCC_HSICmd                               0x08001d3d   Thumb Code     6  stm32f4xx_rcc.o(.text)
    RCC_LSEConfig                            0x08001d43   Thumb Code    46  stm32f4xx_rcc.o(.text)
    RCC_LSICmd                               0x08001d71   Thumb Code     6  stm32f4xx_rcc.o(.text)
    RCC_PLLConfig                            0x08001d77   Thumb Code    32  stm32f4xx_rcc.o(.text)
    RCC_PLLCmd                               0x08001d97   Thumb Code     6  stm32f4xx_rcc.o(.text)
    RCC_PLLI2SConfig                         0x08001d9d   Thumb Code    14  stm32f4xx_rcc.o(.text)
    RCC_PLLI2SCmd                            0x08001dab   Thumb Code     6  stm32f4xx_rcc.o(.text)
    RCC_PLLSAIConfig                         0x08001db1   Thumb Code    20  stm32f4xx_rcc.o(.text)
    RCC_PLLSAICmd                            0x08001dc5   Thumb Code     6  stm32f4xx_rcc.o(.text)
    RCC_ClockSecuritySystemCmd               0x08001dcb   Thumb Code     6  stm32f4xx_rcc.o(.text)
    RCC_MCO1Config                           0x08001dd1   Thumb Code    28  stm32f4xx_rcc.o(.text)
    RCC_MCO2Config                           0x08001ded   Thumb Code    28  stm32f4xx_rcc.o(.text)
    RCC_SYSCLKConfig                         0x08001e09   Thumb Code    20  stm32f4xx_rcc.o(.text)
    RCC_GetSYSCLKSource                      0x08001e1d   Thumb Code    12  stm32f4xx_rcc.o(.text)
    RCC_HCLKConfig                           0x08001e29   Thumb Code    20  stm32f4xx_rcc.o(.text)
    RCC_PCLK1Config                          0x08001e3d   Thumb Code    20  stm32f4xx_rcc.o(.text)
    RCC_PCLK2Config                          0x08001e51   Thumb Code    22  stm32f4xx_rcc.o(.text)
    RCC_GetClocksFreq                        0x08001e67   Thumb Code   222  stm32f4xx_rcc.o(.text)
    RCC_RTCCLKConfig                         0x08001f45   Thumb Code    54  stm32f4xx_rcc.o(.text)
    RCC_RTCCLKCmd                            0x08001f7b   Thumb Code     8  stm32f4xx_rcc.o(.text)
    RCC_BackupResetCmd                       0x08001f83   Thumb Code     8  stm32f4xx_rcc.o(.text)
    RCC_I2SCLKConfig                         0x08001f8b   Thumb Code     6  stm32f4xx_rcc.o(.text)
    RCC_SAIPLLI2SClkDivConfig                0x08001f91   Thumb Code    26  stm32f4xx_rcc.o(.text)
    RCC_SAIPLLSAIClkDivConfig                0x08001fab   Thumb Code    28  stm32f4xx_rcc.o(.text)
    RCC_SAIBlockACLKConfig                   0x08001fc7   Thumb Code    20  stm32f4xx_rcc.o(.text)
    RCC_SAIBlockBCLKConfig                   0x08001fdb   Thumb Code    20  stm32f4xx_rcc.o(.text)
    RCC_LTDCCLKDivConfig                     0x08001fef   Thumb Code    20  stm32f4xx_rcc.o(.text)
    RCC_TIMCLKPresConfig                     0x08002003   Thumb Code     6  stm32f4xx_rcc.o(.text)
    RCC_AHB1PeriphClockCmd                   0x08002009   Thumb Code    34  stm32f4xx_rcc.o(.text)
    RCC_AHB2PeriphClockCmd                   0x0800202b   Thumb Code    78  stm32f4xx_rcc.o(.text)
    RCC_AHB3PeriphClockCmd                   0x08002079   Thumb Code    34  stm32f4xx_rcc.o(.text)
    RCC_APB1PeriphClockCmd                   0x0800209b   Thumb Code    34  stm32f4xx_rcc.o(.text)
    RCC_APB2PeriphClockCmd                   0x080020bd   Thumb Code    34  stm32f4xx_rcc.o(.text)
    RCC_AHB1PeriphResetCmd                   0x080020df   Thumb Code    34  stm32f4xx_rcc.o(.text)
    RCC_AHB2PeriphResetCmd                   0x08002101   Thumb Code    34  stm32f4xx_rcc.o(.text)
    RCC_AHB3PeriphResetCmd                   0x08002123   Thumb Code    34  stm32f4xx_rcc.o(.text)
    RCC_APB1PeriphResetCmd                   0x08002145   Thumb Code    34  stm32f4xx_rcc.o(.text)
    RCC_APB2PeriphResetCmd                   0x08002167   Thumb Code    34  stm32f4xx_rcc.o(.text)
    RCC_AHB1PeriphClockLPModeCmd             0x08002189   Thumb Code    34  stm32f4xx_rcc.o(.text)
    RCC_AHB2PeriphClockLPModeCmd             0x080021ab   Thumb Code    34  stm32f4xx_rcc.o(.text)
    RCC_AHB3PeriphClockLPModeCmd             0x080021cd   Thumb Code    34  stm32f4xx_rcc.o(.text)
    RCC_APB1PeriphClockLPModeCmd             0x080021ef   Thumb Code    34  stm32f4xx_rcc.o(.text)
    RCC_APB2PeriphClockLPModeCmd             0x08002211   Thumb Code    34  stm32f4xx_rcc.o(.text)
    RCC_LSEModeConfig                        0x08002233   Thumb Code    40  stm32f4xx_rcc.o(.text)
    RCC_ITConfig                             0x0800225b   Thumb Code    34  stm32f4xx_rcc.o(.text)
    RCC_ClearFlag                            0x0800227d   Thumb Code    18  stm32f4xx_rcc.o(.text)
    RCC_GetITStatus                          0x0800228f   Thumb Code    22  stm32f4xx_rcc.o(.text)
    RCC_ClearITPendingBit                    0x080022a5   Thumb Code     8  stm32f4xx_rcc.o(.text)
    SDIO_DeInit                              0x080022b1   Thumb Code    22  stm32f4xx_sdio.o(.text)
    SDIO_Init                                0x080022c7   Thumb Code    42  stm32f4xx_sdio.o(.text)
    SDIO_StructInit                          0x080022f1   Thumb Code    16  stm32f4xx_sdio.o(.text)
    SDIO_ClockCmd                            0x08002301   Thumb Code     6  stm32f4xx_sdio.o(.text)
    SDIO_SetPowerState                       0x08002307   Thumb Code     8  stm32f4xx_sdio.o(.text)
    SDIO_GetPowerState                       0x0800230f   Thumb Code    12  stm32f4xx_sdio.o(.text)
    SDIO_SendCommand                         0x0800231b   Thumb Code    42  stm32f4xx_sdio.o(.text)
    SDIO_CmdStructInit                       0x08002345   Thumb Code    14  stm32f4xx_sdio.o(.text)
    SDIO_GetCommandResponse                  0x08002353   Thumb Code    10  stm32f4xx_sdio.o(.text)
    SDIO_GetResponse                         0x0800235d   Thumb Code    22  stm32f4xx_sdio.o(.text)
    SDIO_DataConfig                          0x08002373   Thumb Code    48  stm32f4xx_sdio.o(.text)
    SDIO_DataStructInit                      0x080023a3   Thumb Code    20  stm32f4xx_sdio.o(.text)
    SDIO_GetDataCounter                      0x080023b7   Thumb Code     8  stm32f4xx_sdio.o(.text)
    SDIO_ReadData                            0x080023bf   Thumb Code     8  stm32f4xx_sdio.o(.text)
    SDIO_WriteData                           0x080023c7   Thumb Code     8  stm32f4xx_sdio.o(.text)
    SDIO_GetFIFOCount                        0x080023cf   Thumb Code     8  stm32f4xx_sdio.o(.text)
    SDIO_StartSDIOReadWait                   0x080023d7   Thumb Code     6  stm32f4xx_sdio.o(.text)
    SDIO_StopSDIOReadWait                    0x080023dd   Thumb Code     8  stm32f4xx_sdio.o(.text)
    SDIO_SetSDIOReadWaitMode                 0x080023e5   Thumb Code     8  stm32f4xx_sdio.o(.text)
    SDIO_SetSDIOOperation                    0x080023ed   Thumb Code     8  stm32f4xx_sdio.o(.text)
    SDIO_SendSDIOSuspendCmd                  0x080023f5   Thumb Code     6  stm32f4xx_sdio.o(.text)
    SDIO_CommandCompletionCmd                0x080023fb   Thumb Code     8  stm32f4xx_sdio.o(.text)
    SDIO_CEATAITCmd                          0x08002403   Thumb Code    12  stm32f4xx_sdio.o(.text)
    SDIO_SendCEATACmd                        0x0800240f   Thumb Code     8  stm32f4xx_sdio.o(.text)
    SDIO_DMACmd                              0x08002417   Thumb Code     8  stm32f4xx_sdio.o(.text)
    SDIO_ITConfig                            0x0800241f   Thumb Code    34  stm32f4xx_sdio.o(.text)
    SDIO_GetFlagStatus                       0x08002441   Thumb Code    22  stm32f4xx_sdio.o(.text)
    SDIO_ClearFlag                           0x08002457   Thumb Code     8  stm32f4xx_sdio.o(.text)
    SDIO_GetITStatus                         0x0800245f   Thumb Code    22  stm32f4xx_sdio.o(.text)
    SDIO_ClearITPendingBit                   0x08002475   Thumb Code     8  stm32f4xx_sdio.o(.text)
    SPI_I2S_DeInit                           0x0800248d   Thumb Code   152  stm32f4xx_spi.o(.text)
    SPI_Init                                 0x08002525   Thumb Code    60  stm32f4xx_spi.o(.text)
    I2S_Init                                 0x08002561   Thumb Code   396  stm32f4xx_spi.o(.text)
    SPI_StructInit                           0x080026ed   Thumb Code    24  stm32f4xx_spi.o(.text)
    I2S_StructInit                           0x08002705   Thumb Code    20  stm32f4xx_spi.o(.text)
    SPI_Cmd                                  0x08002719   Thumb Code    24  stm32f4xx_spi.o(.text)
    I2S_Cmd                                  0x08002731   Thumb Code    24  stm32f4xx_spi.o(.text)
    SPI_DataSizeConfig                       0x08002749   Thumb Code    18  stm32f4xx_spi.o(.text)
    SPI_BiDirectionalLineConfig              0x0800275b   Thumb Code    28  stm32f4xx_spi.o(.text)
    SPI_NSSInternalSoftwareConfig            0x08002777   Thumb Code    30  stm32f4xx_spi.o(.text)
    SPI_SSOutputCmd                          0x08002795   Thumb Code    24  stm32f4xx_spi.o(.text)
    SPI_TIModeCmd                            0x080027ad   Thumb Code    24  stm32f4xx_spi.o(.text)
    I2S_FullDuplexConfig                     0x080027c5   Thumb Code    80  stm32f4xx_spi.o(.text)
    SPI_I2S_ReceiveData                      0x08002815   Thumb Code     6  stm32f4xx_spi.o(.text)
    SPI_I2S_SendData                         0x0800281b   Thumb Code     4  stm32f4xx_spi.o(.text)
    SPI_CalculateCRC                         0x0800281f   Thumb Code    24  stm32f4xx_spi.o(.text)
    SPI_TransmitCRC                          0x08002837   Thumb Code    10  stm32f4xx_spi.o(.text)
    SPI_GetCRC                               0x08002841   Thumb Code    16  stm32f4xx_spi.o(.text)
    SPI_GetCRCPolynomial                     0x08002851   Thumb Code     6  stm32f4xx_spi.o(.text)
    SPI_I2S_DMACmd                           0x08002857   Thumb Code    18  stm32f4xx_spi.o(.text)
    SPI_I2S_ITConfig                         0x08002869   Thumb Code    68  stm32f4xx_spi.o(.text)
    SPI_I2S_GetFlagStatus                    0x080028ad   Thumb Code    18  stm32f4xx_spi.o(.text)
    SPI_I2S_ClearFlag                        0x080028bf   Thumb Code     6  stm32f4xx_spi.o(.text)
    SPI_I2S_GetITStatus                      0x080028c5   Thumb Code    52  stm32f4xx_spi.o(.text)
    SPI_I2S_ClearITPendingBit                0x080028f9   Thumb Code    20  stm32f4xx_spi.o(.text)
    SYSCFG_DeInit                            0x0800290d   Thumb Code    22  stm32f4xx_syscfg.o(.text)
    SYSCFG_MemoryRemapConfig                 0x08002923   Thumb Code     6  stm32f4xx_syscfg.o(.text)
    SYSCFG_MemorySwappingBank                0x08002929   Thumb Code     6  stm32f4xx_syscfg.o(.text)
    SYSCFG_EXTILineConfig                    0x0800292f   Thumb Code    66  stm32f4xx_syscfg.o(.text)
    SYSCFG_ETH_MediaInterfaceConfig          0x08002971   Thumb Code     8  stm32f4xx_syscfg.o(.text)
    SYSCFG_CompensationCellCmd               0x08002979   Thumb Code     6  stm32f4xx_syscfg.o(.text)
    SYSCFG_GetCompensationCellStatus         0x0800297f   Thumb Code    22  stm32f4xx_syscfg.o(.text)
    TIM_DeInit                               0x080029a1   Thumb Code   346  stm32f4xx_tim.o(.text)
    TIM_TimeBaseInit                         0x08002afb   Thumb Code   104  stm32f4xx_tim.o(.text)
    TIM_TimeBaseStructInit                   0x08002b63   Thumb Code    18  stm32f4xx_tim.o(.text)
    TIM_PrescalerConfig                      0x08002b75   Thumb Code     6  stm32f4xx_tim.o(.text)
    TIM_CounterModeConfig                    0x08002b7b   Thumb Code    18  stm32f4xx_tim.o(.text)
    TIM_SetCounter                           0x08002b8d   Thumb Code     4  stm32f4xx_tim.o(.text)
    TIM_SetAutoreload                        0x08002b91   Thumb Code     4  stm32f4xx_tim.o(.text)
    TIM_GetCounter                           0x08002b95   Thumb Code     6  stm32f4xx_tim.o(.text)
    TIM_GetPrescaler                         0x08002b9b   Thumb Code     6  stm32f4xx_tim.o(.text)
    TIM_UpdateDisableConfig                  0x08002ba1   Thumb Code    24  stm32f4xx_tim.o(.text)
    TIM_UpdateRequestConfig                  0x08002bb9   Thumb Code    24  stm32f4xx_tim.o(.text)
    TIM_ARRPreloadConfig                     0x08002bd1   Thumb Code    24  stm32f4xx_tim.o(.text)
    TIM_SelectOnePulseMode                   0x08002be9   Thumb Code    18  stm32f4xx_tim.o(.text)
    TIM_SetClockDivision                     0x08002bfb   Thumb Code    18  stm32f4xx_tim.o(.text)
    TIM_Cmd                                  0x08002c0d   Thumb Code    24  stm32f4xx_tim.o(.text)
    TIM_OC1Init                              0x08002c25   Thumb Code   114  stm32f4xx_tim.o(.text)
    TIM_OC2Init                              0x08002c97   Thumb Code   154  stm32f4xx_tim.o(.text)
    TIM_OC3Init                              0x08002d31   Thumb Code   204  stm32f4xx_tim.o(.text)
    TIM_OC4Init                              0x08002dfd   Thumb Code   112  stm32f4xx_tim.o(.text)
    TIM_OCStructInit                         0x08002e6d   Thumb Code    20  stm32f4xx_tim.o(.text)
    TIM_SelectOCxM                           0x08002e81   Thumb Code    86  stm32f4xx_tim.o(.text)
    TIM_SetCompare1                          0x08002ed7   Thumb Code     4  stm32f4xx_tim.o(.text)
    TIM_SetCompare2                          0x08002edb   Thumb Code     4  stm32f4xx_tim.o(.text)
    TIM_SetCompare3                          0x08002edf   Thumb Code     4  stm32f4xx_tim.o(.text)
    TIM_SetCompare4                          0x08002ee3   Thumb Code     4  stm32f4xx_tim.o(.text)
    TIM_ForcedOC1Config                      0x08002ee7   Thumb Code    18  stm32f4xx_tim.o(.text)
    TIM_ForcedOC2Config                      0x08002ef9   Thumb Code    26  stm32f4xx_tim.o(.text)
    TIM_ForcedOC3Config                      0x08002f13   Thumb Code    18  stm32f4xx_tim.o(.text)
    TIM_ForcedOC4Config                      0x08002f25   Thumb Code    26  stm32f4xx_tim.o(.text)
    TIM_OC1PreloadConfig                     0x08002f3f   Thumb Code    18  stm32f4xx_tim.o(.text)
    TIM_OC2PreloadConfig                     0x08002f51   Thumb Code    26  stm32f4xx_tim.o(.text)
    TIM_OC3PreloadConfig                     0x08002f6b   Thumb Code    18  stm32f4xx_tim.o(.text)
    TIM_OC4PreloadConfig                     0x08002f7d   Thumb Code    26  stm32f4xx_tim.o(.text)
    TIM_OC1FastConfig                        0x08002f97   Thumb Code    18  stm32f4xx_tim.o(.text)
    TIM_OC2FastConfig                        0x08002fa9   Thumb Code    26  stm32f4xx_tim.o(.text)
    TIM_OC3FastConfig                        0x08002fc3   Thumb Code    18  stm32f4xx_tim.o(.text)
    TIM_OC4FastConfig                        0x08002fd5   Thumb Code    26  stm32f4xx_tim.o(.text)
    TIM_ClearOC1Ref                          0x08002fef   Thumb Code    18  stm32f4xx_tim.o(.text)
    TIM_ClearOC2Ref                          0x08003001   Thumb Code    24  stm32f4xx_tim.o(.text)
    TIM_ClearOC3Ref                          0x08003019   Thumb Code    18  stm32f4xx_tim.o(.text)
    TIM_ClearOC4Ref                          0x0800302b   Thumb Code    24  stm32f4xx_tim.o(.text)
    TIM_OC1PolarityConfig                    0x08003043   Thumb Code    18  stm32f4xx_tim.o(.text)
    TIM_OC1NPolarityConfig                   0x08003055   Thumb Code    18  stm32f4xx_tim.o(.text)
    TIM_OC2PolarityConfig                    0x08003067   Thumb Code    26  stm32f4xx_tim.o(.text)
    TIM_OC2NPolarityConfig                   0x08003081   Thumb Code    26  stm32f4xx_tim.o(.text)
    TIM_OC3PolarityConfig                    0x0800309b   Thumb Code    26  stm32f4xx_tim.o(.text)
    TIM_OC3NPolarityConfig                   0x080030b5   Thumb Code    26  stm32f4xx_tim.o(.text)
    TIM_OC4PolarityConfig                    0x080030cf   Thumb Code    26  stm32f4xx_tim.o(.text)
    TIM_CCxCmd                               0x080030e9   Thumb Code    30  stm32f4xx_tim.o(.text)
    TIM_CCxNCmd                              0x08003107   Thumb Code    30  stm32f4xx_tim.o(.text)
    TIM_SetIC4Prescaler                      0x08003125   Thumb Code    26  stm32f4xx_tim.o(.text)
    TIM_SetIC3Prescaler                      0x0800318f   Thumb Code    18  stm32f4xx_tim.o(.text)
    TIM_SetIC2Prescaler                      0x080031e9   Thumb Code    26  stm32f4xx_tim.o(.text)
    TIM_SetIC1Prescaler                      0x0800325d   Thumb Code    18  stm32f4xx_tim.o(.text)
    TIM_ICInit                               0x080032a9   Thumb Code   110  stm32f4xx_tim.o(.text)
    TIM_ICStructInit                         0x08003317   Thumb Code    18  stm32f4xx_tim.o(.text)
    TIM_PWMIConfig                           0x08003329   Thumb Code   124  stm32f4xx_tim.o(.text)
    TIM_GetCapture1                          0x080033a5   Thumb Code     6  stm32f4xx_tim.o(.text)
    TIM_GetCapture2                          0x080033ab   Thumb Code     6  stm32f4xx_tim.o(.text)
    TIM_GetCapture3                          0x080033b1   Thumb Code     6  stm32f4xx_tim.o(.text)
    TIM_GetCapture4                          0x080033b7   Thumb Code     6  stm32f4xx_tim.o(.text)
    TIM_BDTRConfig                           0x080033bd   Thumb Code    32  stm32f4xx_tim.o(.text)
    TIM_BDTRStructInit                       0x080033dd   Thumb Code    18  stm32f4xx_tim.o(.text)
    TIM_CtrlPWMOutputs                       0x080033ef   Thumb Code    30  stm32f4xx_tim.o(.text)
    TIM_SelectCOM                            0x0800340d   Thumb Code    24  stm32f4xx_tim.o(.text)
    TIM_CCPreloadControl                     0x08003425   Thumb Code    24  stm32f4xx_tim.o(.text)
    TIM_ITConfig                             0x0800343d   Thumb Code    18  stm32f4xx_tim.o(.text)
    TIM_GenerateEvent                        0x0800344f   Thumb Code     4  stm32f4xx_tim.o(.text)
    TIM_GetFlagStatus                        0x08003453   Thumb Code    18  stm32f4xx_tim.o(.text)
    TIM_ClearFlag                            0x08003465   Thumb Code     6  stm32f4xx_tim.o(.text)
    TIM_GetITStatus                          0x0800346b   Thumb Code    34  stm32f4xx_tim.o(.text)
    TIM_ClearITPendingBit                    0x0800348d   Thumb Code     6  stm32f4xx_tim.o(.text)
    TIM_DMAConfig                            0x08003493   Thumb Code    10  stm32f4xx_tim.o(.text)
    TIM_DMACmd                               0x0800349d   Thumb Code    18  stm32f4xx_tim.o(.text)
    TIM_SelectCCDMA                          0x080034af   Thumb Code    24  stm32f4xx_tim.o(.text)
    TIM_InternalClockConfig                  0x080034c7   Thumb Code    12  stm32f4xx_tim.o(.text)
    TIM_SelectInputTrigger                   0x080034d3   Thumb Code    18  stm32f4xx_tim.o(.text)
    TIM_ITRxExternalClockConfig              0x080034e5   Thumb Code    24  stm32f4xx_tim.o(.text)
    TIM_TIxExternalClockConfig               0x080034fd   Thumb Code    62  stm32f4xx_tim.o(.text)
    TIM_ETRConfig                            0x0800353b   Thumb Code    28  stm32f4xx_tim.o(.text)
    TIM_ETRClockMode1Config                  0x08003557   Thumb Code    54  stm32f4xx_tim.o(.text)
    TIM_ETRClockMode2Config                  0x0800358d   Thumb Code    32  stm32f4xx_tim.o(.text)
    TIM_SelectOutputTrigger                  0x080035ad   Thumb Code    18  stm32f4xx_tim.o(.text)
    TIM_SelectSlaveMode                      0x080035bf   Thumb Code    18  stm32f4xx_tim.o(.text)
    TIM_SelectMasterSlaveMode                0x080035d1   Thumb Code    18  stm32f4xx_tim.o(.text)
    TIM_EncoderInterfaceConfig               0x080035e3   Thumb Code    66  stm32f4xx_tim.o(.text)
    TIM_SelectHallSensor                     0x08003625   Thumb Code    24  stm32f4xx_tim.o(.text)
    TIM_RemapConfig                          0x0800363d   Thumb Code     6  stm32f4xx_tim.o(.text)
    USART_DeInit                             0x08003645   Thumb Code   206  stm32f4xx_usart.o(.text)
    USART_Init                               0x08003713   Thumb Code   204  stm32f4xx_usart.o(.text)
    USART_StructInit                         0x080037df   Thumb Code    24  stm32f4xx_usart.o(.text)
    USART_ClockInit                          0x080037f7   Thumb Code    32  stm32f4xx_usart.o(.text)
    USART_ClockStructInit                    0x08003817   Thumb Code    12  stm32f4xx_usart.o(.text)
    USART_Cmd                                0x08003823   Thumb Code    24  stm32f4xx_usart.o(.text)
    USART_SetPrescaler                       0x0800383b   Thumb Code    16  stm32f4xx_usart.o(.text)
    USART_OverSampling8Cmd                   0x0800384b   Thumb Code    22  stm32f4xx_usart.o(.text)
    USART_OneBitMethodCmd                    0x08003861   Thumb Code    24  stm32f4xx_usart.o(.text)
    USART_SendData                           0x08003879   Thumb Code     8  stm32f4xx_usart.o(.text)
    USART_ReceiveData                        0x08003881   Thumb Code    10  stm32f4xx_usart.o(.text)
    USART_SetAddress                         0x0800388b   Thumb Code    18  stm32f4xx_usart.o(.text)
    USART_ReceiverWakeUpCmd                  0x0800389d   Thumb Code    24  stm32f4xx_usart.o(.text)
    USART_WakeUpConfig                       0x080038b5   Thumb Code    18  stm32f4xx_usart.o(.text)
    USART_LINBreakDetectLengthConfig         0x080038c7   Thumb Code    18  stm32f4xx_usart.o(.text)
    USART_LINCmd                             0x080038d9   Thumb Code    24  stm32f4xx_usart.o(.text)
    USART_SendBreak                          0x080038f1   Thumb Code    10  stm32f4xx_usart.o(.text)
    USART_HalfDuplexCmd                      0x080038fb   Thumb Code    24  stm32f4xx_usart.o(.text)
    USART_SetGuardTime                       0x08003913   Thumb Code    16  stm32f4xx_usart.o(.text)
    USART_SmartCardCmd                       0x08003923   Thumb Code    24  stm32f4xx_usart.o(.text)
    USART_SmartCardNACKCmd                   0x0800393b   Thumb Code    24  stm32f4xx_usart.o(.text)
    USART_IrDAConfig                         0x08003953   Thumb Code    18  stm32f4xx_usart.o(.text)
    USART_IrDACmd                            0x08003965   Thumb Code    24  stm32f4xx_usart.o(.text)
    USART_DMACmd                             0x0800397d   Thumb Code    18  stm32f4xx_usart.o(.text)
    USART_ITConfig                           0x0800398f   Thumb Code    74  stm32f4xx_usart.o(.text)
    USART_GetFlagStatus                      0x080039d9   Thumb Code    26  stm32f4xx_usart.o(.text)
    USART_ClearFlag                          0x080039f3   Thumb Code    18  stm32f4xx_usart.o(.text)
    USART_GetITStatus                        0x08003a05   Thumb Code   118  stm32f4xx_usart.o(.text)
    USART_ClearITPendingBit                  0x08003a7b   Thumb Code    30  stm32f4xx_usart.o(.text)
    delay_init                               0x08003a99   Thumb Code    52  delay.o(.text)
    delay_us                                 0x08003acd   Thumb Code    72  delay.o(.text)
    delay_xms                                0x08003b15   Thumb Code    72  delay.o(.text)
    delay_ms                                 0x08003b5d   Thumb Code    56  delay.o(.text)
    _sys_exit                                0x08003b9d   Thumb Code     4  usart.o(.text)
    fputc                                    0x08003ba1   Thumb Code    22  usart.o(.text)
    uart_init                                0x08003bb7   Thumb Code   164  usart.o(.text)
    USART1_IRQHandler                        0x08003c5b   Thumb Code   122  usart.o(.text)
    Buzzer_Init                              0x08003ce5   Thumb Code    64  buzzer.o(.text)
    TIM2_Init                                0x08003d25   Thumb Code    94  buzzer.o(.text)
    TIM2_IRQHandler                          0x08003d83   Thumb Code    32  buzzer.o(.text)
    Telemeter_Init                           0x08003da9   Thumb Code    44  hc-sr501.o(.text)
    Telemeter_EXIT_Init                      0x08003dd5   Thumb Code    84  hc-sr501.o(.text)
    EXTI15_10_IRQHandler                     0x08003e29   Thumb Code    22  hc-sr501.o(.text)
    KEY_Init                                 0x08003e45   Thumb Code    52  key.o(.text)
    KEY_EXIT_Init                            0x08003e79   Thumb Code   184  key.o(.text)
    EXTI0_IRQHandler                         0x08003f31   Thumb Code    36  key.o(.text)
    EXTI1_IRQHandler                         0x08003f55   Thumb Code    38  key.o(.text)
    EXTI2_IRQHandler                         0x08003f7b   Thumb Code    34  key.o(.text)
    GSM_Init                                 0x08003fc5   Thumb Code   164  gsm.o(.text)
    USART3_IRQHandler                        0x08004069   Thumb Code   122  gsm.o(.text)
    USART3_Send_data                         0x080040e3   Thumb Code    38  gsm.o(.text)
    USART3_Send_data_value                   0x08004109   Thumb Code    28  gsm.o(.text)
    LCD_WR_REG                               0x08004135   Thumb Code    18  lcd.o(.text)
    LCD_WR_DATA                              0x08004147   Thumb Code    20  lcd.o(.text)
    LCD_RD_DATA                              0x0800415b   Thumb Code    16  lcd.o(.text)
    LCD_WriteReg                             0x0800416b   Thumb Code    14  lcd.o(.text)
    LCD_ReadReg                              0x08004179   Thumb Code    22  lcd.o(.text)
    LCD_WriteRAM_Prepare                     0x0800418f   Thumb Code    10  lcd.o(.text)
    LCD_WriteRAM                             0x08004199   Thumb Code     8  lcd.o(.text)
    LCD_BGR2RGB                              0x080041a1   Thumb Code    26  lcd.o(.text)
    opt_delay                                0x080041bb   Thumb Code    14  lcd.o(.text)
    LCD_SetCursor                            0x080041c9   Thumb Code   282  lcd.o(.text)
    LCD_ReadPoint                            0x080042e3   Thumb Code   132  lcd.o(.text)
    LCD_DisplayOn                            0x08004367   Thumb Code    32  lcd.o(.text)
    LCD_DisplayOff                           0x08004387   Thumb Code    32  lcd.o(.text)
    LCD_Scan_Dir                             0x080043a7   Thumb Code   570  lcd.o(.text)
    LCD_DrawPoint                            0x080045e1   Thumb Code    28  lcd.o(.text)
    LCD_Fast_DrawPoint                       0x080045fd   Thumb Code   238  lcd.o(.text)
    LCD_SSD_BackLightSet                     0x080046eb   Thumb Code    88  lcd.o(.text)
    LCD_Display_Dir                          0x08004743   Thumb Code   298  lcd.o(.text)
    LCD_Set_Window                           0x0800486d   Thumb Code   384  lcd.o(.text)
    LCD_Clear                                0x080049ed   Thumb Code    42  lcd.o(.text)
    LCD_Init                                 0x08004a17   Thumb Code 10318  lcd.o(.text)
    LCD_Fill                                 0x08007265   Thumb Code    82  lcd.o(.text)
    LCD_Color_Fill                           0x080072b7   Thumb Code    92  lcd.o(.text)
    LCD_DrawLine                             0x08007313   Thumb Code   176  lcd.o(.text)
    LCD_DrawRectangle                        0x080073c3   Thumb Code    60  lcd.o(.text)
    LCD_Draw_Circle                          0x080073ff   Thumb Code   152  lcd.o(.text)
    LCD_ShowChar                             0x08007497   Thumb Code   284  lcd.o(.text)
    LCD_Pow                                  0x080075b3   Thumb Code    22  lcd.o(.text)
    LCD_ShowNum                              0x080075c9   Thumb Code   148  lcd.o(.text)
    LCD_ShowxNum                             0x0800765d   Thumb Code   190  lcd.o(.text)
    LCD_ShowString                           0x0800771b   Thumb Code   102  lcd.o(.text)
    LCD_Static_Display                       0x08007781   Thumb Code   318  lcd.o(.text)
    LCD_Dynamic_Display                      0x080078bf   Thumb Code   352  lcd.o(.text)
    TIM3_Int_Init                            0x08007a35   Thumb Code    88  timer.o(.text)
    TIM3_IRQHandler                          0x08007a8d   Thumb Code    40  timer.o(.text)
    DCMI_IRQHandler                          0x08007ac9   Thumb Code    50  dcmi.o(.text)
    DCMI_DMA_Init                            0x08007afb   Thumb Code   172  dcmi.o(.text)
    DMA2_Stream1_IRQHandler                  0x08007ba7   Thumb Code    30  dcmi.o(.text)
    My_DCMI_Init                             0x08007bc5   Thumb Code   278  dcmi.o(.text)
    DCMI_Start                               0x08007cdb   Thumb Code    30  dcmi.o(.text)
    DCMI_Stop                                0x08007cf9   Thumb Code    34  dcmi.o(.text)
    DCMI_Set_Window                          0x08007d1b   Thumb Code    74  dcmi.o(.text)
    DCMI_CR_Set                              0x08007d65   Thumb Code    58  dcmi.o(.text)
    OV2640_Init                              0x08007dcd   Thumb Code   228  ov2640.o(.text)
    OV2640_JPEG_Mode                         0x08007eb1   Thumb Code    66  ov2640.o(.text)
    OV2640_RGB565_Mode                       0x08007ef3   Thumb Code    36  ov2640.o(.text)
    OV2640_Auto_Exposure                     0x08007f17   Thumb Code    40  ov2640.o(.text)
    OV2640_Light_Mode                        0x08007f3f   Thumb Code   118  ov2640.o(.text)
    OV2640_Color_Saturation                  0x08007fb5   Thumb Code    64  ov2640.o(.text)
    OV2640_Brightness                        0x08007ff5   Thumb Code    56  ov2640.o(.text)
    OV2640_Contrast                          0x0800802d   Thumb Code   116  ov2640.o(.text)
    OV2640_Special_Effects                   0x080080a1   Thumb Code   122  ov2640.o(.text)
    OV2640_Color_Bar                         0x0800811b   Thumb Code    40  ov2640.o(.text)
    OV2640_Window_Set                        0x08008143   Thumb Code   214  ov2640.o(.text)
    OV2640_OutSize_Set                       0x08008219   Thumb Code   136  ov2640.o(.text)
    OV2640_ImageWin_Set                      0x080082a1   Thumb Code   188  ov2640.o(.text)
    OV2640_ImageSize_Set                     0x0800835d   Thumb Code    80  ov2640.o(.text)
    SCCB_Init                                0x080083ad   Thumb Code    78  sccb.o(.text)
    SCCB_Start                               0x080083fb   Thumb Code    42  sccb.o(.text)
    SCCB_Stop                                0x08008425   Thumb Code    42  sccb.o(.text)
    SCCB_No_Ack                              0x0800844f   Thumb Code    56  sccb.o(.text)
    SCCB_WR_Byte                             0x08008487   Thumb Code   154  sccb.o(.text)
    SCCB_RD_Byte                             0x08008521   Thumb Code   104  sccb.o(.text)
    SCCB_WR_Reg                              0x08008589   Thumb Code    62  sccb.o(.text)
    SCCB_RD_Reg                              0x080085c7   Thumb Code    78  sccb.o(.text)
    FSMC_SRAM_Init                           0x08008621   Thumb Code   694  sram.o(.text)
    FSMC_SRAM_WriteBuffer                    0x080088d7   Thumb Code    24  sram.o(.text)
    FSMC_SRAM_ReadBuffer                     0x080088ef   Thumb Code    22  sram.o(.text)
    SDIO_Register_Deinit                     0x08008919   Thumb Code    48  sdio_sdcard.o(.text)
    SD_SetDeviceMode                         0x08008949   Thumb Code    20  sdio_sdcard.o(.text)
    SDIO_Clock_Set                           0x0800895d   Thumb Code    18  sdio_sdcard.o(.text)
    CmdResp1Error                            0x0800896f   Thumb Code    96  sdio_sdcard.o(.text)
    FindSCR                                  0x080089cf   Thumb Code   390  sdio_sdcard.o(.text)
    SDEnWideBus                              0x08008b55   Thumb Code   160  sdio_sdcard.o(.text)
    SD_EnableWideBusOperation                0x08008bf5   Thumb Code    98  sdio_sdcard.o(.text)
    SD_SelectDeselect                        0x08008c57   Thumb Code    42  sdio_sdcard.o(.text)
    SD_GetCardInfo                           0x08008c81   Thumb Code   806  sdio_sdcard.o(.text)
    CmdResp2Error                            0x08008fa7   Thumb Code    80  sdio_sdcard.o(.text)
    CmdResp6Error                            0x08008ff7   Thumb Code   144  sdio_sdcard.o(.text)
    SD_InitializeCards                       0x08009087   Thumb Code   354  sdio_sdcard.o(.text)
    CmdResp3Error                            0x080091e9   Thumb Code    52  sdio_sdcard.o(.text)
    CmdResp7Error                            0x0800921d   Thumb Code    72  sdio_sdcard.o(.text)
    CmdError                                 0x08009265   Thumb Code    48  sdio_sdcard.o(.text)
    SD_PowerON                               0x08009295   Thumb Code   460  sdio_sdcard.o(.text)
    SD_Init                                  0x08009461   Thumb Code   334  sdio_sdcard.o(.text)
    SD_PowerOFF                              0x080095af   Thumb Code    12  sdio_sdcard.o(.text)
    SD_DMA_Config                            0x080095bb   Thumb Code   118  sdio_sdcard.o(.text)
    convert_from_bytes_to_power_of_two       0x08009631   Thumb Code    18  sdio_sdcard.o(.text)
    SD_ReadBlock                             0x08009643   Thumb Code   578  sdio_sdcard.o(.text)
    SD_ReadMultiBlocks                       0x08009885   Thumb Code   762  sdio_sdcard.o(.text)
    IsCardProgramming                        0x08009b7f   Thumb Code   150  sdio_sdcard.o(.text)
    SD_WriteBlock                            0x08009c15   Thumb Code   914  sdio_sdcard.o(.text)
    SD_WriteMultiBlocks                      0x08009fa7   Thumb Code   976  sdio_sdcard.o(.text)
    SD_ProcessIRQSrc                         0x0800a377   Thumb Code   322  sdio_sdcard.o(.text)
    SDIO_IRQHandler                          0x0800a4b9   Thumb Code     8  sdio_sdcard.o(.text)
    SD_SendStatus                            0x0800a4c1   Thumb Code    74  sdio_sdcard.o(.text)
    SD_GetState                              0x0800a50b   Thumb Code    26  sdio_sdcard.o(.text)
    SD_ReadDisk                              0x0800a525   Thumb Code   188  sdio_sdcard.o(.text)
    SD_WriteDisk                             0x0800a5e1   Thumb Code   148  sdio_sdcard.o(.text)
    W25QXX_ReadID                            0x0800a679   Thumb Code    64  w25qxx.o(.text)
    W25QXX_Init                              0x0800a6b9   Thumb Code   102  w25qxx.o(.text)
    W25QXX_ReadSR                            0x0800a71f   Thumb Code    36  w25qxx.o(.text)
    W25QXX_Write_SR                          0x0800a743   Thumb Code    32  w25qxx.o(.text)
    W25QXX_Write_Enable                      0x0800a763   Thumb Code    24  w25qxx.o(.text)
    W25QXX_Write_Disable                     0x0800a77b   Thumb Code    24  w25qxx.o(.text)
    W25QXX_Read                              0x0800a793   Thumb Code    74  w25qxx.o(.text)
    W25QXX_Wait_Busy                         0x0800a7dd   Thumb Code    18  w25qxx.o(.text)
    W25QXX_Write_Page                        0x0800a7ef   Thumb Code    80  w25qxx.o(.text)
    W25QXX_Write_NoCheck                     0x0800a83f   Thumb Code    70  w25qxx.o(.text)
    W25QXX_Erase_Sector                      0x0800a885   Thumb Code    70  w25qxx.o(.text)
    W25QXX_Write                             0x0800a8cb   Thumb Code   180  w25qxx.o(.text)
    W25QXX_Erase_Chip                        0x0800a97f   Thumb Code    36  w25qxx.o(.text)
    W25QXX_PowerDown                         0x0800a9a3   Thumb Code    30  w25qxx.o(.text)
    W25QXX_WAKEUP                            0x0800a9c1   Thumb Code    30  w25qxx.o(.text)
    SPI1_ReadWriteByte                       0x0800aa01   Thumb Code    50  spi.o(.text)
    SPI1_Init                                0x0800aa33   Thumb Code   186  spi.o(.text)
    SPI1_SetSpeed                            0x0800aaed   Thumb Code    36  spi.o(.text)
    mymemcpy                                 0x0800ab19   Thumb Code    26  malloc.o(.text)
    mymemset                                 0x0800ab33   Thumb Code    20  malloc.o(.text)
    my_mem_init                              0x0800ab47   Thumb Code    54  malloc.o(.text)
    my_mem_perused                           0x0800ab7d   Thumb Code    54  malloc.o(.text)
    my_mem_malloc                            0x0800abb3   Thumb Code   154  malloc.o(.text)
    my_mem_free                              0x0800ac4d   Thumb Code    94  malloc.o(.text)
    myfree                                   0x0800acab   Thumb Code    32  malloc.o(.text)
    mymalloc                                 0x0800accb   Thumb Code    36  malloc.o(.text)
    myrealloc                                0x0800acef   Thumb Code    68  malloc.o(.text)
    disk_initialize                          0x0800ad45   Thumb Code    52  diskio.o(.text)
    disk_status                              0x0800ad79   Thumb Code     6  diskio.o(.text)
    disk_read                                0x0800ad7f   Thumb Code   122  diskio.o(.text)
    disk_write                               0x0800adf9   Thumb Code   122  diskio.o(.text)
    disk_ioctl                               0x0800ae73   Thumb Code   170  diskio.o(.text)
    get_fattime                              0x0800af1d   Thumb Code     4  diskio.o(.text)
    ff_memalloc                              0x0800af21   Thumb Code    14  diskio.o(.text)
    ff_memfree                               0x0800af2f   Thumb Code    14  diskio.o(.text)
    clust2sect                               0x0800b0f3   Thumb Code    26  ff.o(.text)
    get_fat                                  0x0800b10d   Thumb Code   232  ff.o(.text)
    put_fat                                  0x0800b1f5   Thumb Code   310  ff.o(.text)
    dir_sdi                                  0x0800b49f   Thumb Code   158  ff.o(.text)
    f_mount                                  0x0800c511   Thumb Code    86  ff.o(.text)
    f_open                                   0x0800c567   Thumb Code   384  ff.o(.text)
    f_read                                   0x0800c6e7   Thumb Code   448  ff.o(.text)
    f_write                                  0x0800c8a7   Thumb Code   490  ff.o(.text)
    f_sync                                   0x0800ca91   Thumb Code   176  ff.o(.text)
    f_close                                  0x0800cb41   Thumb Code    36  ff.o(.text)
    f_lseek                                  0x0800cb65   Thumb Code   654  ff.o(.text)
    f_opendir                                0x0800cdf3   Thumb Code   136  ff.o(.text)
    f_closedir                               0x0800ce7b   Thumb Code    22  ff.o(.text)
    f_readdir                                0x0800ce91   Thumb Code   114  ff.o(.text)
    f_stat                                   0x0800cf03   Thumb Code    84  ff.o(.text)
    f_getfree                                0x0800cf57   Thumb Code   258  ff.o(.text)
    f_truncate                               0x0800d059   Thumb Code   184  ff.o(.text)
    f_unlink                                 0x0800d111   Thumb Code   194  ff.o(.text)
    f_mkdir                                  0x0800d1d3   Thumb Code   380  ff.o(.text)
    f_chmod                                  0x0800d34f   Thumb Code   112  ff.o(.text)
    f_utime                                  0x0800d3bf   Thumb Code   110  ff.o(.text)
    f_rename                                 0x0800d42d   Thumb Code   314  ff.o(.text)
    f_getlabel                               0x0800d567   Thumb Code   190  ff.o(.text)
    f_setlabel                               0x0800d625   Thumb Code   470  ff.o(.text)
    f_mkfs                                   0x0800d7fb   Thumb Code  1570  ff.o(.text)
    f_gets                                   0x0800de1d   Thumb Code    82  ff.o(.text)
    f_putc                                   0x0800deb3   Thumb Code    64  ff.o(.text)
    f_puts                                   0x0800def3   Thumb Code    74  ff.o(.text)
    f_printf                                 0x0800df3d   Thumb Code   674  ff.o(.text)
    exfuns_init                              0x0800e1e1   Thumb Code   114  exfuns.o(.text)
    char_upper                               0x0800e253   Thumb Code    26  exfuns.o(.text)
    f_typetell                               0x0800e26d   Thumb Code   172  exfuns.o(.text)
    exf_getfree                              0x0800e319   Thumb Code    74  exfuns.o(.text)
    ff_convert                               0x0800e379   Thumb Code   146  mycc936.o(.text)
    ff_wtoupper                              0x0800e40b   Thumb Code    46  mycc936.o(.text)
    Get_HzMat                                0x0800e445   Thumb Code   220  text.o(.text)
    Show_Font                                0x0800e521   Thumb Code   190  text.o(.text)
    Show_Str                                 0x0800e5df   Thumb Code   192  text.o(.text)
    Show_Str_Mid                             0x0800e69f   Thumb Code   106  text.o(.text)
    stdbmp_decode                            0x0800e719   Thumb Code   712  bmp.o(.text)
    minibmp_decode                           0x0800e9e1   Thumb Code   932  bmp.o(.text)
    bmp_encode                               0x0800ed85   Thumb Code   486  bmp.o(.text)
    gif_check_head                           0x0800ef79   Thumb Code    88  gif.o(.text)
    gif_getrgb565                            0x0800efd1   Thumb Code    28  gif.o(.text)
    gif_readcolortbl                         0x0800efed   Thumb Code    64  gif.o(.text)
    gif_getinfo                              0x0800f02d   Thumb Code    70  gif.o(.text)
    gif_savegctbl                            0x0800f073   Thumb Code    38  gif.o(.text)
    gif_recovergctbl                         0x0800f099   Thumb Code    38  gif.o(.text)
    gif_initlzw                              0x0800f0bf   Thumb Code   152  gif.o(.text)
    gif_getdatablock                         0x0800f157   Thumb Code    96  gif.o(.text)
    gif_readextension                        0x0800f1b7   Thumb Code   160  gif.o(.text)
    gif_getnextcode                          0x0800f257   Thumb Code   452  gif.o(.text)
    gif_getnextbyte                          0x0800f41b   Thumb Code   856  gif.o(.text)
    gif_dispimage                            0x0800f773   Thumb Code   544  gif.o(.text)
    gif_clear2bkcolor                        0x0800f993   Thumb Code   496  gif.o(.text)
    gif_drawimage                            0x0800fb83   Thumb Code   352  gif.o(.text)
    gif_quit                                 0x0800fce3   Thumb Code     8  gif.o(.text)
    gif_decode                               0x0800fceb   Thumb Code   296  gif.o(.text)
    piclib_draw_hline                        0x0800fe19   Thumb Code    52  piclib.o(.text)
    piclib_fill_color                        0x0800fe4d   Thumb Code    44  piclib.o(.text)
    piclib_init                              0x0800fe79   Thumb Code    62  piclib.o(.text)
    piclib_alpha_blend                       0x0800feb7   Thumb Code    42  piclib.o(.text)
    ai_draw_init                             0x0800fee1   Thumb Code   216  piclib.o(.text)
    is_element_ok                            0x0800ffb9   Thumb Code    36  piclib.o(.text)
    ai_load_picfile                          0x0800ffdd   Thumb Code   194  piclib.o(.text)
    pic_memalloc                             0x0801009f   Thumb Code    14  piclib.o(.text)
    pic_memfree                              0x080100ad   Thumb Code    14  piclib.o(.text)
    jd_prepare                               0x08010c7d   Thumb Code   924  tjpgd.o(.text)
    jd_decomp                                0x08011019   Thumb Code   162  tjpgd.o(.text)
    jpeg_mallocall                           0x080110bb   Thumb Code    70  tjpgd.o(.text)
    jpeg_freeall                             0x08011101   Thumb Code    28  tjpgd.o(.text)
    jpeg_in_func                             0x0801111d   Thumb Code    48  tjpgd.o(.text)
    jpeg_out_func_fill                       0x0801114d   Thumb Code    74  tjpgd.o(.text)
    jpeg_out_func_point                      0x08011197   Thumb Code   182  tjpgd.o(.text)
    jpg_decode                               0x0801124d   Thumb Code   234  tjpgd.o(.text)
    __use_no_semihosting                     0x0801134d   Thumb Code     2  use_no_semi_2.o(.text)
    __aeabi_ldivmod                          0x0801134f   Thumb Code     0  llsdiv.o(.text)
    _ll_sdiv                                 0x0801134f   Thumb Code    72  llsdiv.o(.text)
    __2printf                                0x08011399   Thumb Code    20  noretval__2printf.o(.text)
    __2sprintf                               0x080113b1   Thumb Code    34  noretval__2sprintf.o(.text)
    _printf_pre_padding                      0x080113d9   Thumb Code    44  _printf_pad.o(.text)
    _printf_post_padding                     0x08011405   Thumb Code    34  _printf_pad.o(.text)
    _printf_int_dec                          0x08011429   Thumb Code   104  _printf_dec.o(.text)
    _printf_int_hex                          0x080114a1   Thumb Code    84  _printf_hex_int.o(.text)
    _printf_longlong_hex                     0x080114a1   Thumb Code     0  _printf_hex_int.o(.text)
    __printf                                 0x080114f9   Thumb Code   308  __printf_flags_wp.o(.text)
    strcpy                                   0x08011631   Thumb Code    72  strcpy.o(.text)
    strlen                                   0x08011679   Thumb Code    62  strlen.o(.text)
    __aeabi_memcpy                           0x080116b7   Thumb Code     0  rt_memcpy_v6.o(.text)
    __rt_memcpy                              0x080116b7   Thumb Code   138  rt_memcpy_v6.o(.text)
    _memcpy_lastbytes                        0x0801171d   Thumb Code     0  rt_memcpy_v6.o(.text)
    strcmp                                   0x08011741   Thumb Code   128  strcmpv7m.o(.text)
    __use_two_region_memory                  0x080117c1   Thumb Code     2  heapauxi.o(.text)
    __rt_heap_escrow$2region                 0x080117c3   Thumb Code     2  heapauxi.o(.text)
    __rt_heap_expand$2region                 0x080117c5   Thumb Code     2  heapauxi.o(.text)
    __I$use$semihosting                      0x080117c7   Thumb Code     0  use_no_semi.o(.text)
    __use_no_semihosting_swi                 0x080117c7   Thumb Code     2  use_no_semi.o(.text)
    __aeabi_uldivmod                         0x080117c9   Thumb Code     0  lludivv7m.o(.text)
    _ll_udiv                                 0x080117c9   Thumb Code   238  lludivv7m.o(.text)
    _printf_int_common                       0x080118b7   Thumb Code   178  _printf_intcommon.o(.text)
    _printf_char_common                      0x08011973   Thumb Code    32  _printf_char_common.o(.text)
    _sputc                                   0x08011999   Thumb Code    10  _sputc.o(.text)
    _printf_char_file                        0x080119a5   Thumb Code    32  _printf_char_file.o(.text)
    __aeabi_memcpy4                          0x080119c9   Thumb Code     0  rt_memcpy_w.o(.text)
    __aeabi_memcpy8                          0x080119c9   Thumb Code     0  rt_memcpy_w.o(.text)
    __rt_memcpy_w                            0x080119c9   Thumb Code   100  rt_memcpy_w.o(.text)
    _memcpy_lastbytes_aligned                0x08011a11   Thumb Code     0  rt_memcpy_w.o(.text)
    ferror                                   0x08011a2d   Thumb Code     8  ferror.o(.text)
    __user_setup_stackheap                   0x08011a35   Thumb Code    74  sys_stackheap_outer.o(.text)
    exit                                     0x08011a7f   Thumb Code    18  exit.o(.text)
    __user_libspace                          0x08011a91   Thumb Code     8  libspace.o(.text)
    __user_perproc_libspace                  0x08011a91   Thumb Code     0  libspace.o(.text)
    __user_perthread_libspace                0x08011a91   Thumb Code     0  libspace.o(.text)
    _is_digit                                0x08011a99   Thumb Code    14  __printf_wp.o(i._is_digit)
    __aeabi_d2uiz                            0x08011aa9   Thumb Code     0  dfixu.o(x$fpl$dfixu)
    _dfixu                                   0x08011aa9   Thumb Code    90  dfixu.o(x$fpl$dfixu)
    __aeabi_ui2d                             0x08011b03   Thumb Code     0  dflt_clz.o(x$fpl$dfltu)
    _dfltu                                   0x08011b03   Thumb Code    38  dflt_clz.o(x$fpl$dfltu)
    __aeabi_dmul                             0x08011b29   Thumb Code     0  dmul.o(x$fpl$dmul)
    _dmul                                    0x08011b29   Thumb Code   332  dmul.o(x$fpl$dmul)
    __fpl_dnaninf                            0x08011c7d   Thumb Code   156  dnaninf.o(x$fpl$dnaninf)
    __fpl_dretinf                            0x08011d19   Thumb Code    12  dretinf.o(x$fpl$dretinf)
    _fp_init                                 0x08011d25   Thumb Code    10  fpinit.o(x$fpl$fpinit)
    __fplib_config_fpu_vfp                   0x08011d2d   Thumb Code     0  fpinit.o(x$fpl$fpinit)
    __fplib_config_pureend_doubles           0x08011d2d   Thumb Code     0  fpinit.o(x$fpl$fpinit)
    __I$use$fp                               0x08011d2e   Number         0  usenofp.o(x$fpl$usenofp)
    FSMC_DefaultTimingStruct                 0x08011d30   Data          28  stm32f4xx_fsmc.o(.constdata)
    asc2_1206                                0x08011d4c   Data        1140  lcd.o(.constdata)
    asc2_1608                                0x080121c0   Data        1520  lcd.o(.constdata)
    asc2_2412                                0x080127b0   Data        3420  lcd.o(.constdata)
    ov2640_sxga_init_reg_tbl                 0x0801350c   Data         356  ov2640.o(.constdata)
    ov2640_svga_init_reg_tbl                 0x08013670   Data         354  ov2640.o(.constdata)
    ov2640_jpeg_reg_tbl                      0x080137d2   Data          14  ov2640.o(.constdata)
    ov2640_rgb565_reg_tbl                    0x080137e0   Data          28  ov2640.o(.constdata)
    ov2640_yuv422_reg_tbl                    0x080137fc   Data          16  ov2640.o(.constdata)
    memtblsize                               0x08013834   Data          12  malloc.o(.constdata)
    memblksize                               0x08013840   Data          12  malloc.o(.constdata)
    memsize                                  0x0801384c   Data          12  malloc.o(.constdata)
    FILE_TYPE_TBL                            0x08013894   Data         112  exfuns.o(.constdata)
    _aMaskTbl                                0x08013cc4   Data          32  gif.o(.constdata)
    _aInterlaceOffset                        0x08013ce4   Data           4  gif.o(.constdata)
    _aInterlaceYPos                          0x08013ce8   Data           4  gif.o(.constdata)
    Region$$Table$$Base                      0x0801422c   Number         0  anon$$obj.o(Region$$Table)
    Region$$Table$$Limit                     0x0801424c   Number         0  anon$$obj.o(Region$$Table)
    mem3base                                 0x10000000   Data       61440  malloc.o(.ARM.__AT_0x10000000)
    mem3mapbase                              0x1000f000   Data        3840  malloc.o(.ARM.__AT_0x1000F000)
    KEY_GSM_flag                             0x20000000   Data           1  main.o(.data)
    KEY_WS2812B_flag                         0x20000001   Data           1  main.o(.data)
    KEY_Buzzer_flag                          0x20000002   Data           1  main.o(.data)
    KEY_Camera_flag                          0x20000003   Data           1  main.o(.data)
    KEY_Microphone_flag                      0x20000004   Data           1  main.o(.data)
    KEY_Camera_BMP                           0x20000005   Data           1  main.o(.data)
    Camera_flag                              0x20000006   Data           1  main.o(.data)
    BMP_GSM                                  0x20000007   Data           1  main.o(.data)
    Microphone_flag                          0x20000008   Data           1  main.o(.data)
    Record_Star                              0x20000009   Data           1  main.o(.data)
    Record_End                               0x2000000a   Data           1  main.o(.data)
    Record_Play                              0x2000000b   Data           1  main.o(.data)
    voice_flag                               0x2000000c   Data           1  main.o(.data)
    hsync_int                                0x2000000d   Data           1  main.o(.data)
    ov2640_mode                              0x2000000e   Data           1  main.o(.data)
    jpeg_data_len                            0x20000010   Data           4  main.o(.data)
    jpeg_data_ok                             0x20000014   Data           1  main.o(.data)
    jpeg_buf0                                0x20000018   Data           4  main.o(.data)
    jpeg_buf1                                0x2000001c   Data           4  main.o(.data)
    jpeg_data_buf                            0x20000020   Data           4  main.o(.data)
    SystemCoreClock                          0x20000024   Data           4  system_stm32f4xx.o(.data)
    AHBPrescTable                            0x20000028   Data          16  system_stm32f4xx.o(.data)
    __stdout                                 0x2000004c   Data           4  usart.o(.data)
    USART_RX_STA                             0x20000050   Data           2  usart.o(.data)
    USART_RX_STA_3                           0x20000052   Data           2  gsm.o(.data)
    POINT_COLOR                              0x20000054   Data           2  lcd.o(.data)
    BACK_COLOR                               0x20000056   Data           2  lcd.o(.data)
    ov_frame                                 0x20000058   Data           1  dcmi.o(.data)
    dcmi_rx_callback                         0x2000005c   Data           4  dcmi.o(.data)
    TransferError                            0x2000006a   Data           1  sdio_sdcard.o(.data)
    TransferEnd                              0x2000006b   Data           1  sdio_sdcard.o(.data)
    tempbuff                                 0x2000006c   Data           4  sdio_sdcard.o(.data)
    W25QXX_TYPE                              0x20000070   Data           2  w25qxx.o(.data)
    mallco_dev                               0x20000074   Data          36  malloc.o(.data)
    FLASH_SECTOR_COUNT                       0x20000098   Data           2  diskio.o(.data)
    file                                     0x2000009c   Data           4  exfuns.o(.data)
    ftemp                                    0x200000a0   Data           4  exfuns.o(.data)
    br                                       0x200000a4   Data           4  exfuns.o(.data)
    bw                                       0x200000a8   Data           4  exfuns.o(.data)
    fatbuf                                   0x200000ac   Data           4  exfuns.o(.data)
    gifdecoding                              0x200000b0   Data           1  gif.o(.data)
    f_jpeg                                   0x200000b4   Data           4  tjpgd.o(.data)
    jpeg_dev                                 0x200000b8   Data           4  tjpgd.o(.data)
    jpg_buffer                               0x200000bc   Data           4  tjpgd.o(.data)
    USART_RX_BUF                             0x200000c0   Data         200  usart.o(.bss)
    USART_RX_BUF_3                           0x20000188   Data         200  gsm.o(.bss)
    lcddev                                   0x20000250   Data          14  lcd.o(.bss)
    DCMI_InitStructure                       0x2000025e   Data          14  dcmi.o(.bss)
    SDIO_InitStructure                       0x20000270   Data          24  sdio_sdcard.o(.bss)
    SDIO_CmdInitStructure                    0x20000288   Data          20  sdio_sdcard.o(.bss)
    SDIO_DataInitStructure                   0x2000029c   Data          24  sdio_sdcard.o(.bss)
    SDCardInfo                               0x200002d8   Data          88  sdio_sdcard.o(.bss)
    SDIO_DATA_BUFFER                         0x20000330   Data         512  sdio_sdcard.o(.bss)
    W25QXX_BUFFER                            0x20000530   Data        4096  w25qxx.o(.bss)
    mem1base                                 0x20001540   Data       102400  malloc.o(.bss)
    mem1mapbase                              0x2001a540   Data        6400  malloc.o(.bss)
    fs                                       0x2001be4c   Data          12  exfuns.o(.bss)
    fileinfo                                 0x2001be58   Data          32  exfuns.o(.bss)
    dir                                      0x2001be78   Data          36  exfuns.o(.bss)
    ftinfo                                   0x2001be9c   Data          33  fontupd.o(.bss)
    picinfo                                  0x2001bec0   Data          40  piclib.o(.bss)
    pic_phy                                  0x2001bee8   Data          20  piclib.o(.bss)
    __libspace_start                         0x2001befc   Data          96  libspace.o(.bss)
    __temporary_stack_top$libspace           0x2001bf5c   Data           0  libspace.o(.bss)
    mem2base                                 0x68000000   Data       983040  malloc.o(.ARM.__AT_0x68000000)
    mem2mapbase                              0x680f0000   Data       61440  malloc.o(.ARM.__AT_0x680F0000)



==============================================================================

Memory Map of the image

  Image Entry point : 0x08000189

  Load Region LR_IROM1 (Base: 0x08000000, Size: 0x0001430c, Max: 0x00100000, ABSOLUTE)

    Execution Region ER_IROM1 (Base: 0x08000000, Size: 0x0001424c, Max: 0x00100000, ABSOLUTE)

    Base Addr    Size         Type   Attr      Idx    E Section Name        Object

    0x08000000   0x00000188   Data   RO          319    RESET               startup_stm32f40_41xxx.o
    0x08000188   0x00000008   Code   RO         1870  * !!!main             c_w.l(__main.o)
    0x08000190   0x00000034   Code   RO         2073    !!!scatter          c_w.l(__scatter.o)
    0x080001c4   0x0000001a   Code   RO         2075    !!handler_copy      c_w.l(__scatter_copy.o)
    0x080001de   0x00000002   PAD
    0x080001e0   0x0000001c   Code   RO         2077    !!handler_zi        c_w.l(__scatter_zi.o)
    0x080001fc   0x00000000   Code   RO         1857    .ARM.Collect$$_printf_percent$$00000000  c_w.l(_printf_percent.o)
    0x080001fc   0x00000006   Code   RO         1856    .ARM.Collect$$_printf_percent$$00000009  c_w.l(_printf_d.o)
    0x08000202   0x00000006   Code   RO         1855    .ARM.Collect$$_printf_percent$$0000000C  c_w.l(_printf_x.o)
    0x08000208   0x00000004   Code   RO         1899    .ARM.Collect$$_printf_percent$$00000017  c_w.l(_printf_percent_end.o)
    0x0800020c   0x00000002   Code   RO         1943    .ARM.Collect$$libinit$$00000000  c_w.l(libinit.o)
    0x0800020e   0x00000004   Code   RO         1953    .ARM.Collect$$libinit$$00000001  c_w.l(libinit2.o)
    0x08000212   0x00000000   Code   RO         1956    .ARM.Collect$$libinit$$00000004  c_w.l(libinit2.o)
    0x08000212   0x00000000   Code   RO         1959    .ARM.Collect$$libinit$$0000000A  c_w.l(libinit2.o)
    0x08000212   0x00000000   Code   RO         1961    .ARM.Collect$$libinit$$0000000C  c_w.l(libinit2.o)
    0x08000212   0x00000000   Code   RO         1963    .ARM.Collect$$libinit$$0000000E  c_w.l(libinit2.o)
    0x08000212   0x00000000   Code   RO         1966    .ARM.Collect$$libinit$$00000011  c_w.l(libinit2.o)
    0x08000212   0x00000000   Code   RO         1968    .ARM.Collect$$libinit$$00000013  c_w.l(libinit2.o)
    0x08000212   0x00000000   Code   RO         1970    .ARM.Collect$$libinit$$00000015  c_w.l(libinit2.o)
    0x08000212   0x00000000   Code   RO         1972    .ARM.Collect$$libinit$$00000017  c_w.l(libinit2.o)
    0x08000212   0x00000000   Code   RO         1974    .ARM.Collect$$libinit$$00000019  c_w.l(libinit2.o)
    0x08000212   0x00000000   Code   RO         1976    .ARM.Collect$$libinit$$0000001B  c_w.l(libinit2.o)
    0x08000212   0x00000000   Code   RO         1978    .ARM.Collect$$libinit$$0000001D  c_w.l(libinit2.o)
    0x08000212   0x00000000   Code   RO         1980    .ARM.Collect$$libinit$$0000001F  c_w.l(libinit2.o)
    0x08000212   0x00000000   Code   RO         1982    .ARM.Collect$$libinit$$00000021  c_w.l(libinit2.o)
    0x08000212   0x00000000   Code   RO         1984    .ARM.Collect$$libinit$$00000023  c_w.l(libinit2.o)
    0x08000212   0x00000000   Code   RO         1986    .ARM.Collect$$libinit$$00000025  c_w.l(libinit2.o)
    0x08000212   0x00000000   Code   RO         1990    .ARM.Collect$$libinit$$0000002C  c_w.l(libinit2.o)
    0x08000212   0x00000000   Code   RO         1992    .ARM.Collect$$libinit$$0000002E  c_w.l(libinit2.o)
    0x08000212   0x00000000   Code   RO         1994    .ARM.Collect$$libinit$$00000030  c_w.l(libinit2.o)
    0x08000212   0x00000000   Code   RO         1996    .ARM.Collect$$libinit$$00000032  c_w.l(libinit2.o)
    0x08000212   0x00000002   Code   RO         1997    .ARM.Collect$$libinit$$00000033  c_w.l(libinit2.o)
    0x08000214   0x00000002   Code   RO         2025    .ARM.Collect$$libshutdown$$00000000  c_w.l(libshutdown.o)
    0x08000216   0x00000000   Code   RO         2039    .ARM.Collect$$libshutdown$$00000002  c_w.l(libshutdown2.o)
    0x08000216   0x00000000   Code   RO         2041    .ARM.Collect$$libshutdown$$00000004  c_w.l(libshutdown2.o)
    0x08000216   0x00000000   Code   RO         2044    .ARM.Collect$$libshutdown$$00000007  c_w.l(libshutdown2.o)
    0x08000216   0x00000000   Code   RO         2047    .ARM.Collect$$libshutdown$$0000000A  c_w.l(libshutdown2.o)
    0x08000216   0x00000000   Code   RO         2049    .ARM.Collect$$libshutdown$$0000000C  c_w.l(libshutdown2.o)
    0x08000216   0x00000000   Code   RO         2052    .ARM.Collect$$libshutdown$$0000000F  c_w.l(libshutdown2.o)
    0x08000216   0x00000002   Code   RO         2053    .ARM.Collect$$libshutdown$$00000010  c_w.l(libshutdown2.o)
    0x08000218   0x00000000   Code   RO         1886    .ARM.Collect$$rtentry$$00000000  c_w.l(__rtentry.o)
    0x08000218   0x00000000   Code   RO         1908    .ARM.Collect$$rtentry$$00000002  c_w.l(__rtentry2.o)
    0x08000218   0x00000006   Code   RO         1920    .ARM.Collect$$rtentry$$00000004  c_w.l(__rtentry4.o)
    0x0800021e   0x00000000   Code   RO         1910    .ARM.Collect$$rtentry$$00000009  c_w.l(__rtentry2.o)
    0x0800021e   0x00000004   Code   RO         1911    .ARM.Collect$$rtentry$$0000000A  c_w.l(__rtentry2.o)
    0x08000222   0x00000000   Code   RO         1913    .ARM.Collect$$rtentry$$0000000C  c_w.l(__rtentry2.o)
    0x08000222   0x00000008   Code   RO         1914    .ARM.Collect$$rtentry$$0000000D  c_w.l(__rtentry2.o)
    0x0800022a   0x00000002   Code   RO         1947    .ARM.Collect$$rtexit$$00000000  c_w.l(rtexit.o)
    0x0800022c   0x00000000   Code   RO         1999    .ARM.Collect$$rtexit$$00000002  c_w.l(rtexit2.o)
    0x0800022c   0x00000004   Code   RO         2000    .ARM.Collect$$rtexit$$00000003  c_w.l(rtexit2.o)
    0x08000230   0x00000006   Code   RO         2001    .ARM.Collect$$rtexit$$00000004  c_w.l(rtexit2.o)
    0x08000236   0x00000002   PAD
    0x08000238   0x00000010   Code   RO         1065    .emb_text           sys.o
    0x08000248   0x00000820   Code   RO            3    .text               main.o
    0x08000a68   0x0000001a   Code   RO          244    .text               stm32f4xx_it.o
    0x08000a82   0x00000002   PAD
    0x08000a84   0x00000210   Code   RO          293    .text               system_stm32f4xx.o
    0x08000c94   0x00000040   Code   RO          320    .text               startup_stm32f40_41xxx.o
    0x08000cd4   0x000000e0   Code   RO          326    .text               misc.o
    0x08000db4   0x0000018c   Code   RO          526    .text               stm32f4xx_dcmi.o
    0x08000f40   0x000003a8   Code   RO          569    .text               stm32f4xx_dma.o
    0x080012e8   0x00000110   Code   RO          589    .text               stm32f4xx_exti.o
    0x080013f8   0x000005c8   Code   RO          652    .text               stm32f4xx_fsmc.o
    0x080019c0   0x00000294   Code   RO          675    .text               stm32f4xx_gpio.o
    0x08001c54   0x0000065c   Code   RO          838    .text               stm32f4xx_rcc.o
    0x080022b0   0x000001dc   Code   RO          923    .text               stm32f4xx_sdio.o
    0x0800248c   0x00000480   Code   RO          943    .text               stm32f4xx_spi.o
    0x0800290c   0x00000094   Code   RO          963    .text               stm32f4xx_syscfg.o
    0x080029a0   0x00000ca2   Code   RO          983    .text               stm32f4xx_tim.o
    0x08003642   0x00000002   PAD
    0x08003644   0x00000454   Code   RO         1003    .text               stm32f4xx_usart.o
    0x08003a98   0x00000104   Code   RO         1043    .text               delay.o
    0x08003b9c   0x00000148   Code   RO         1083    .text               usart.o
    0x08003ce4   0x000000c4   Code   RO         1114    .text               buzzer.o
    0x08003da8   0x0000009c   Code   RO         1134    .text               hc-sr501.o
    0x08003e44   0x00000180   Code   RO         1155    .text               key.o
    0x08003fc4   0x00000170   Code   RO         1196    .text               gsm.o
    0x08004134   0x00003900   Code   RO         1240    .text               lcd.o
    0x08007a34   0x00000094   Code   RO         1272    .text               timer.o
    0x08007ac8   0x00000304   Code   RO         1293    .text               dcmi.o
    0x08007dcc   0x000005e0   Code   RO         1320    .text               ov2640.o
    0x080083ac   0x00000274   Code   RO         1346    .text               sccb.o
    0x08008620   0x000002f8   Code   RO         1366    .text               sram.o
    0x08008918   0x00001d60   Code   RO         1386    .text               sdio_sdcard.o
    0x0800a678   0x00000388   Code   RO         1423    .text               w25qxx.o
    0x0800aa00   0x00000118   Code   RO         1453    .text               spi.o
    0x0800ab18   0x0000022c   Code   RO         1473    .text               malloc.o
    0x0800ad44   0x00000200   Code   RO         1505    .text               diskio.o
    0x0800af44   0x0000329a   Code   RO         1529    .text               ff.o
    0x0800e1de   0x00000002   PAD
    0x0800e1e0   0x00000198   Code   RO         1553    .text               exfuns.o
    0x0800e378   0x000000cc   Code   RO         1609    .text               mycc936.o
    0x0800e444   0x000002d4   Code   RO         1659    .text               text.o
    0x0800e718   0x00000860   Code   RO         1679    .text               bmp.o
    0x0800ef78   0x00000ea0   Code   RO         1699    .text               gif.o
    0x0800fe18   0x000002c4   Code   RO         1726    .text               piclib.o
    0x080100dc   0x00001270   Code   RO         1752    .text               tjpgd.o
    0x0801134c   0x00000002   Code   RO         1792    .text               c_w.l(use_no_semi_2.o)
    0x0801134e   0x00000048   Code   RO         1794    .text               c_w.l(llsdiv.o)
    0x08011396   0x00000002   PAD
    0x08011398   0x00000018   Code   RO         1800    .text               c_w.l(noretval__2printf.o)
    0x080113b0   0x00000028   Code   RO         1802    .text               c_w.l(noretval__2sprintf.o)
    0x080113d8   0x0000004e   Code   RO         1806    .text               c_w.l(_printf_pad.o)
    0x08011426   0x00000002   PAD
    0x08011428   0x00000078   Code   RO         1810    .text               c_w.l(_printf_dec.o)
    0x080114a0   0x00000058   Code   RO         1815    .text               c_w.l(_printf_hex_int.o)
    0x080114f8   0x00000138   Code   RO         1845    .text               c_w.l(__printf_flags_wp.o)
    0x08011630   0x00000048   Code   RO         1858    .text               c_w.l(strcpy.o)
    0x08011678   0x0000003e   Code   RO         1860    .text               c_w.l(strlen.o)
    0x080116b6   0x0000008a   Code   RO         1864    .text               c_w.l(rt_memcpy_v6.o)
    0x08011740   0x00000080   Code   RO         1866    .text               c_w.l(strcmpv7m.o)
    0x080117c0   0x00000006   Code   RO         1868    .text               c_w.l(heapauxi.o)
    0x080117c6   0x00000002   Code   RO         1884    .text               c_w.l(use_no_semi.o)
    0x080117c8   0x000000ee   Code   RO         1887    .text               c_w.l(lludivv7m.o)
    0x080118b6   0x000000b2   Code   RO         1889    .text               c_w.l(_printf_intcommon.o)
    0x08011968   0x00000030   Code   RO         1891    .text               c_w.l(_printf_char_common.o)
    0x08011998   0x0000000a   Code   RO         1893    .text               c_w.l(_sputc.o)
    0x080119a2   0x00000002   PAD
    0x080119a4   0x00000024   Code   RO         1897    .text               c_w.l(_printf_char_file.o)
    0x080119c8   0x00000064   Code   RO         1900    .text               c_w.l(rt_memcpy_w.o)
    0x08011a2c   0x00000008   Code   RO         1928    .text               c_w.l(ferror.o)
    0x08011a34   0x0000004a   Code   RO         1932    .text               c_w.l(sys_stackheap_outer.o)
    0x08011a7e   0x00000012   Code   RO         1936    .text               c_w.l(exit.o)
    0x08011a90   0x00000008   Code   RO         1944    .text               c_w.l(libspace.o)
    0x08011a98   0x0000000e   Code   RO         1843    i._is_digit         c_w.l(__printf_wp.o)
    0x08011aa6   0x00000002   PAD
    0x08011aa8   0x0000005a   Code   RO         1872    x$fpl$dfixu         fz_wm.l(dfixu.o)
    0x08011b02   0x00000026   Code   RO         1876    x$fpl$dfltu         fz_wm.l(dflt_clz.o)
    0x08011b28   0x00000154   Code   RO         1882    x$fpl$dmul          fz_wm.l(dmul.o)
    0x08011c7c   0x0000009c   Code   RO         1902    x$fpl$dnaninf       fz_wm.l(dnaninf.o)
    0x08011d18   0x0000000c   Code   RO         1904    x$fpl$dretinf       fz_wm.l(dretinf.o)
    0x08011d24   0x0000000a   Code   RO         2013    x$fpl$fpinit        fz_wm.l(fpinit.o)
    0x08011d2e   0x00000000   Code   RO         1906    x$fpl$usenofp       fz_wm.l(usenofp.o)
    0x08011d2e   0x00000002   PAD
    0x08011d30   0x0000001c   Data   RO          653    .constdata          stm32f4xx_fsmc.o
    0x08011d4c   0x000017c0   Data   RO         1242    .constdata          lcd.o
    0x0801350c   0x00000328   Data   RO         1321    .constdata          ov2640.o
    0x08013834   0x00000024   Data   RO         1479    .constdata          malloc.o
    0x08013858   0x0000003a   Data   RO         1531    .constdata          ff.o
    0x08013892   0x00000002   PAD
    0x08013894   0x00000070   Data   RO         1555    .constdata          exfuns.o
    0x08013904   0x000003c0   Data   RO         1610    .constdata          mycc936.o
    0x08013cc4   0x00000028   Data   RO         1700    .constdata          gif.o
    0x08013cec   0x000004c0   Data   RO         1753    .constdata          tjpgd.o
    0x080141ac   0x00000028   Data   RO         1816    .constdata          c_w.l(_printf_hex_int.o)
    0x080141d4   0x00000011   Data   RO         1846    .constdata          c_w.l(__printf_flags_wp.o)
    0x080141e5   0x00000003   PAD
    0x080141e8   0x00000044   Data   RO         1556    .conststring        exfuns.o
    0x0801422c   0x00000020   Data   RO         2071    Region$$Table       anon$$obj.o


    Execution Region RW_IRAM1 (Base: 0x20000000, Size: 0x0001c560, Max: 0x00020000, ABSOLUTE)

    Base Addr    Size         Type   Attr      Idx    E Section Name        Object

    0x20000000   0x00000024   Data   RW            4    .data               main.o
    0x20000024   0x00000014   Data   RW          294    .data               system_stm32f4xx.o
    0x20000038   0x00000010   Data   RW          839    .data               stm32f4xx_rcc.o
    0x20000048   0x00000004   Data   RW         1044    .data               delay.o
    0x2000004c   0x00000006   Data   RW         1085    .data               usart.o
    0x20000052   0x00000002   Data   RW         1198    .data               gsm.o
    0x20000054   0x00000004   Data   RW         1243    .data               lcd.o
    0x20000058   0x00000008   Data   RW         1295    .data               dcmi.o
    0x20000060   0x00000010   Data   RW         1388    .data               sdio_sdcard.o
    0x20000070   0x00000002   Data   RW         1425    .data               w25qxx.o
    0x20000072   0x00000002   PAD
    0x20000074   0x00000024   Data   RW         1480    .data               malloc.o
    0x20000098   0x00000002   Data   RW         1506    .data               diskio.o
    0x2000009a   0x00000002   Data   RW         1532    .data               ff.o
    0x2000009c   0x00000014   Data   RW         1557    .data               exfuns.o
    0x200000b0   0x00000001   Data   RW         1701    .data               gif.o
    0x200000b1   0x00000003   PAD
    0x200000b4   0x0000000c   Data   RW         1754    .data               tjpgd.o
    0x200000c0   0x000000c8   Zero   RW         1084    .bss                usart.o
    0x20000188   0x000000c8   Zero   RW         1197    .bss                gsm.o
    0x20000250   0x0000000e   Zero   RW         1241    .bss                lcd.o
    0x2000025e   0x0000000e   Zero   RW         1294    .bss                dcmi.o
    0x2000026c   0x00000004   PAD
    0x20000270   0x000002c0   Zero   RW         1387    .bss                sdio_sdcard.o
    0x20000530   0x00001000   Zero   RW         1424    .bss                w25qxx.o
    0x20001530   0x00000010   PAD
    0x20001540   0x0001a900   Zero   RW         1478    .bss                malloc.o
    0x2001be40   0x0000000c   Zero   RW         1530    .bss                ff.o
    0x2001be4c   0x00000050   Zero   RW         1554    .bss                exfuns.o
    0x2001be9c   0x00000021   Zero   RW         1631    .bss                fontupd.o
    0x2001bebd   0x00000003   PAD
    0x2001bec0   0x0000003c   Zero   RW         1727    .bss                piclib.o
    0x2001befc   0x00000060   Zero   RW         1945    .bss                c_w.l(libspace.o)
    0x2001bf5c   0x00000004   PAD
    0x2001bf60   0x00000200   Zero   RW          318    HEAP                startup_stm32f40_41xxx.o
    0x2001c160   0x00000400   Zero   RW          317    STACK               startup_stm32f40_41xxx.o



  Load Region LR$$.ARM.__AT_0x10000000 (Base: 0x10000000, Size: 0x00000000, Max: 0x0000f000, ABSOLUTE)

    Execution Region ER$$.ARM.__AT_0x10000000 (Base: 0x10000000, Size: 0x0000f000, Max: 0x0000f000, ABSOLUTE, UNINIT)

    Base Addr    Size         Type   Attr      Idx    E Section Name        Object

    0x10000000   0x0000f000   Zero   RW         1474    .ARM.__AT_0x10000000  malloc.o



  Load Region LR$$.ARM.__AT_0x1000F000 (Base: 0x1000f000, Size: 0x00000000, Max: 0x00000f00, ABSOLUTE)

    Execution Region ER$$.ARM.__AT_0x1000F000 (Base: 0x1000f000, Size: 0x00000f00, Max: 0x00000f00, ABSOLUTE, UNINIT)

    Base Addr    Size         Type   Attr      Idx    E Section Name        Object

    0x1000f000   0x00000f00   Zero   RW         1475    .ARM.__AT_0x1000F000  malloc.o



  Load Region LR$$.ARM.__AT_0x68000000 (Base: 0x68000000, Size: 0x00000000, Max: 0x000f0000, ABSOLUTE)

    Execution Region ER$$.ARM.__AT_0x68000000 (Base: 0x68000000, Size: 0x000f0000, Max: 0x000f0000, ABSOLUTE, UNINIT)

    Base Addr    Size         Type   Attr      Idx    E Section Name        Object

    0x68000000   0x000f0000   Zero   RW         1476    .ARM.__AT_0x68000000  malloc.o



  Load Region LR$$.ARM.__AT_0x680F0000 (Base: 0x680f0000, Size: 0x00000000, Max: 0x0000f000, ABSOLUTE)

    Execution Region ER$$.ARM.__AT_0x680F0000 (Base: 0x680f0000, Size: 0x0000f000, Max: 0x0000f000, ABSOLUTE, UNINIT)

    Base Addr    Size         Type   Attr      Idx    E Section Name        Object

    0x680f0000   0x0000f000   Zero   RW         1477    .ARM.__AT_0x680F0000  malloc.o


==============================================================================

Image component sizes


      Code (inc. data)   RO Data    RW Data    ZI Data      Debug   Object Name

      2144         24          0          0          0       5234   bmp.o
       196          6          0          0          0        988   buzzer.o
       772         46          0          8         14       3193   dcmi.o
       260          8          0          4          0       1469   delay.o
       512          8          0          2          0       4386   diskio.o
       408         22        180         20         80       2780   exfuns.o
     12954        136         58          2         12      38294   ff.o
         0          0          0          0         33       1413   fontupd.o
      3744         24         40          1          0      10362   gif.o
       368         16          0          2        200       1905   gsm.o
       156          6          0          0          0        914   hc-sr501.o
       384         40          0          0          0       1260   key.o
     14592        272       6080          4         14      19733   lcd.o
      2080        392          0         36          0     333734   main.o
       556         18         36         36    1218560       4969   malloc.o
       224         20          0          0          0       1805   misc.o
       204         12        960          0          0       1669   mycc936.o
      1504         66        808          0          0       6093   ov2640.o
       708         34          0          0         60       4823   piclib.o
       628         12          0          0          0       2067   sccb.o
      7520        282          0         16        704      25237   sdio_sdcard.o
       280          8          0          0          0       1069   spi.o
       760         20          0          0          0       1912   sram.o
        64         26        392          0       1536        832   startup_stm32f40_41xxx.o
       396          4          0          0          0       3466   stm32f4xx_dcmi.o
       936         32          0          0          0       6381   stm32f4xx_dma.o
       272         10          0          0          0       2275   stm32f4xx_exti.o
      1480         18         28          0          0       5630   stm32f4xx_fsmc.o
       660         44          0          0          0       4145   stm32f4xx_gpio.o
        26          0          0          0          0       1218   stm32f4xx_it.o
      1628         52          0         16          0      13016   stm32f4xx_rcc.o
       476         16          0          0          0       7408   stm32f4xx_sdio.o
      1152         36          0          0          0       6897   stm32f4xx_spi.o
       148         12          0          0          0       1837   stm32f4xx_syscfg.o
      3234         60          0          0          0      23004   stm32f4xx_tim.o
      1108         34          0          0          0       7872   stm32f4xx_usart.o
        16          0          0          0          0        484   sys.o
       528         46          0         20          0       1759   system_stm32f4xx.o
       724         16          0          0          0       3124   text.o
       148         20          0          0          0        820   timer.o
      4720         70       1216         12          0      17295   tjpgd.o
       328         16          0          6        200       3290   usart.o
       904         34          0          2       4096       4477   w25qxx.o

    ----------------------------------------------------------------------
     69908       2018       9832        192    1225532     590539   Object Totals
         0          0         32          0          0          0   (incl. Generated)
         6          0          2          5         23          0   (incl. Padding)

    ----------------------------------------------------------------------

      Code (inc. data)   RO Data    RW Data    ZI Data      Debug   Library Member Name

         8          0          0          0          0         68   __main.o
       312          4         17          0          0         92   __printf_flags_wp.o
        14          0          0          0          0         68   __printf_wp.o
         0          0          0          0          0          0   __rtentry.o
        12          0          0          0          0          0   __rtentry2.o
         6          0          0          0          0          0   __rtentry4.o
        52          8          0          0          0          0   __scatter.o
        26          0          0          0          0          0   __scatter_copy.o
        28          0          0          0          0          0   __scatter_zi.o
        48          6          0          0          0         96   _printf_char_common.o
        36          4          0          0          0         80   _printf_char_file.o
         6          0          0          0          0          0   _printf_d.o
       120         16          0          0          0         92   _printf_dec.o
        88          4         40          0          0         88   _printf_hex_int.o
       178          0          0          0          0         88   _printf_intcommon.o
        78          0          0          0          0        108   _printf_pad.o
         0          0          0          0          0          0   _printf_percent.o
         4          0          0          0          0          0   _printf_percent_end.o
         6          0          0          0          0          0   _printf_x.o
        10          0          0          0          0         68   _sputc.o
        18          0          0          0          0         80   exit.o
         8          0          0          0          0         68   ferror.o
         6          0          0          0          0        152   heapauxi.o
         2          0          0          0          0          0   libinit.o
         6          0          0          0          0          0   libinit2.o
         2          0          0          0          0          0   libshutdown.o
         2          0          0          0          0          0   libshutdown2.o
         8          4          0          0         96         68   libspace.o
        72          0          0          0          0         76   llsdiv.o
       238          0          0          0          0        100   lludivv7m.o
        24          4          0          0          0         84   noretval__2printf.o
        40          6          0          0          0         84   noretval__2sprintf.o
       138          0          0          0          0         68   rt_memcpy_v6.o
       100          0          0          0          0         80   rt_memcpy_w.o
         2          0          0          0          0          0   rtexit.o
        10          0          0          0          0          0   rtexit2.o
       128          0          0          0          0         68   strcmpv7m.o
        72          0          0          0          0         80   strcpy.o
        62          0          0          0          0         76   strlen.o
        74          0          0          0          0         80   sys_stackheap_outer.o
         2          0          0          0          0         68   use_no_semi.o
         2          0          0          0          0         68   use_no_semi_2.o
        90          4          0          0          0        140   dfixu.o
        38          0          0          0          0        116   dflt_clz.o
       340         12          0          0          0        152   dmul.o
       156          4          0          0          0        140   dnaninf.o
        12          0          0          0          0        116   dretinf.o
        10          0          0          0          0        116   fpinit.o
         0          0          0          0          0          0   usenofp.o

    ----------------------------------------------------------------------
      2708         76         60          0        100       2928   Library Totals
        14          0          3          0          4          0   (incl. Padding)

    ----------------------------------------------------------------------

      Code (inc. data)   RO Data    RW Data    ZI Data      Debug   Library Name

      2048         56         57          0         96       2148   c_w.l
       646         20          0          0          0        780   fz_wm.l

    ----------------------------------------------------------------------
      2708         76         60          0        100       2928   Library Totals

    ----------------------------------------------------------------------

==============================================================================


      Code (inc. data)   RO Data    RW Data    ZI Data      Debug   

     72616       2094       9892        192    1225632     582923   Grand Totals
     72616       2094       9892        192    1225632     582923   ELF Image Totals
     72616       2094       9892        192          0          0   ROM Totals

==============================================================================

    Total RO  Size (Code + RO Data)                82508 (  80.57kB)
    Total RW  Size (RW Data + ZI Data)           1225824 (1197.09kB)
    Total ROM Size (Code + RO Data + RW Data)      82700 (  80.76kB)

==============================================================================

