Component: ARM Compiler 5.06 update 3 (build 300) Tool: armlink [4d35c9]

==============================================================================

Section Cross References

    main.o(.text) refers to _printf_pad.o(.text) for _printf_pre_padding
    main.o(.text) refers to _printf_percent.o(.ARM.Collect$$_printf_percent$$00000000) for _printf_percent
    main.o(.text) refers to _printf_d.o(.ARM.Collect$$_printf_percent$$00000009) for _printf_d
    main.o(.text) refers to _printf_dec.o(.text) for _printf_int_dec
    main.o(.text) refers to stm32f4xx_dma.o(.text) for DMA_Cmd
    main.o(.text) refers to lcd.o(.text) for LCD_SetCursor
    main.o(.text) refers to stm32f4xx_gpio.o(.text) for GPIO_PinAFConfig
    main.o(.text) refers to noretval__2sprintf.o(.text) for __2sprintf
    main.o(.text) refers to ff.o(.text) for f_open
    main.o(.text) refers to malloc.o(.text) for mymalloc
    main.o(.text) refers to dcmi.o(.text) for DCMI_DMA_Init
    main.o(.text) refers to ov2640.o(.text) for OV2640_JPEG_Mode
    main.o(.text) refers to noretval__2printf.o(.text) for __2printf
    main.o(.text) refers to misc.o(.text) for NVIC_PriorityGroupConfig
    main.o(.text) refers to delay.o(.text) for delay_init
    main.o(.text) refers to led.o(.text) for LED_Init
    main.o(.text) refers to timer.o(.text) for TIM3_Int_Init
    main.o(.text) refers to beep.o(.text) for TIM2_Init
    main.o(.text) refers to sram.o(.text) for FSMC_SRAM_Init
    main.o(.text) refers to key.o(.text) for KEY_EXIT_Init
    main.o(.text) refers to w25qxx.o(.text) for W25QXX_Init
    main.o(.text) refers to exfuns.o(.text) for exfuns_init
    main.o(.text) refers to text.o(.text) for Show_Str
    main.o(.text) refers to main.o(.data) for ov2640_mode
    main.o(.text) refers to exfuns.o(.data) for ftemp
    main.o(.text) refers to dcmi.o(.data) for dcmi_rx_callback
    main.o(.text) refers to usmart_config.o(.data) for usmart_dev
    main.o(.text) refers to exfuns.o(.bss) for fs
    main.o(.text) refers to lcd.o(.data) for POINT_COLOR
    main.o(.text) refers to gsm.o(.text) for USART3_Send_data
    main.o(.text) refers to lcd.o(.bss) for lcddev
    system_stm32f4xx.o(.text) refers to system_stm32f4xx.o(.data) for SystemCoreClock
    led.o(.text) refers to stm32f4xx_rcc.o(.text) for RCC_AHB1PeriphClockCmd
    led.o(.text) refers to stm32f4xx_gpio.o(.text) for GPIO_Init
    lcd.o(.text) refers to _printf_percent.o(.ARM.Collect$$_printf_percent$$00000000) for _printf_percent
    lcd.o(.text) refers to _printf_x.o(.ARM.Collect$$_printf_percent$$0000000C) for _printf_x
    lcd.o(.text) refers to _printf_hex_int.o(.text) for _printf_longlong_hex
    lcd.o(.text) refers to delay.o(.text) for delay_us
    lcd.o(.text) refers to lcd.o(.bss) for lcddev
    lcd.o(.text) refers to dflt_clz.o(x$fpl$dfltu) for __aeabi_ui2d
    lcd.o(.text) refers to dmul.o(x$fpl$dmul) for __aeabi_dmul
    lcd.o(.text) refers to dfixu.o(x$fpl$dfixu) for __aeabi_d2uiz
    lcd.o(.text) refers to lcd.o(.data) for POINT_COLOR
    lcd.o(.text) refers to stm32f4xx_rcc.o(.text) for RCC_AHB1PeriphClockCmd
    lcd.o(.text) refers to stm32f4xx_gpio.o(.text) for GPIO_Init
    lcd.o(.text) refers to stm32f4xx_fsmc.o(.text) for FSMC_NORSRAMInit
    lcd.o(.text) refers to noretval__2printf.o(.text) for __2printf
    lcd.o(.text) refers to lcd.o(.constdata) for asc2_1206
    key.o(.text) refers to stm32f4xx_rcc.o(.text) for RCC_AHB1PeriphClockCmd
    key.o(.text) refers to stm32f4xx_gpio.o(.text) for GPIO_Init
    key.o(.text) refers to stm32f4xx_syscfg.o(.text) for SYSCFG_EXTILineConfig
    key.o(.text) refers to stm32f4xx_exti.o(.text) for EXTI_Init
    key.o(.text) refers to misc.o(.text) for NVIC_Init
    key.o(.text) refers to delay.o(.text) for delay_ms
    key.o(.text) refers to main.o(.data) for KEY_Buzzer_flag
    beep.o(.text) refers to stm32f4xx_rcc.o(.text) for RCC_AHB1PeriphClockCmd
    beep.o(.text) refers to stm32f4xx_gpio.o(.text) for GPIO_Init
    beep.o(.text) refers to stm32f4xx_tim.o(.text) for TIM_TimeBaseInit
    beep.o(.text) refers to misc.o(.text) for NVIC_Init
    spi.o(.text) refers to stm32f4xx_spi.o(.text) for SPI_I2S_GetFlagStatus
    spi.o(.text) refers to stm32f4xx_rcc.o(.text) for RCC_AHB1PeriphClockCmd
    spi.o(.text) refers to stm32f4xx_gpio.o(.text) for GPIO_Init
    w25qxx.o(.text) refers to _printf_percent.o(.ARM.Collect$$_printf_percent$$00000000) for _printf_percent
    w25qxx.o(.text) refers to _printf_x.o(.ARM.Collect$$_printf_percent$$0000000C) for _printf_x
    w25qxx.o(.text) refers to _printf_hex_int.o(.text) for _printf_longlong_hex
    w25qxx.o(.text) refers to spi.o(.text) for SPI1_ReadWriteByte
    w25qxx.o(.text) refers to stm32f4xx_rcc.o(.text) for RCC_AHB1PeriphClockCmd
    w25qxx.o(.text) refers to stm32f4xx_gpio.o(.text) for GPIO_Init
    w25qxx.o(.text) refers to noretval__2printf.o(.text) for __2printf
    w25qxx.o(.text) refers to delay.o(.text) for delay_us
    w25qxx.o(.text) refers to w25qxx.o(.data) for W25QXX_TYPE
[...]
    OV2640_JPEG_Mode                         0x08006b55   Thumb Code    66  ov2640.o(.text)
    OV2640_RGB565_Mode                       0x08006b97   Thumb Code    36  ov2640.o(.text)
    OV2640_Auto_Exposure                     0x08006bbb   Thumb Code    40  ov2640.o(.text)
    OV2640_Light_Mode                        0x08006be3   Thumb Code   118  ov2640.o(.text)
    OV2640_Color_Saturation                  0x08006c59   Thumb Code    64  ov2640.o(.text)
    OV2640_Brightness                        0x08006c99   Thumb Code    56  ov2640.o(.text)
    OV2640_Contrast                          0x08006cd1   Thumb Code   116  ov2640.o(.text)
    OV2640_Special_Effects                   0x08006d45   Thumb Code   122  ov2640.o(.text)
    OV2640_Color_Bar                         0x08006dbf   Thumb Code    40  ov2640.o(.text)
    OV2640_Window_Set                        0x08006de7   Thumb Code   214  ov2640.o(.text)
    OV2640_OutSize_Set                       0x08006ebd   Thumb Code   136  ov2640.o(.text)
    OV2640_ImageWin_Set                      0x08006f45   Thumb Code   188  ov2640.o(.text)
    OV2640_ImageSize_Set                     0x08007001   Thumb Code    80  ov2640.o(.text)
    SCCB_Init                                0x08007051   Thumb Code    78  sccb.o(.text)
    SCCB_Start                               0x0800709f   Thumb Code    42  sccb.o(.text)
    SCCB_Stop                                0x080070c9   Thumb Code    42  sccb.o(.text)
    SCCB_No_Ack                              0x080070f3   Thumb Code    56  sccb.o(.text)
    SCCB_WR_Byte                             0x0800712b   Thumb Code   154  sccb.o(.text)
    SCCB_RD_Byte                             0x080071c5   Thumb Code   104  sccb.o(.text)
    SCCB_WR_Reg                              0x0800722d   Thumb Code    62  sccb.o(.text)
    SCCB_RD_Reg                              0x0800726b   Thumb Code    78  sccb.o(.text)
    TIM3_Int_Init                            0x080072c5   Thumb Code    88  timer.o(.text)
    TIM3_IRQHandler                          0x0800731d   Thumb Code    40  timer.o(.text)
    FSMC_SRAM_Init                           0x08007359   Thumb Code   694  sram.o(.text)
    FSMC_SRAM_WriteBuffer                    0x0800760f   Thumb Code    24  sram.o(.text)
    FSMC_SRAM_ReadBuffer                     0x08007627   Thumb Code    22  sram.o(.text)
    _sys_exit                                0x08007651   Thumb Code     4  gsm.o(.text)
    fputc                                    0x08007655   Thumb Code    24  gsm.o(.text)
    GSM_Init                                 0x0800766d   Thumb Code   164  gsm.o(.text)
    USART3_IRQHandler                        0x08007711   Thumb Code   122  gsm.o(.text)
    USART3_Send_data                         0x0800778b   Thumb Code    38  gsm.o(.text)
    USART3_Send_data_value                   0x080077b1   Thumb Code    28  gsm.o(.text)
    delay_init                               0x080077dd   Thumb Code    52  delay.o(.text)
    delay_us                                 0x08007811   Thumb Code    72  delay.o(.text)
    delay_xms                                0x08007859   Thumb Code    72  delay.o(.text)
    delay_ms                                 0x080078a1   Thumb Code    56  delay.o(.text)
    Reset_Handler                            0x080078e1   Thumb Code     8  startup_stm32f40_41xxx.o(.text)
    ADC_IRQHandler                           0x080078fb   Thumb Code     0  startup_stm32f40_41xxx.o(.text)
    CAN1_RX0_IRQHandler                      0x080078fb   Thumb Code     0  startup_stm32f40_41xxx.o(.text)
    CAN1_RX1_IRQHandler                      0x080078fb   Thumb Code     0  startup_stm32f40_41xxx.o(.text)
    CAN1_SCE_IRQHandler                      0x080078fb   Thumb Code     0  startup_stm32f40_41xxx.o(.text)
    CAN1_TX_IRQHandler                       0x080078fb   Thumb Code     0  startup_stm32f40_41xxx.o(.text)
    CAN2_RX0_IRQHandler                      0x080078fb   Thumb Code     0  startup_stm32f40_41xxx.o(.text)
    CAN2_RX1_IRQHandler                      0x080078fb   Thumb Code     0  startup_stm32f40_41xxx.o(.text)
    CAN2_SCE_IRQHandler                      0x080078fb   Thumb Code     0  startup_stm32f40_41xxx.o(.text)
    CAN2_TX_IRQHandler                       0x080078fb   Thumb Code     0  startup_stm32f40_41xxx.o(.text)
    CRYP_IRQHandler                          0x080078fb   Thumb Code     0  startup_stm32f40_41xxx.o(.text)
    DMA1_Stream0_IRQHandler                  0x080078fb   Thumb Code     0  startup_stm32f40_41xxx.o(.text)
    DMA1_Stream1_IRQHandler                  0x080078fb   Thumb Code     0  startup_stm32f40_41xxx.o(.text)
    DMA1_Stream2_IRQHandler                  0x080078fb   Thumb Code     0  startup_stm32f40_41xxx.o(.text)
    DMA1_Stream3_IRQHandler                  0x080078fb   Thumb Code     0  startup_stm32f40_41xxx.o(.text)
    DMA1_Stream4_IRQHandler                  0x080078fb   Thumb Code     0  startup_stm32f40_41xxx.o(.text)
    DMA1_Stream5_IRQHandler                  0x080078fb   Thumb Code     0  startup_stm32f40_41xxx.o(.text)
    DMA1_Stream6_IRQHandler                  0x080078fb   Thumb Code     0  startup_stm32f40_41xxx.o(.text)
    DMA1_Stream7_IRQHandler                  0x080078fb   Thumb Code     0  startup_stm32f40_41xxx.o(.text)
    DMA2_Stream0_IRQHandler                  0x080078fb   Thumb Code     0  startup_stm32f40_41xxx.o(.text)
    DMA2_Stream2_IRQHandler                  0x080078fb   Thumb Code     0  startup_stm32f40_41xxx.o(.text)
    DMA2_Stream3_IRQHandler                  0x080078fb   Thumb Code     0  startup_stm32f40_41xxx.o(.text)
    DMA2_Stream4_IRQHandler                  0x080078fb   Thumb Code     0  startup_stm32f40_41xxx.o(.text)
    DMA2_Stream5_IRQHandler                  0x080078fb   Thumb Code     0  startup_stm32f40_41xxx.o(.text)
    DMA2_Stream6_IRQHandler                  0x080078fb   Thumb Code     0  startup_stm32f40_41xxx.o(.text)
    DMA2_Stream7_IRQHandler                  0x080078fb   Thumb Code     0  startup_stm32f40_41xxx.o(.text)
    ETH_IRQHandler                           0x080078fb   Thumb Code     0  startup_stm32f40_41xxx.o(.text)
    ETH_WKUP_IRQHandler                      0x080078fb   Thumb Code     0  startup_stm32f40_41xxx.o(.text)
    EXTI15_10_IRQHandler                     0x080078fb   Thumb Code     0  startup_stm32f40_41xxx.o(.text)
    EXTI3_IRQHandler                         0x080078fb   Thumb Code     0  startup_stm32f40_41xxx.o(.text)
    EXTI4_IRQHandler                         0x080078fb   Thumb Code     0  startup_stm32f40_41xxx.o(.text)
    EXTI9_5_IRQHandler                       0x080078fb   Thumb Code     0  startup_stm32f40_41xxx.o(.text)
    FLASH_IRQHandler                         0x080078fb   Thumb Code     0  startup_stm32f40_41xxx.o(.text)
    FPU_IRQHandler                           0x080078fb   Thumb Code     0  startup_stm32f40_41xxx.o(.text)
    FSMC_IRQHandler                          0x080078fb   Thumb Code     0  startup_stm32f40_41xxx.o(.text)
    HASH_RNG_IRQHandler                      0x080078fb   Thumb Code     0  startup_stm32f40_41xxx.o(.text)
    I2C1_ER_IRQHandler                       0x080078fb   Thumb Code     0  startup_stm32f40_41xxx.o(.text)
    I2C1_EV_IRQHandler                       0x080078fb   Thumb Code     0  startup_stm32f40_41xxx.o(.text)
    I2C2_ER_IRQHandler                       0x080078fb   Thumb Code     0  startup_stm32f40_41xxx.o(.text)
    I2C2_EV_IRQHandler                       0x080078fb   Thumb Code     0  startup_stm32f40_41xxx.o(.text)
    I2C3_ER_IRQHandler                       0x080078fb   Thumb Code     0  startup_stm32f40_41xxx.o(.text)
    I2C3_EV_IRQHandler                       0x080078fb   Thumb Code     0  startup_stm32f40_41xxx.o(.text)
    OTG_FS_IRQHandler                        0x080078fb   Thumb Code     0  startup_stm32f40_41xxx.o(.text)
    OTG_FS_WKUP_IRQHandler                   0x080078fb   Thumb Code     0  startup_stm32f40_41xxx.o(.text)
    OTG_HS_EP1_IN_IRQHandler                 0x080078fb   Thumb Code     0  startup_stm32f40_41xxx.o(.text)
    OTG_HS_EP1_OUT_IRQHandler                0x080078fb   Thumb Code     0  startup_stm32f40_41xxx.o(.text)
    OTG_HS_IRQHandler                        0x080078fb   Thumb Code     0  startup_stm32f40_41xxx.o(.text)
    OTG_HS_WKUP_IRQHandler                   0x080078fb   Thumb Code     0  startup_stm32f40_41xxx.o(.text)
    PVD_IRQHandler                           0x080078fb   Thumb Code     0  startup_stm32f40_41xxx.o(.text)
    RCC_IRQHandler                           0x080078fb   Thumb Code     0  startup_stm32f40_41xxx.o(.text)
    RTC_Alarm_IRQHandler                     0x080078fb   Thumb Code     0  startup_stm32f40_41xxx.o(.text)
    RTC_WKUP_IRQHandler                      0x080078fb   Thumb Code     0  startup_stm32f40_41xxx.o(.text)
    SPI1_IRQHandler                          0x080078fb   Thumb Code     0  startup_stm32f40_41xxx.o(.text)
    SPI2_IRQHandler                          0x080078fb   Thumb Code     0  startup_stm32f40_41xxx.o(.text)
    SPI3_IRQHandler                          0x080078fb   Thumb Code     0  startup_stm32f40_41xxx.o(.text)
    TAMP_STAMP_IRQHandler                    0x080078fb   Thumb Code     0  startup_stm32f40_41xxx.o(.text)
    TIM1_BRK_TIM9_IRQHandler                 0x080078fb   Thumb Code     0  startup_stm32f40_41xxx.o(.text)
    TIM1_CC_IRQHandler                       0x080078fb   Thumb Code     0  startup_stm32f40_41xxx.o(.text)
    TIM1_TRG_COM_TIM11_IRQHandler            0x080078fb   Thumb Code     0  startup_stm32f40_41xxx.o(.text)
    TIM1_UP_TIM10_IRQHandler                 0x080078fb   Thumb Code     0  startup_stm32f40_41xxx.o(.text)
    TIM5_IRQHandler                          0x080078fb   Thumb Code     0  startup_stm32f40_41xxx.o(.text)
    TIM6_DAC_IRQHandler                      0x080078fb   Thumb Code     0  startup_stm32f40_41xxx.o(.text)
    TIM7_IRQHandler                          0x080078fb   Thumb Code     0  startup_stm32f40_41xxx.o(.text)
    TIM8_BRK_TIM12_IRQHandler                0x080078fb   Thumb Code     0  startup_stm32f40_41xxx.o(.text)
    TIM8_CC_IRQHandler                       0x080078fb   Thumb Code     0  startup_stm32f40_41xxx.o(.text)
    TIM8_TRG_COM_TIM14_IRQHandler            0x080078fb   Thumb Code     0  startup_stm32f40_41xxx.o(.text)
    TIM8_UP_TIM13_IRQHandler                 0x080078fb   Thumb Code     0  startup_stm32f40_41xxx.o(.text)
    UART4_IRQHandler                         0x080078fb   Thumb Code     0  startup_stm32f40_41xxx.o(.text)
    UART5_IRQHandler                         0x080078fb   Thumb Code     0  startup_stm32f40_41xxx.o(.text)
    USART1_IRQHandler                        0x080078fb   Thumb Code     0  startup_stm32f40_41xxx.o(.text)
    USART2_IRQHandler                        0x080078fb   Thumb Code     0  startup_stm32f40_41xxx.o(.text)
    USART6_IRQHandler                        0x080078fb   Thumb Code     0  startup_stm32f40_41xxx.o(.text)
    WWDG_IRQHandler                          0x080078fb   Thumb Code     0  startup_stm32f40_41xxx.o(.text)
    __user_initial_stackheap                 0x080078fd   Thumb Code     0  startup_stm32f40_41xxx.o(.text)
    NVIC_PriorityGroupConfig                 0x08007921   Thumb Code    10  misc.o(.text)
    NVIC_Init                                0x0800792b   Thumb Code   106  misc.o(.text)
    NVIC_SetVectorTable                      0x08007995   Thumb Code    14  misc.o(.text)
    NVIC_SystemLPConfig                      0x080079a3   Thumb Code    34  misc.o(.text)
    SysTick_CLKSourceConfig                  0x080079c5   Thumb Code    40  misc.o(.text)
    FSMC_NORSRAMDeInit                       0x08007a01   Thumb Code    54  stm32f4xx_fsmc.o(.text)
    FSMC_NORSRAMInit                         0x08007a37   Thumb Code   230  stm32f4xx_fsmc.o(.text)
    FSMC_NORSRAMStructInit                   0x08007b1d   Thumb Code    48  stm32f4xx_fsmc.o(.text)
    FSMC_NORSRAMCmd                          0x08007b4d   Thumb Code    46  stm32f4xx_fsmc.o(.text)
    FSMC_NANDDeInit                          0x08007b7b   Thumb Code    62  stm32f4xx_fsmc.o(.text)
    FSMC_NANDInit                            0x08007bb9   Thumb Code   132  stm32f4xx_fsmc.o(.text)
    FSMC_NANDStructInit                      0x08007c3d   Thumb Code    54  stm32f4xx_fsmc.o(.text)
    FSMC_NANDCmd                             0x08007c73   Thumb Code    86  stm32f4xx_fsmc.o(.text)
    FSMC_NANDECCCmd                          0x08007cc9   Thumb Code    86  stm32f4xx_fsmc.o(.text)
    FSMC_GetECC                              0x08007d1f   Thumb Code    24  stm32f4xx_fsmc.o(.text)
    FSMC_PCCARDDeInit                        0x08007d37   Thumb Code    36  stm32f4xx_fsmc.o(.text)
    FSMC_PCCARDInit                          0x08007d5b   Thumb Code   130  stm32f4xx_fsmc.o(.text)
    FSMC_PCCARDStructInit                    0x08007ddd   Thumb Code    60  stm32f4xx_fsmc.o(.text)
    FSMC_PCCARDCmd                           0x08007e19   Thumb Code    44  stm32f4xx_fsmc.o(.text)
    FSMC_ITConfig                            0x08007e45   Thumb Code   128  stm32f4xx_fsmc.o(.text)
    FSMC_GetFlagStatus                       0x08007ec5   Thumb Code    54  stm32f4xx_fsmc.o(.text)
    FSMC_ClearFlag                           0x08007efb   Thumb Code    74  stm32f4xx_fsmc.o(.text)
    FSMC_GetITStatus                         0x08007f45   Thumb Code    62  stm32f4xx_fsmc.o(.text)
    FSMC_ClearITPendingBit                   0x08007f83   Thumb Code    66  stm32f4xx_fsmc.o(.text)
    GPIO_DeInit                              0x08007fc9   Thumb Code   268  stm32f4xx_gpio.o(.text)
    GPIO_Init                                0x080080d5   Thumb Code   144  stm32f4xx_gpio.o(.text)
    GPIO_StructInit                          0x08008165   Thumb Code    18  stm32f4xx_gpio.o(.text)
    GPIO_PinLockConfig                       0x08008177   Thumb Code    34  stm32f4xx_gpio.o(.text)
    GPIO_ReadInputDataBit                    0x08008199   Thumb Code    18  stm32f4xx_gpio.o(.text)
    GPIO_ReadInputData                       0x080081ab   Thumb Code     8  stm32f4xx_gpio.o(.text)
    GPIO_ReadOutputDataBit                   0x080081b3   Thumb Code    18  stm32f4xx_gpio.o(.text)
    GPIO_ReadOutputData                      0x080081c5   Thumb Code     8  stm32f4xx_gpio.o(.text)
    GPIO_SetBits                             0x080081cd   Thumb Code     4  stm32f4xx_gpio.o(.text)
    GPIO_ResetBits                           0x080081d1   Thumb Code     4  stm32f4xx_gpio.o(.text)
    GPIO_WriteBit                            0x080081d5   Thumb Code    10  stm32f4xx_gpio.o(.text)
    GPIO_Write                               0x080081df   Thumb Code     4  stm32f4xx_gpio.o(.text)
    GPIO_ToggleBits                          0x080081e3   Thumb Code     8  stm32f4xx_gpio.o(.text)
    GPIO_PinAFConfig                         0x080081eb   Thumb Code    70  stm32f4xx_gpio.o(.text)
    RCC_DeInit                               0x0800825d   Thumb Code    82  stm32f4xx_rcc.o(.text)
    RCC_HSEConfig                            0x080082af   Thumb Code    14  stm32f4xx_rcc.o(.text)
    RCC_GetFlagStatus                        0x080082bd   Thumb Code    60  stm32f4xx_rcc.o(.text)
    RCC_WaitForHSEStartUp                    0x080082f9   Thumb Code    56  stm32f4xx_rcc.o(.text)
    RCC_AdjustHSICalibrationValue            0x08008331   Thumb Code    20  stm32f4xx_rcc.o(.text)
    RCC_HSICmd                               0x08008345   Thumb Code     6  stm32f4xx_rcc.o(.text)
    RCC_LSEConfig                            0x0800834b   Thumb Code    46  stm32f4xx_rcc.o(.text)
    RCC_LSICmd                               0x08008379   Thumb Code     6  stm32f4xx_rcc.o(.text)
    RCC_PLLConfig                            0x0800837f   Thumb Code    32  stm32f4xx_rcc.o(.text)
    RCC_PLLCmd                               0x0800839f   Thumb Code     6  stm32f4xx_rcc.o(.text)
    RCC_PLLI2SConfig                         0x080083a5   Thumb Code    14  stm32f4xx_rcc.o(.text)
    RCC_PLLI2SCmd                            0x080083b3   Thumb Code     6  stm32f4xx_rcc.o(.text)
    RCC_PLLSAIConfig                         0x080083b9   Thumb Code    20  stm32f4xx_rcc.o(.text)
    RCC_PLLSAICmd                            0x080083cd   Thumb Code     6  stm32f4xx_rcc.o(.text)
    RCC_ClockSecuritySystemCmd               0x080083d3   Thumb Code     6  stm32f4xx_rcc.o(.text)
    RCC_MCO1Config                           0x080083d9   Thumb Code    28  stm32f4xx_rcc.o(.text)
    RCC_MCO2Config                           0x080083f5   Thumb Code    28  stm32f4xx_rcc.o(.text)
    RCC_SYSCLKConfig                         0x08008411   Thumb Code    20  stm32f4xx_rcc.o(.text)
    RCC_GetSYSCLKSource                      0x08008425   Thumb Code    12  stm32f4xx_rcc.o(.text)
    RCC_HCLKConfig                           0x08008431   Thumb Code    20  stm32f4xx_rcc.o(.text)
    RCC_PCLK1Config                          0x08008445   Thumb Code    20  stm32f4xx_rcc.o(.text)
    RCC_PCLK2Config                          0x08008459   Thumb Code    22  stm32f4xx_rcc.o(.text)
    RCC_GetClocksFreq                        0x0800846f   Thumb Code   222  stm32f4xx_rcc.o(.text)
    RCC_RTCCLKConfig                         0x0800854d   Thumb Code    54  stm32f4xx_rcc.o(.text)
    RCC_RTCCLKCmd                            0x08008583   Thumb Code     8  stm32f4xx_rcc.o(.text)
    RCC_BackupResetCmd                       0x0800858b   Thumb Code     8  stm32f4xx_rcc.o(.text)
    RCC_I2SCLKConfig                         0x08008593   Thumb Code     6  stm32f4xx_rcc.o(.text)
    RCC_SAIPLLI2SClkDivConfig                0x08008599   Thumb Code    26  stm32f4xx_rcc.o(.text)
    RCC_SAIPLLSAIClkDivConfig                0x080085b3   Thumb Code    28  stm32f4xx_rcc.o(.text)
    RCC_SAIBlockACLKConfig                   0x080085cf   Thumb Code    20  stm32f4xx_rcc.o(.text)
    RCC_SAIBlockBCLKConfig                   0x080085e3   Thumb Code    20  stm32f4xx_rcc.o(.text)
    RCC_LTDCCLKDivConfig                     0x080085f7   Thumb Code    20  stm32f4xx_rcc.o(.text)
    RCC_TIMCLKPresConfig                     0x0800860b   Thumb Code     6  stm32f4xx_rcc.o(.text)
    RCC_AHB1PeriphClockCmd                   0x08008611   Thumb Code    34  stm32f4xx_rcc.o(.text)
    RCC_AHB2PeriphClockCmd                   0x08008633   Thumb Code    78  stm32f4xx_rcc.o(.text)
    RCC_AHB3PeriphClockCmd                   0x08008681   Thumb Code    34  stm32f4xx_rcc.o(.text)
    RCC_APB1PeriphClockCmd                   0x080086a3   Thumb Code    34  stm32f4xx_rcc.o(.text)
    RCC_APB2PeriphClockCmd                   0x080086c5   Thumb Code    34  stm32f4xx_rcc.o(.text)
    RCC_AHB1PeriphResetCmd                   0x080086e7   Thumb Code    34  stm32f4xx_rcc.o(.text)
    RCC_AHB2PeriphResetCmd                   0x08008709   Thumb Code    34  stm32f4xx_rcc.o(.text)
    RCC_AHB3PeriphResetCmd                   0x0800872b   Thumb Code    34  stm32f4xx_rcc.o(.text)
    RCC_APB1PeriphResetCmd                   0x0800874d   Thumb Code    34  stm32f4xx_rcc.o(.text)
    RCC_APB2PeriphResetCmd                   0x0800876f   Thumb Code    34  stm32f4xx_rcc.o(.text)
    RCC_AHB1PeriphClockLPModeCmd             0x08008791   Thumb Code    34  stm32f4xx_rcc.o(.text)
    RCC_AHB2PeriphClockLPModeCmd             0x080087b3   Thumb Code    34  stm32f4xx_rcc.o(.text)
    RCC_AHB3PeriphClockLPModeCmd             0x080087d5   Thumb Code    34  stm32f4xx_rcc.o(.text)
    RCC_APB1PeriphClockLPModeCmd             0x080087f7   Thumb Code    34  stm32f4xx_rcc.o(.text)
    RCC_APB2PeriphClockLPModeCmd             0x08008819   Thumb Code    34  stm32f4xx_rcc.o(.text)
    RCC_LSEModeConfig                        0x0800883b   Thumb Code    40  stm32f4xx_rcc.o(.text)
    RCC_ITConfig                             0x08008863   Thumb Code    34  stm32f4xx_rcc.o(.text)
    RCC_ClearFlag                            0x08008885   Thumb Code    18  stm32f4xx_rcc.o(.text)
    RCC_GetITStatus                          0x08008897   Thumb Code    22  stm32f4xx_rcc.o(.text)
    RCC_ClearITPendingBit                    0x080088ad   Thumb Code     8  stm32f4xx_rcc.o(.text)
    SDIO_DeInit                              0x080088b9   Thumb Code    22  stm32f4xx_sdio.o(.text)
    SDIO_Init                                0x080088cf   Thumb Code    42  stm32f4xx_sdio.o(.text)
    SDIO_StructInit                          0x080088f9   Thumb Code    16  stm32f4xx_sdio.o(.text)
    SDIO_ClockCmd                            0x08008909   Thumb Code     6  stm32f4xx_sdio.o(.text)
    SDIO_SetPowerState                       0x0800890f   Thumb Code     8  stm32f4xx_sdio.o(.text)
    SDIO_GetPowerState                       0x08008917   Thumb Code    12  stm32f4xx_sdio.o(.text)
    SDIO_SendCommand                         0x08008923   Thumb Code    42  stm32f4xx_sdio.o(.text)
    SDIO_CmdStructInit                       0x0800894d   Thumb Code    14  stm32f4xx_sdio.o(.text)
    SDIO_GetCommandResponse                  0x0800895b   Thumb Code    10  stm32f4xx_sdio.o(.text)
    SDIO_GetResponse                         0x08008965   Thumb Code    22  stm32f4xx_sdio.o(.text)
    SDIO_DataConfig                          0x0800897b   Thumb Code    48  stm32f4xx_sdio.o(.text)
    SDIO_DataStructInit                      0x080089ab   Thumb Code    20  stm32f4xx_sdio.o(.text)
    SDIO_GetDataCounter                      0x080089bf   Thumb Code     8  stm32f4xx_sdio.o(.text)
    SDIO_ReadData                            0x080089c7   Thumb Code     8  stm32f4xx_sdio.o(.text)
    SDIO_WriteData                           0x080089cf   Thumb Code     8  stm32f4xx_sdio.o(.text)
    SDIO_GetFIFOCount                        0x080089d7   Thumb Code     8  stm32f4xx_sdio.o(.text)
    SDIO_StartSDIOReadWait                   0x080089df   Thumb Code     6  stm32f4xx_sdio.o(.text)
    SDIO_StopSDIOReadWait                    0x080089e5   Thumb Code     8  stm32f4xx_sdio.o(.text)
    SDIO_SetSDIOReadWaitMode                 0x080089ed   Thumb Code     8  stm32f4xx_sdio.o(.text)
    SDIO_SetSDIOOperation                    0x080089f5   Thumb Code     8  stm32f4xx_sdio.o(.text)
    SDIO_SendSDIOSuspendCmd                  0x080089fd   Thumb Code     6  stm32f4xx_sdio.o(.text)
    SDIO_CommandCompletionCmd                0x08008a03   Thumb Code     8  stm32f4xx_sdio.o(.text)
    SDIO_CEATAITCmd                          0x08008a0b   Thumb Code    12  stm32f4xx_sdio.o(.text)
    SDIO_SendCEATACmd                        0x08008a17   Thumb Code     8  stm32f4xx_sdio.o(.text)
    SDIO_DMACmd                              0x08008a1f   Thumb Code     8  stm32f4xx_sdio.o(.text)
    SDIO_ITConfig                            0x08008a27   Thumb Code    34  stm32f4xx_sdio.o(.text)
    SDIO_GetFlagStatus                       0x08008a49   Thumb Code    22  stm32f4xx_sdio.o(.text)
    SDIO_ClearFlag                           0x08008a5f   Thumb Code     8  stm32f4xx_sdio.o(.text)
    SDIO_GetITStatus                         0x08008a67   Thumb Code    22  stm32f4xx_sdio.o(.text)
    SDIO_ClearITPendingBit                   0x08008a7d   Thumb Code     8  stm32f4xx_sdio.o(.text)
    SPI_I2S_DeInit                           0x08008a95   Thumb Code   152  stm32f4xx_spi.o(.text)
    SPI_Init                                 0x08008b2d   Thumb Code    60  stm32f4xx_spi.o(.text)
    I2S_Init                                 0x08008b69   Thumb Code   396  stm32f4xx_spi.o(.text)
    SPI_StructInit                           0x08008cf5   Thumb Code    24  stm32f4xx_spi.o(.text)
    I2S_StructInit                           0x08008d0d   Thumb Code    20  stm32f4xx_spi.o(.text)
    SPI_Cmd                                  0x08008d21   Thumb Code    24  stm32f4xx_spi.o(.text)
    I2S_Cmd                                  0x08008d39   Thumb Code    24  stm32f4xx_spi.o(.text)
    SPI_DataSizeConfig                       0x08008d51   Thumb Code    18  stm32f4xx_spi.o(.text)
    SPI_BiDirectionalLineConfig              0x08008d63   Thumb Code    28  stm32f4xx_spi.o(.text)
    SPI_NSSInternalSoftwareConfig            0x08008d7f   Thumb Code    30  stm32f4xx_spi.o(.text)
    SPI_SSOutputCmd                          0x08008d9d   Thumb Code    24  stm32f4xx_spi.o(.text)
    SPI_TIModeCmd                            0x08008db5   Thumb Code    24  stm32f4xx_spi.o(.text)
    I2S_FullDuplexConfig                     0x08008dcd   Thumb Code    80  stm32f4xx_spi.o(.text)
    SPI_I2S_ReceiveData                      0x08008e1d   Thumb Code     6  stm32f4xx_spi.o(.text)
    SPI_I2S_SendData                         0x08008e23   Thumb Code     4  stm32f4xx_spi.o(.text)
    SPI_CalculateCRC                         0x08008e27   Thumb Code    24  stm32f4xx_spi.o(.text)
    SPI_TransmitCRC                          0x08008e3f   Thumb Code    10  stm32f4xx_spi.o(.text)
    SPI_GetCRC                               0x08008e49   Thumb Code    16  stm32f4xx_spi.o(.text)
    SPI_GetCRCPolynomial                     0x08008e59   Thumb Code     6  stm32f4xx_spi.o(.text)
    SPI_I2S_DMACmd                           0x08008e5f   Thumb Code    18  stm32f4xx_spi.o(.text)
    SPI_I2S_ITConfig                         0x08008e71   Thumb Code    68  stm32f4xx_spi.o(.text)
    SPI_I2S_GetFlagStatus                    0x08008eb5   Thumb Code    18  stm32f4xx_spi.o(.text)
    SPI_I2S_ClearFlag                        0x08008ec7   Thumb Code     6  stm32f4xx_spi.o(.text)
    SPI_I2S_GetITStatus                      0x08008ecd   Thumb Code    52  stm32f4xx_spi.o(.text)
    SPI_I2S_ClearITPendingBit                0x08008f01   Thumb Code    20  stm32f4xx_spi.o(.text)
    TIM_DeInit                               0x08008f15   Thumb Code   346  stm32f4xx_tim.o(.text)
    TIM_TimeBaseInit                         0x0800906f   Thumb Code   104  stm32f4xx_tim.o(.text)
    TIM_TimeBaseStructInit                   0x080090d7   Thumb Code    18  stm32f4xx_tim.o(.text)
    TIM_PrescalerConfig                      0x080090e9   Thumb Code     6  stm32f4xx_tim.o(.text)
    TIM_CounterModeConfig                    0x080090ef   Thumb Code    18  stm32f4xx_tim.o(.text)
    TIM_SetCounter                           0x08009101   Thumb Code     4  stm32f4xx_tim.o(.text)
    TIM_SetAutoreload                        0x08009105   Thumb Code     4  stm32f4xx_tim.o(.text)
    TIM_GetCounter                           0x08009109   Thumb Code     6  stm32f4xx_tim.o(.text)
    TIM_GetPrescaler                         0x0800910f   Thumb Code     6  stm32f4xx_tim.o(.text)
    TIM_UpdateDisableConfig                  0x08009115   Thumb Code    24  stm32f4xx_tim.o(.text)
    TIM_UpdateRequestConfig                  0x0800912d   Thumb Code    24  stm32f4xx_tim.o(.text)
    TIM_ARRPreloadConfig                     0x08009145   Thumb Code    24  stm32f4xx_tim.o(.text)
    TIM_SelectOnePulseMode                   0x0800915d   Thumb Code    18  stm32f4xx_tim.o(.text)
    TIM_SetClockDivision                     0x0800916f   Thumb Code    18  stm32f4xx_tim.o(.text)
    TIM_Cmd                                  0x08009181   Thumb Code    24  stm32f4xx_tim.o(.text)
    TIM_OC1Init                              0x08009199   Thumb Code   114  stm32f4xx_tim.o(.text)
    TIM_OC2Init                              0x0800920b   Thumb Code   154  stm32f4xx_tim.o(.text)
    TIM_OC3Init                              0x080092a5   Thumb Code   204  stm32f4xx_tim.o(.text)
    TIM_OC4Init                              0x08009371   Thumb Code   112  stm32f4xx_tim.o(.text)
    TIM_OCStructInit                         0x080093e1   Thumb Code    20  stm32f4xx_tim.o(.text)
    TIM_SelectOCxM                           0x080093f5   Thumb Code    86  stm32f4xx_tim.o(.text)
    TIM_SetCompare1                          0x0800944b   Thumb Code     4  stm32f4xx_tim.o(.text)
    TIM_SetCompare2                          0x0800944f   Thumb Code     4  stm32f4xx_tim.o(.text)
    TIM_SetCompare3                          0x08009453   Thumb Code     4  stm32f4xx_tim.o(.text)
    TIM_SetCompare4                          0x08009457   Thumb Code     4  stm32f4xx_tim.o(.text)
    TIM_ForcedOC1Config                      0x0800945b   Thumb Code    18  stm32f4xx_tim.o(.text)
    TIM_ForcedOC2Config                      0x0800946d   Thumb Code    26  stm32f4xx_tim.o(.text)
    TIM_ForcedOC3Config                      0x08009487   Thumb Code    18  stm32f4xx_tim.o(.text)
    TIM_ForcedOC4Config                      0x08009499   Thumb Code    26  stm32f4xx_tim.o(.text)
    TIM_OC1PreloadConfig                     0x080094b3   Thumb Code    18  stm32f4xx_tim.o(.text)
    TIM_OC2PreloadConfig                     0x080094c5   Thumb Code    26  stm32f4xx_tim.o(.text)
    TIM_OC3PreloadConfig                     0x080094df   Thumb Code    18  stm32f4xx_tim.o(.text)
    TIM_OC4PreloadConfig                     0x080094f1   Thumb Code    26  stm32f4xx_tim.o(.text)
    TIM_OC1FastConfig                        0x0800950b   Thumb Code    18  stm32f4xx_tim.o(.text)
    TIM_OC2FastConfig                        0x0800951d   Thumb Code    26  stm32f4xx_tim.o(.text)
    TIM_OC3FastConfig                        0x08009537   Thumb Code    18  stm32f4xx_tim.o(.text)
    TIM_OC4FastConfig                        0x08009549   Thumb Code    26  stm32f4xx_tim.o(.text)
    TIM_ClearOC1Ref                          0x08009563   Thumb Code    18  stm32f4xx_tim.o(.text)
    TIM_ClearOC2Ref                          0x08009575   Thumb Code    24  stm32f4xx_tim.o(.text)
    TIM_ClearOC3Ref                          0x0800958d   Thumb Code    18  stm32f4xx_tim.o(.text)
    TIM_ClearOC4Ref                          0x0800959f   Thumb Code    24  stm32f4xx_tim.o(.text)
    TIM_OC1PolarityConfig                    0x080095b7   Thumb Code    18  stm32f4xx_tim.o(.text)
    TIM_OC1NPolarityConfig                   0x080095c9   Thumb Code    18  stm32f4xx_tim.o(.text)
    TIM_OC2PolarityConfig                    0x080095db   Thumb Code    26  stm32f4xx_tim.o(.text)
    TIM_OC2NPolarityConfig                   0x080095f5   Thumb Code    26  stm32f4xx_tim.o(.text)
    TIM_OC3PolarityConfig                    0x0800960f   Thumb Code    26  stm32f4xx_tim.o(.text)
    TIM_OC3NPolarityConfig                   0x08009629   Thumb Code    26  stm32f4xx_tim.o(.text)
    TIM_OC4PolarityConfig                    0x08009643   Thumb Code    26  stm32f4xx_tim.o(.text)
    TIM_CCxCmd                               0x0800965d   Thumb Code    30  stm32f4xx_tim.o(.text)
    TIM_CCxNCmd                              0x0800967b   Thumb Code    30  stm32f4xx_tim.o(.text)
    TIM_SetIC4Prescaler                      0x08009699   Thumb Code    26  stm32f4xx_tim.o(.text)
    TIM_SetIC3Prescaler                      0x08009703   Thumb Code    18  stm32f4xx_tim.o(.text)
    TIM_SetIC2Prescaler                      0x0800975d   Thumb Code    26  stm32f4xx_tim.o(.text)
    TIM_SetIC1Prescaler                      0x080097d1   Thumb Code    18  stm32f4xx_tim.o(.text)
    TIM_ICInit                               0x0800981d   Thumb Code   110  stm32f4xx_tim.o(.text)
    TIM_ICStructInit                         0x0800988b   Thumb Code    18  stm32f4xx_tim.o(.text)
    TIM_PWMIConfig                           0x0800989d   Thumb Code   124  stm32f4xx_tim.o(.text)
    TIM_GetCapture1                          0x08009919   Thumb Code     6  stm32f4xx_tim.o(.text)
    TIM_GetCapture2                          0x0800991f   Thumb Code     6  stm32f4xx_tim.o(.text)
    TIM_GetCapture3                          0x08009925   Thumb Code     6  stm32f4xx_tim.o(.text)
    TIM_GetCapture4                          0x0800992b   Thumb Code     6  stm32f4xx_tim.o(.text)
    TIM_BDTRConfig                           0x08009931   Thumb Code    32  stm32f4xx_tim.o(.text)
    TIM_BDTRStructInit                       0x08009951   Thumb Code    18  stm32f4xx_tim.o(.text)
    TIM_CtrlPWMOutputs                       0x08009963   Thumb Code    30  stm32f4xx_tim.o(.text)
    TIM_SelectCOM                            0x08009981   Thumb Code    24  stm32f4xx_tim.o(.text)
    TIM_CCPreloadControl                     0x08009999   Thumb Code    24  stm32f4xx_tim.o(.text)
    TIM_ITConfig                             0x080099b1   Thumb Code    18  stm32f4xx_tim.o(.text)
    TIM_GenerateEvent                        0x080099c3   Thumb Code     4  stm32f4xx_tim.o(.text)
    TIM_GetFlagStatus                        0x080099c7   Thumb Code    18  stm32f4xx_tim.o(.text)
    TIM_ClearFlag                            0x080099d9   Thumb Code     6  stm32f4xx_tim.o(.text)
    TIM_GetITStatus                          0x080099df   Thumb Code    34  stm32f4xx_tim.o(.text)
    TIM_ClearITPendingBit                    0x08009a01   Thumb Code     6  stm32f4xx_tim.o(.text)
    TIM_DMAConfig                            0x08009a07   Thumb Code    10  stm32f4xx_tim.o(.text)
    TIM_DMACmd                               0x08009a11   Thumb Code    18  stm32f4xx_tim.o(.text)
    TIM_SelectCCDMA                          0x08009a23   Thumb Code    24  stm32f4xx_tim.o(.text)
    TIM_InternalClockConfig                  0x08009a3b   Thumb Code    12  stm32f4xx_tim.o(.text)
    TIM_SelectInputTrigger                   0x08009a47   Thumb Code    18  stm32f4xx_tim.o(.text)
    TIM_ITRxExternalClockConfig              0x08009a59   Thumb Code    24  stm32f4xx_tim.o(.text)
    TIM_TIxExternalClockConfig               0x08009a71   Thumb Code    62  stm32f4xx_tim.o(.text)
    TIM_ETRConfig                            0x08009aaf   Thumb Code    28  stm32f4xx_tim.o(.text)
    TIM_ETRClockMode1Config                  0x08009acb   Thumb Code    54  stm32f4xx_tim.o(.text)
    TIM_ETRClockMode2Config                  0x08009b01   Thumb Code    32  stm32f4xx_tim.o(.text)
    TIM_SelectOutputTrigger                  0x08009b21   Thumb Code    18  stm32f4xx_tim.o(.text)
    TIM_SelectSlaveMode                      0x08009b33   Thumb Code    18  stm32f4xx_tim.o(.text)
    TIM_SelectMasterSlaveMode                0x08009b45   Thumb Code    18  stm32f4xx_tim.o(.text)
    TIM_EncoderInterfaceConfig               0x08009b57   Thumb Code    66  stm32f4xx_tim.o(.text)
    TIM_SelectHallSensor                     0x08009b99   Thumb Code    24  stm32f4xx_tim.o(.text)
    TIM_RemapConfig                          0x08009bb1   Thumb Code     6  stm32f4xx_tim.o(.text)
    USART_DeInit                             0x08009bb9   Thumb Code   206  stm32f4xx_usart.o(.text)
    USART_Init                               0x08009c87   Thumb Code   204  stm32f4xx_usart.o(.text)
    USART_StructInit                         0x08009d53   Thumb Code    24  stm32f4xx_usart.o(.text)
    USART_ClockInit                          0x08009d6b   Thumb Code    32  stm32f4xx_usart.o(.text)
    USART_ClockStructInit                    0x08009d8b   Thumb Code    12  stm32f4xx_usart.o(.text)
    USART_Cmd                                0x08009d97   Thumb Code    24  stm32f4xx_usart.o(.text)
    USART_SetPrescaler                       0x08009daf   Thumb Code    16  stm32f4xx_usart.o(.text)
    USART_OverSampling8Cmd                   0x08009dbf   Thumb Code    22  stm32f4xx_usart.o(.text)
    USART_OneBitMethodCmd                    0x08009dd5   Thumb Code    24  stm32f4xx_usart.o(.text)
    USART_SendData                           0x08009ded   Thumb Code     8  stm32f4xx_usart.o(.text)
    USART_ReceiveData                        0x08009df5   Thumb Code    10  stm32f4xx_usart.o(.text)
    USART_SetAddress                         0x08009dff   Thumb Code    18  stm32f4xx_usart.o(.text)
    USART_ReceiverWakeUpCmd                  0x08009e11   Thumb Code    24  stm32f4xx_usart.o(.text)
    USART_WakeUpConfig                       0x08009e29   Thumb Code    18  stm32f4xx_usart.o(.text)
    USART_LINBreakDetectLengthConfig         0x08009e3b   Thumb Code    18  stm32f4xx_usart.o(.text)
    USART_LINCmd                             0x08009e4d   Thumb Code    24  stm32f4xx_usart.o(.text)
    USART_SendBreak                          0x08009e65   Thumb Code    10  stm32f4xx_usart.o(.text)
    USART_HalfDuplexCmd                      0x08009e6f   Thumb Code    24  stm32f4xx_usart.o(.text)
    USART_SetGuardTime                       0x08009e87   Thumb Code    16  stm32f4xx_usart.o(.text)
    USART_SmartCardCmd                       0x08009e97   Thumb Code    24  stm32f4xx_usart.o(.text)
    USART_SmartCardNACKCmd                   0x08009eaf   Thumb Code    24  stm32f4xx_usart.o(.text)
    USART_IrDAConfig                         0x08009ec7   Thumb Code    18  stm32f4xx_usart.o(.text)
    USART_IrDACmd                            0x08009ed9   Thumb Code    24  stm32f4xx_usart.o(.text)
    USART_DMACmd                             0x08009ef1   Thumb Code    18  stm32f4xx_usart.o(.text)
    USART_ITConfig                           0x08009f03   Thumb Code    74  stm32f4xx_usart.o(.text)
    USART_GetFlagStatus                      0x08009f4d   Thumb Code    26  stm32f4xx_usart.o(.text)
    USART_ClearFlag                          0x08009f67   Thumb Code    18  stm32f4xx_usart.o(.text)
    USART_GetITStatus                        0x08009f79   Thumb Code   118  stm32f4xx_usart.o(.text)
    USART_ClearITPendingBit                  0x08009fef   Thumb Code    30  stm32f4xx_usart.o(.text)
    SYSCFG_DeInit                            0x0800a00d   Thumb Code    22  stm32f4xx_syscfg.o(.text)
    SYSCFG_MemoryRemapConfig                 0x0800a023   Thumb Code     6  stm32f4xx_syscfg.o(.text)
    SYSCFG_MemorySwappingBank                0x0800a029   Thumb Code     6  stm32f4xx_syscfg.o(.text)
    SYSCFG_EXTILineConfig                    0x0800a02f   Thumb Code    66  stm32f4xx_syscfg.o(.text)
    SYSCFG_ETH_MediaInterfaceConfig          0x0800a071   Thumb Code     8  stm32f4xx_syscfg.o(.text)
    SYSCFG_CompensationCellCmd               0x0800a079   Thumb Code     6  stm32f4xx_syscfg.o(.text)
    SYSCFG_GetCompensationCellStatus         0x0800a07f   Thumb Code    22  stm32f4xx_syscfg.o(.text)
    DMA_DeInit                               0x0800a0a1   Thumb Code   324  stm32f4xx_dma.o(.text)
    DMA_Init                                 0x0800a1e5   Thumb Code    82  stm32f4xx_dma.o(.text)
    DMA_StructInit                           0x0800a237   Thumb Code    34  stm32f4xx_dma.o(.text)
    DMA_Cmd                                  0x0800a259   Thumb Code    22  stm32f4xx_dma.o(.text)
    DMA_PeriphIncOffsetSizeConfig            0x0800a26f   Thumb Code    22  stm32f4xx_dma.o(.text)
    DMA_FlowControllerConfig                 0x0800a285   Thumb Code    22  stm32f4xx_dma.o(.text)
    DMA_SetCurrDataCounter                   0x0800a29b   Thumb Code     4  stm32f4xx_dma.o(.text)
    DMA_GetCurrDataCounter                   0x0800a29f   Thumb Code     8  stm32f4xx_dma.o(.text)
    DMA_DoubleBufferModeConfig               0x0800a2a7   Thumb Code    24  stm32f4xx_dma.o(.text)
    DMA_DoubleBufferModeCmd                  0x0800a2bf   Thumb Code    22  stm32f4xx_dma.o(.text)
    DMA_MemoryTargetConfig                   0x0800a2d5   Thumb Code    10  stm32f4xx_dma.o(.text)
    DMA_GetCurrentMemoryTarget               0x0800a2df   Thumb Code    20  stm32f4xx_dma.o(.text)
    DMA_GetCmdStatus                         0x0800a2f3   Thumb Code    20  stm32f4xx_dma.o(.text)
    DMA_GetFIFOStatus                        0x0800a307   Thumb Code    12  stm32f4xx_dma.o(.text)
    DMA_GetFlagStatus                        0x0800a313   Thumb Code    56  stm32f4xx_dma.o(.text)
    DMA_ClearFlag                            0x0800a34b   Thumb Code    40  stm32f4xx_dma.o(.text)
    DMA_ITConfig                             0x0800a373   Thumb Code    58  stm32f4xx_dma.o(.text)
    DMA_GetITStatus                          0x0800a3ad   Thumb Code    84  stm32f4xx_dma.o(.text)
    DMA_ClearITPendingBit                    0x0800a401   Thumb Code    40  stm32f4xx_dma.o(.text)
    DCMI_DeInit                              0x0800a449   Thumb Code    24  stm32f4xx_dcmi.o(.text)
    DCMI_Init                                0x0800a461   Thumb Code    60  stm32f4xx_dcmi.o(.text)
    DCMI_StructInit                          0x0800a49d   Thumb Code    18  stm32f4xx_dcmi.o(.text)
    DCMI_CROPConfig                          0x0800a4af   Thumb Code    26  stm32f4xx_dcmi.o(.text)
    DCMI_CROPCmd                             0x0800a4c9   Thumb Code    30  stm32f4xx_dcmi.o(.text)
    DCMI_SetEmbeddedSynchroCodes             0x0800a4e7   Thumb Code    26  stm32f4xx_dcmi.o(.text)
    DCMI_JPEGCmd                             0x0800a501   Thumb Code    30  stm32f4xx_dcmi.o(.text)
    DCMI_Cmd                                 0x0800a51f   Thumb Code    30  stm32f4xx_dcmi.o(.text)
    DCMI_CaptureCmd                          0x0800a53d   Thumb Code    30  stm32f4xx_dcmi.o(.text)
    DCMI_ReadData                            0x0800a55b   Thumb Code     6  stm32f4xx_dcmi.o(.text)
    DCMI_ITConfig                            0x0800a561   Thumb Code    30  stm32f4xx_dcmi.o(.text)
    DCMI_GetFlagStatus                       0x0800a57f   Thumb Code    46  stm32f4xx_dcmi.o(.text)
    DCMI_ClearFlag                           0x0800a5ad   Thumb Code     6  stm32f4xx_dcmi.o(.text)
    DCMI_GetITStatus                         0x0800a5b3   Thumb Code    24  stm32f4xx_dcmi.o(.text)
    DCMI_ClearITPendingBit                   0x0800a5cb   Thumb Code     6  stm32f4xx_dcmi.o(.text)
    EXTI_DeInit                              0x0800a5d5   Thumb Code    28  stm32f4xx_exti.o(.text)
    EXTI_Init                                0x0800a5f1   Thumb Code   142  stm32f4xx_exti.o(.text)
    EXTI_StructInit                          0x0800a67f   Thumb Code    16  stm32f4xx_exti.o(.text)
    EXTI_GenerateSWInterrupt                 0x0800a68f   Thumb Code    16  stm32f4xx_exti.o(.text)
    EXTI_GetFlagStatus                       0x0800a69f   Thumb Code    22  stm32f4xx_exti.o(.text)
    EXTI_ClearFlag                           0x0800a6b5   Thumb Code     8  stm32f4xx_exti.o(.text)
    EXTI_GetITStatus                         0x0800a6bd   Thumb Code    22  stm32f4xx_exti.o(.text)
    EXTI_ClearITPendingBit                   0x0800a6d3   Thumb Code     8  stm32f4xx_exti.o(.text)
    mymemcpy                                 0x0800a6e5   Thumb Code    26  malloc.o(.text)
    mymemset                                 0x0800a6ff   Thumb Code    20  malloc.o(.text)
    my_mem_init                              0x0800a713   Thumb Code    54  malloc.o(.text)
    my_mem_perused                           0x0800a749   Thumb Code    54  malloc.o(.text)
    my_mem_malloc                            0x0800a77f   Thumb Code   154  malloc.o(.text)
    my_mem_free                              0x0800a819   Thumb Code    94  malloc.o(.text)
    myfree                                   0x0800a877   Thumb Code    32  malloc.o(.text)
    mymalloc                                 0x0800a897   Thumb Code    36  malloc.o(.text)
    myrealloc                                0x0800a8bb   Thumb Code    68  malloc.o(.text)
    usmart_sys_cmd_exe                       0x0800a911   Thumb Code  1554  usmart.o(.text)
    usmart_reset_runtime                     0x0800af23   Thumb Code    38  usmart.o(.text)
    usmart_get_runtime                       0x0800af49   Thumb Code    60  usmart.o(.text)
    TIM4_IRQHandler                          0x0800af85   Thumb Code    46  usmart.o(.text)
    Timer4_Init                              0x0800afb3   Thumb Code    86  usmart.o(.text)
    usmart_init                              0x0800b009   Thumb Code    36  usmart.o(.text)
    usmart_cmd_rec                           0x0800b02d   Thumb Code   170  usmart.o(.text)
    usmart_exe                               0x0800b0d7   Thumb Code   868  usmart.o(.text)
    usmart_scan                              0x0800b43b   Thumb Code   120  usmart.o(.text)
    read_addr                                0x0800b4b3   Thumb Code     6  usmart.o(.text)
    write_addr                               0x0800b4b9   Thumb Code     4  usmart.o(.text)
    usmart_strcmp                            0x0800b545   Thumb Code    34  usmart_str.o(.text)
    usmart_strcopy                           0x0800b567   Thumb Code    22  usmart_str.o(.text)
    usmart_strlen                            0x0800b57d   Thumb Code    24  usmart_str.o(.text)
    usmart_pow                               0x0800b595   Thumb Code    22  usmart_str.o(.text)
    usmart_str2num                           0x0800b5ab   Thumb Code   202  usmart_str.o(.text)
    usmart_get_cmdname                       0x0800b675   Thumb Code    54  usmart_str.o(.text)
    usmart_search_nextc                      0x0800b6ab   Thumb Code    22  usmart_str.o(.text)
    usmart_get_fname                         0x0800b6c1   Thumb Code   440  usmart_str.o(.text)
    usmart_get_aparm                         0x0800b879   Thumb Code   200  usmart_str.o(.text)
    usmart_get_parmpos                       0x0800b941   Thumb Code    26  usmart_str.o(.text)
    usmart_get_fparam                        0x0800b95b   Thumb Code   262  usmart_str.o(.text)
    disk_initialize                          0x0800ba6d   Thumb Code    52  diskio.o(.text)
    disk_status                              0x0800baa1   Thumb Code     6  diskio.o(.text)
    disk_read                                0x0800baa7   Thumb Code   122  diskio.o(.text)
    disk_write                               0x0800bb21   Thumb Code   122  diskio.o(.text)
    disk_ioctl                               0x0800bb9b   Thumb Code   170  diskio.o(.text)
    get_fattime                              0x0800bc45   Thumb Code     4  diskio.o(.text)
    ff_memalloc                              0x0800bc49   Thumb Code    14  diskio.o(.text)
    ff_memfree                               0x0800bc57   Thumb Code    14  diskio.o(.text)
    clust2sect                               0x0800be1b   Thumb Code    26  ff.o(.text)
    get_fat                                  0x0800be35   Thumb Code   232  ff.o(.text)
    put_fat                                  0x0800bf1d   Thumb Code   310  ff.o(.text)
    dir_sdi                                  0x0800c1c7   Thumb Code   158  ff.o(.text)
    f_mount                                  0x0800d239   Thumb Code    86  ff.o(.text)
    f_open                                   0x0800d28f   Thumb Code   384  ff.o(.text)
    f_read                                   0x0800d40f   Thumb Code   448  ff.o(.text)
    f_write                                  0x0800d5cf   Thumb Code   490  ff.o(.text)
    f_sync                                   0x0800d7b9   Thumb Code   176  ff.o(.text)
    f_close                                  0x0800d869   Thumb Code    36  ff.o(.text)
    f_lseek                                  0x0800d88d   Thumb Code   654  ff.o(.text)
    f_opendir                                0x0800db1b   Thumb Code   136  ff.o(.text)
    f_closedir                               0x0800dba3   Thumb Code    22  ff.o(.text)
    f_readdir                                0x0800dbb9   Thumb Code   114  ff.o(.text)
    f_stat                                   0x0800dc2b   Thumb Code    84  ff.o(.text)
    f_getfree                                0x0800dc7f   Thumb Code   258  ff.o(.text)
    f_truncate                               0x0800dd81   Thumb Code   184  ff.o(.text)
    f_unlink                                 0x0800de39   Thumb Code   194  ff.o(.text)
    f_mkdir                                  0x0800defb   Thumb Code   380  ff.o(.text)
    f_chmod                                  0x0800e077   Thumb Code   112  ff.o(.text)
    f_utime                                  0x0800e0e7   Thumb Code   110  ff.o(.text)
    f_rename                                 0x0800e155   Thumb Code   314  ff.o(.text)
    f_getlabel                               0x0800e28f   Thumb Code   190  ff.o(.text)
    f_setlabel                               0x0800e34d   Thumb Code   470  ff.o(.text)
    f_mkfs                                   0x0800e523   Thumb Code  1570  ff.o(.text)
    f_gets                                   0x0800eb45   Thumb Code    82  ff.o(.text)
    f_putc                                   0x0800ebdb   Thumb Code    64  ff.o(.text)
    f_puts                                   0x0800ec1b   Thumb Code    74  ff.o(.text)
    f_printf                                 0x0800ec65   Thumb Code   674  ff.o(.text)
    exfuns_init                              0x0800ef09   Thumb Code   114  exfuns.o(.text)
    char_upper                               0x0800ef7b   Thumb Code    26  exfuns.o(.text)
    f_typetell                               0x0800ef95   Thumb Code   172  exfuns.o(.text)
    exf_getfree                              0x0800f041   Thumb Code    74  exfuns.o(.text)
    ff_convert                               0x0800f0a1   Thumb Code   146  mycc936.o(.text)
    ff_wtoupper                              0x0800f133   Thumb Code    46  mycc936.o(.text)
    Get_HzMat                                0x0800f16d   Thumb Code   220  text.o(.text)
    Show_Font                                0x0800f249   Thumb Code   190  text.o(.text)
    Show_Str                                 0x0800f307   Thumb Code   192  text.o(.text)
    Show_Str_Mid                             0x0800f3c7   Thumb Code   106  text.o(.text)
    stdbmp_decode                            0x0800f441   Thumb Code   712  bmp.o(.text)
    minibmp_decode                           0x0800f709   Thumb Code   932  bmp.o(.text)
    bmp_encode                               0x0800faad   Thumb Code   486  bmp.o(.text)
    gif_check_head                           0x0800fca1   Thumb Code    88  gif.o(.text)
    gif_getrgb565                            0x0800fcf9   Thumb Code    28  gif.o(.text)
    gif_readcolortbl                         0x0800fd15   Thumb Code    64  gif.o(.text)
    gif_getinfo                              0x0800fd55   Thumb Code    70  gif.o(.text)
    gif_savegctbl                            0x0800fd9b   Thumb Code    38  gif.o(.text)
    gif_recovergctbl                         0x0800fdc1   Thumb Code    38  gif.o(.text)
    gif_initlzw                              0x0800fde7   Thumb Code   152  gif.o(.text)
    gif_getdatablock                         0x0800fe7f   Thumb Code    96  gif.o(.text)
    gif_readextension                        0x0800fedf   Thumb Code   160  gif.o(.text)
    gif_getnextcode                          0x0800ff7f   Thumb Code   452  gif.o(.text)
    gif_getnextbyte                          0x08010143   Thumb Code   856  gif.o(.text)
    gif_dispimage                            0x0801049b   Thumb Code   544  gif.o(.text)
    gif_clear2bkcolor                        0x080106bb   Thumb Code   496  gif.o(.text)
    gif_drawimage                            0x080108ab   Thumb Code   352  gif.o(.text)
    gif_quit                                 0x08010a0b   Thumb Code     8  gif.o(.text)
    gif_decode                               0x08010a13   Thumb Code   296  gif.o(.text)
    piclib_draw_hline                        0x08010b41   Thumb Code    52  piclib.o(.text)
    piclib_fill_color                        0x08010b75   Thumb Code    44  piclib.o(.text)
    piclib_init                              0x08010ba1   Thumb Code    62  piclib.o(.text)
    piclib_alpha_blend                       0x08010bdf   Thumb Code    42  piclib.o(.text)
    ai_draw_init                             0x08010c09   Thumb Code   216  piclib.o(.text)
    is_element_ok                            0x08010ce1   Thumb Code    36  piclib.o(.text)
    ai_load_picfile                          0x08010d05   Thumb Code   194  piclib.o(.text)
    pic_memalloc                             0x08010dc7   Thumb Code    14  piclib.o(.text)
    pic_memfree                              0x08010dd5   Thumb Code    14  piclib.o(.text)
    jd_prepare                               0x080119a5   Thumb Code   924  tjpgd.o(.text)
    jd_decomp                                0x08011d41   Thumb Code   162  tjpgd.o(.text)
    jpeg_mallocall                           0x08011de3   Thumb Code    70  tjpgd.o(.text)
    jpeg_freeall                             0x08011e29   Thumb Code    28  tjpgd.o(.text)
    jpeg_in_func                             0x08011e45   Thumb Code    48  tjpgd.o(.text)
    jpeg_out_func_fill                       0x08011e75   Thumb Code    74  tjpgd.o(.text)
    jpeg_out_func_point                      0x08011ebf   Thumb Code   182  tjpgd.o(.text)
    jpg_decode                               0x08011f75   Thumb Code   234  tjpgd.o(.text)
    __use_no_semihosting                     0x08012075   Thumb Code     2  use_no_semi_2.o(.text)
    __aeabi_ldivmod                          0x08012077   Thumb Code     0  llsdiv.o(.text)
    _ll_sdiv                                 0x08012077   Thumb Code    72  llsdiv.o(.text)
    __2printf                                0x080120c1   Thumb Code    20  noretval__2printf.o(.text)
    __2sprintf                               0x080120d9   Thumb Code    34  noretval__2sprintf.o(.text)
    _printf_pre_padding                      0x08012101   Thumb Code    44  _printf_pad.o(.text)
    _printf_post_padding                     0x0801212d   Thumb Code    34  _printf_pad.o(.text)
    _printf_str                              0x0801214f   Thumb Code    82  _printf_str.o(.text)
    _printf_int_dec                          0x080121a1   Thumb Code   104  _printf_dec.o(.text)
    _printf_int_hex                          0x08012219   Thumb Code    84  _printf_hex_int.o(.text)
    _printf_longlong_hex                     0x08012219   Thumb Code     0  _printf_hex_int.o(.text)
    __printf                                 0x08012271   Thumb Code   388  __printf_flags_ss_wp.o(.text)
    strcpy                                   0x080123f9   Thumb Code    72  strcpy.o(.text)
    strlen                                   0x08012441   Thumb Code    62  strlen.o(.text)
    __aeabi_memcpy                           0x0801247f   Thumb Code     0  rt_memcpy_v6.o(.text)
    __rt_memcpy                              0x0801247f   Thumb Code   138  rt_memcpy_v6.o(.text)
    _memcpy_lastbytes                        0x080124e5   Thumb Code     0  rt_memcpy_v6.o(.text)
    strcmp                                   0x08012509   Thumb Code   128  strcmpv7m.o(.text)
    __use_two_region_memory                  0x08012589   Thumb Code     2  heapauxi.o(.text)
    __rt_heap_escrow$2region                 0x0801258b   Thumb Code     2  heapauxi.o(.text)
    __rt_heap_expand$2region                 0x0801258d   Thumb Code     2  heapauxi.o(.text)
    __I$use$semihosting                      0x0801258f   Thumb Code     0  use_no_semi.o(.text)
    __use_no_semihosting_swi                 0x0801258f   Thumb Code     2  use_no_semi.o(.text)
    __aeabi_uldivmod                         0x08012591   Thumb Code     0  lludivv7m.o(.text)
    _ll_udiv                                 0x08012591   Thumb Code   238  lludivv7m.o(.text)
    _printf_int_common                       0x0801267f   Thumb Code   178  _printf_intcommon.o(.text)
    _printf_char_common                      0x0801273b   Thumb Code    32  _printf_char_common.o(.text)
    _sputc                                   0x08012761   Thumb Code    10  _sputc.o(.text)
    _printf_cs_common                        0x0801276b   Thumb Code    20  _printf_char.o(.text)
    _printf_char                             0x0801277f   Thumb Code    16  _printf_char.o(.text)
    _printf_string                           0x0801278f   Thumb Code     8  _printf_char.o(.text)
    _printf_char_file                        0x08012799   Thumb Code    32  _printf_char_file.o(.text)
    __aeabi_memcpy4                          0x080127bd   Thumb Code     0  rt_memcpy_w.o(.text)
    __aeabi_memcpy8                          0x080127bd   Thumb Code     0  rt_memcpy_w.o(.text)
    __rt_memcpy_w                            0x080127bd   Thumb Code   100  rt_memcpy_w.o(.text)
    _memcpy_lastbytes_aligned                0x08012805   Thumb Code     0  rt_memcpy_w.o(.text)
    ferror                                   0x08012821   Thumb Code     8  ferror.o(.text)
    __user_setup_stackheap                   0x08012829   Thumb Code    74  sys_stackheap_outer.o(.text)
    exit                                     0x08012873   Thumb Code    18  exit.o(.text)
    __user_libspace                          0x08012885   Thumb Code     8  libspace.o(.text)
    __user_perproc_libspace                  0x08012885   Thumb Code     0  libspace.o(.text)
    __user_perthread_libspace                0x08012885   Thumb Code     0  libspace.o(.text)
    _is_digit                                0x0801288d   Thumb Code    14  __printf_wp.o(i._is_digit)
    __aeabi_d2uiz                            0x0801289d   Thumb Code     0  dfixu.o(x$fpl$dfixu)
    _dfixu                                   0x0801289d   Thumb Code    90  dfixu.o(x$fpl$dfixu)
    __aeabi_ui2d                             0x080128f7   Thumb Code     0  dflt_clz.o(x$fpl$dfltu)
    _dfltu                                   0x080128f7   Thumb Code    38  dflt_clz.o(x$fpl$dfltu)
    __aeabi_dmul                             0x0801291d   Thumb Code     0  dmul.o(x$fpl$dmul)
    _dmul                                    0x0801291d   Thumb Code   332  dmul.o(x$fpl$dmul)
    __fpl_dnaninf                            0x08012a71   Thumb Code   156  dnaninf.o(x$fpl$dnaninf)
    __fpl_dretinf                            0x08012b0d   Thumb Code    12  dretinf.o(x$fpl$dretinf)
    _fp_init                                 0x08012b19   Thumb Code    10  fpinit.o(x$fpl$fpinit)
    __fplib_config_fpu_vfp                   0x08012b21   Thumb Code     0  fpinit.o(x$fpl$fpinit)
    __fplib_config_pureend_doubles           0x08012b21   Thumb Code     0  fpinit.o(x$fpl$fpinit)
    __I$use$fp                               0x08012b22   Number         0  usenofp.o(x$fpl$usenofp)
    asc2_1206                                0x08012b22   Data        1140  lcd.o(.constdata)
    asc2_1608                                0x08012f96   Data        1520  lcd.o(.constdata)
    asc2_2412                                0x08013586   Data        3420  lcd.o(.constdata)
    ov2640_sxga_init_reg_tbl                 0x080142e2   Data         356  ov2640.o(.constdata)
    ov2640_svga_init_reg_tbl                 0x08014446   Data         354  ov2640.o(.constdata)
    ov2640_jpeg_reg_tbl                      0x080145a8   Data          14  ov2640.o(.constdata)
    ov2640_rgb565_reg_tbl                    0x080145b6   Data          28  ov2640.o(.constdata)
    ov2640_yuv422_reg_tbl                    0x080145d2   Data          16  ov2640.o(.constdata)
    FSMC_DefaultTimingStruct                 0x0801460c   Data          28  stm32f4xx_fsmc.o(.constdata)
    memtblsize                               0x08014628   Data          12  malloc.o(.constdata)
    memblksize                               0x08014634   Data          12  malloc.o(.constdata)
    memsize                                  0x08014640   Data          12  malloc.o(.constdata)
    FILE_TYPE_TBL                            0x08014688   Data         112  exfuns.o(.constdata)
    _aMaskTbl                                0x08014ab8   Data          32  gif.o(.constdata)
    _aInterlaceOffset                        0x08014ad8   Data           4  gif.o(.constdata)
    _aInterlaceYPos                          0x08014adc   Data           4  gif.o(.constdata)
    Region$$Table$$Base                      0x08015104   Number         0  anon$$obj.o(Region$$Table)
    Region$$Table$$Limit                     0x08015124   Number         0  anon$$obj.o(Region$$Table)
    mem3base                                 0x10000000   Data       61440  malloc.o(.ARM.__AT_0x10000000)
    mem3mapbase                              0x1000f000   Data        3840  malloc.o(.ARM.__AT_0x1000F000)
    KEY_GSM_flag                             0x20000000   Data           1  main.o(.data)
    KEY_WS2812B_flag                         0x20000001   Data           1  main.o(.data)
    KEY_Buzzer_flag                          0x20000002   Data           1  main.o(.data)
    hsync_int                                0x20000003   Data           1  main.o(.data)
    ov2640_mode                              0x20000004   Data           1  main.o(.data)
    jpeg_data_len                            0x20000008   Data           4  main.o(.data)
    jpeg_data_ok                             0x2000000c   Data           1  main.o(.data)
    jpeg_buf0                                0x20000010   Data           4  main.o(.data)
    jpeg_buf1                                0x20000014   Data           4  main.o(.data)
    jpeg_data_buf                            0x20000018   Data           4  main.o(.data)
    SystemCoreClock                          0x2000001c   Data           4  system_stm32f4xx.o(.data)
    AHBPrescTable                            0x20000020   Data          16  system_stm32f4xx.o(.data)
    POINT_COLOR                              0x20000030   Data           2  lcd.o(.data)
    BACK_COLOR                               0x20000032   Data           2  lcd.o(.data)
    W25QXX_TYPE                              0x20000034   Data           2  w25qxx.o(.data)
    TransferError                            0x20000042   Data           1  sdio_sdcard.o(.data)
    TransferEnd                              0x20000043   Data           1  sdio_sdcard.o(.data)
    tempbuff                                 0x20000044   Data           4  sdio_sdcard.o(.data)
    ov_frame                                 0x20000048   Data           1  dcmi.o(.data)
    dcmi_rx_callback                         0x2000004c   Data           4  dcmi.o(.data)
    __stdout                                 0x20000050   Data           4  gsm.o(.data)
    USART_RX_STA                             0x20000054   Data           2  gsm.o(.data)
    mallco_dev                               0x2000006c   Data          36  malloc.o(.data)
    sys_cmd_tab                              0x20000090   Data          28  usmart.o(.data)
    usmart_nametab                           0x200000ac   Data          40  usmart_config.o(.data)
    usmart_dev                               0x200000d4   Data         244  usmart_config.o(.data)
    FLASH_SECTOR_COUNT                       0x200001c8   Data           2  diskio.o(.data)
    file                                     0x200001cc   Data           4  exfuns.o(.data)
    ftemp                                    0x200001d0   Data           4  exfuns.o(.data)
    br                                       0x200001d4   Data           4  exfuns.o(.data)
    bw                                       0x200001d8   Data           4  exfuns.o(.data)
    fatbuf                                   0x200001dc   Data           4  exfuns.o(.data)
    gifdecoding                              0x200001e0   Data           1  gif.o(.data)
    f_jpeg                                   0x200001e4   Data           4  tjpgd.o(.data)
    jpeg_dev                                 0x200001e8   Data           4  tjpgd.o(.data)
    jpg_buffer                               0x200001ec   Data           4  tjpgd.o(.data)
    lcddev                                   0x200001f0   Data          14  lcd.o(.bss)
    W25QXX_BUFFER                            0x200001fe   Data        4096  w25qxx.o(.bss)
    SDIO_InitStructure                       0x20001200   Data          24  sdio_sdcard.o(.bss)
    SDIO_CmdInitStructure                    0x20001218   Data          20  sdio_sdcard.o(.bss)
    SDIO_DataInitStructure                   0x2000122c   Data          24  sdio_sdcard.o(.bss)
    SDCardInfo                               0x20001268   Data          88  sdio_sdcard.o(.bss)
    SDIO_DATA_BUFFER                         0x200012c0   Data         512  sdio_sdcard.o(.bss)
    DCMI_InitStructure                       0x200014c0   Data          14  dcmi.o(.bss)
    USART_RX_BUF                             0x200014ce   Data         200  gsm.o(.bss)
    mem1base                                 0x200015a0   Data       102400  malloc.o(.bss)
    mem1mapbase                              0x2001a5a0   Data        6400  malloc.o(.bss)
    fs                                       0x2001beac   Data          12  exfuns.o(.bss)
    fileinfo                                 0x2001beb8   Data          32  exfuns.o(.bss)
    dir                                      0x2001bed8   Data          36  exfuns.o(.bss)
    ftinfo                                   0x2001befc   Data          33  fontupd.o(.bss)
    picinfo                                  0x2001bf20   Data          40  piclib.o(.bss)
    pic_phy                                  0x2001bf48   Data          20  piclib.o(.bss)
    __libspace_start                         0x2001bf5c   Data          96  libspace.o(.bss)
    __temporary_stack_top$libspace           0x2001bfbc   Data           0  libspace.o(.bss)
    mem2base                                 0x68000000   Data       983040  malloc.o(.ARM.__AT_0x68000000)
    mem2mapbase                              0x680f0000   Data       61440  malloc.o(.ARM.__AT_0x680F0000)



==============================================================================

Memory Map of the image

  Image Entry point : 0x08000189

  Load Region LR_IROM1 (Base: 0x08000000, Size: 0x00015314, Max: 0x00100000, ABSOLUTE, COMPRESSED[0x000151ac])

    Execution Region ER_IROM1 (Base: 0x08000000, Size: 0x00015124, Max: 0x00100000, ABSOLUTE)

    Base Addr    Size         Type   Attr      Idx    E Section Name        Object

    0x08000000   0x00000188   Data   RO          736    RESET               startup_stm32f40_41xxx.o
    0x08000188   0x00000008   Code   RO         1447  * !!!main             c_w.l(__main.o)
    0x08000190   0x00000034   Code   RO         1652    !!!scatter          c_w.l(__scatter.o)
    0x080001c4   0x0000005a   Code   RO         1650    !!dczerorl2         c_w.l(__dczerorl2.o)
    0x0800021e   0x00000002   PAD
    0x08000220   0x0000001c   Code   RO         1654    !!handler_zi        c_w.l(__scatter_zi.o)
    0x0800023c   0x00000000   Code   RO         1434    .ARM.Collect$$_printf_percent$$00000000  c_w.l(_printf_percent.o)
    0x0800023c   0x00000006   Code   RO         1432    .ARM.Collect$$_printf_percent$$00000009  c_w.l(_printf_d.o)
    0x08000242   0x00000006   Code   RO         1433    .ARM.Collect$$_printf_percent$$0000000A  c_w.l(_printf_u.o)
    0x08000248   0x00000006   Code   RO         1431    .ARM.Collect$$_printf_percent$$0000000C  c_w.l(_printf_x.o)
    0x0800024e   0x00000006   Code   RO         1429    .ARM.Collect$$_printf_percent$$00000013  c_w.l(_printf_c.o)
    0x08000254   0x00000006   Code   RO         1430    .ARM.Collect$$_printf_percent$$00000014  c_w.l(_printf_s.o)
    0x0800025a   0x00000004   Code   RO         1476    .ARM.Collect$$_printf_percent$$00000017  c_w.l(_printf_percent_end.o)
    0x0800025e   0x00000002   Code   RO         1520    .ARM.Collect$$libinit$$00000000  c_w.l(libinit.o)
    0x08000260   0x00000004   Code   RO         1530    .ARM.Collect$$libinit$$00000001  c_w.l(libinit2.o)
    0x08000264   0x00000000   Code   RO         1533    .ARM.Collect$$libinit$$00000004  c_w.l(libinit2.o)
    0x08000264   0x00000000   Code   RO         1536    .ARM.Collect$$libinit$$0000000A  c_w.l(libinit2.o)
    0x08000264   0x00000000   Code   RO         1538    .ARM.Collect$$libinit$$0000000C  c_w.l(libinit2.o)
    0x08000264   0x00000000   Code   RO         1540    .ARM.Collect$$libinit$$0000000E  c_w.l(libinit2.o)
    0x08000264   0x00000000   Code   RO         1543    .ARM.Collect$$libinit$$00000011  c_w.l(libinit2.o)
    0x08000264   0x00000000   Code   RO         1545    .ARM.Collect$$libinit$$00000013  c_w.l(libinit2.o)
    0x08000264   0x00000000   Code   RO         1547    .ARM.Collect$$libinit$$00000015  c_w.l(libinit2.o)
    0x08000264   0x00000000   Code   RO         1549    .ARM.Collect$$libinit$$00000017  c_w.l(libinit2.o)
    0x08000264   0x00000000   Code   RO         1551    .ARM.Collect$$libinit$$00000019  c_w.l(libinit2.o)
    0x08000264   0x00000000   Code   RO         1553    .ARM.Collect$$libinit$$0000001B  c_w.l(libinit2.o)
    0x08000264   0x00000000   Code   RO         1555    .ARM.Collect$$libinit$$0000001D  c_w.l(libinit2.o)
    0x08000264   0x00000000   Code   RO         1557    .ARM.Collect$$libinit$$0000001F  c_w.l(libinit2.o)
    0x08000264   0x00000000   Code   RO         1559    .ARM.Collect$$libinit$$00000021  c_w.l(libinit2.o)
    0x08000264   0x00000000   Code   RO         1561    .ARM.Collect$$libinit$$00000023  c_w.l(libinit2.o)
    0x08000264   0x00000000   Code   RO         1563    .ARM.Collect$$libinit$$00000025  c_w.l(libinit2.o)
    0x08000264   0x00000000   Code   RO         1567    .ARM.Collect$$libinit$$0000002C  c_w.l(libinit2.o)
    0x08000264   0x00000000   Code   RO         1569    .ARM.Collect$$libinit$$0000002E  c_w.l(libinit2.o)
    0x08000264   0x00000000   Code   RO         1571    .ARM.Collect$$libinit$$00000030  c_w.l(libinit2.o)
    0x08000264   0x00000000   Code   RO         1573    .ARM.Collect$$libinit$$00000032  c_w.l(libinit2.o)
    0x08000264   0x00000002   Code   RO         1574    .ARM.Collect$$libinit$$00000033  c_w.l(libinit2.o)
    0x08000266   0x00000002   Code   RO         1602    .ARM.Collect$$libshutdown$$00000000  c_w.l(libshutdown.o)
    0x08000268   0x00000000   Code   RO         1616    .ARM.Collect$$libshutdown$$00000002  c_w.l(libshutdown2.o)
    0x08000268   0x00000000   Code   RO         1618    .ARM.Collect$$libshutdown$$00000004  c_w.l(libshutdown2.o)
    0x08000268   0x00000000   Code   RO         1621    .ARM.Collect$$libshutdown$$00000007  c_w.l(libshutdown2.o)
    0x08000268   0x00000000   Code   RO         1624    .ARM.Collect$$libshutdown$$0000000A  c_w.l(libshutdown2.o)
    0x08000268   0x00000000   Code   RO         1626    .ARM.Collect$$libshutdown$$0000000C  c_w.l(libshutdown2.o)
    0x08000268   0x00000000   Code   RO         1629    .ARM.Collect$$libshutdown$$0000000F  c_w.l(libshutdown2.o)
    0x08000268   0x00000002   Code   RO         1630    .ARM.Collect$$libshutdown$$00000010  c_w.l(libshutdown2.o)
    0x0800026a   0x00000000   Code   RO         1463    .ARM.Collect$$rtentry$$00000000  c_w.l(__rtentry.o)
    0x0800026a   0x00000000   Code   RO         1485    .ARM.Collect$$rtentry$$00000002  c_w.l(__rtentry2.o)
    0x0800026a   0x00000006   Code   RO         1497    .ARM.Collect$$rtentry$$00000004  c_w.l(__rtentry4.o)
    0x08000270   0x00000000   Code   RO         1487    .ARM.Collect$$rtentry$$00000009  c_w.l(__rtentry2.o)
    0x08000270   0x00000004   Code   RO         1488    .ARM.Collect$$rtentry$$0000000A  c_w.l(__rtentry2.o)
    0x08000274   0x00000000   Code   RO         1490    .ARM.Collect$$rtentry$$0000000C  c_w.l(__rtentry2.o)
    0x08000274   0x00000008   Code   RO         1491    .ARM.Collect$$rtentry$$0000000D  c_w.l(__rtentry2.o)
    0x0800027c   0x00000002   Code   RO         1524    .ARM.Collect$$rtexit$$00000000  c_w.l(rtexit.o)
    0x0800027e   0x00000000   Code   RO         1576    .ARM.Collect$$rtexit$$00000002  c_w.l(rtexit2.o)
    0x0800027e   0x00000004   Code   RO         1577    .ARM.Collect$$rtexit$$00000003  c_w.l(rtexit2.o)
    0x08000282   0x00000006   Code   RO         1578    .ARM.Collect$$rtexit$$00000004  c_w.l(rtexit2.o)
    0x08000288   0x00000010   Code   RO          718    .emb_text           sys.o
    0x08000298   0x000007f8   Code   RO            3    .text               main.o
    0x08000a90   0x0000001a   Code   RO          248    .text               stm32f4xx_it.o
    0x08000aaa   0x00000002   PAD
    0x08000aac   0x00000210   Code   RO          297    .text               system_stm32f4xx.o
    0x08000cbc   0x00000040   Code   RO          323    .text               led.o
    0x08000cfc   0x00003664   Code   RO          343    .text               lcd.o
    0x08004360   0x00000148   Code   RO          378    .text               key.o
    0x080044a8   0x000000c4   Code   RO          402    .text               beep.o
    0x0800456c   0x00000118   Code   RO          422    .text               spi.o
    0x08004684   0x00000388   Code   RO          445    .text               w25qxx.o
    0x08004a0c   0x00001d60   Code   RO          476    .text               sdio_sdcard.o
    0x0800676c   0x00000304   Code   RO          510    .text               dcmi.o
    0x08006a70   0x000005e0   Code   RO          537    .text               ov2640.o
    0x08007050   0x00000274   Code   RO          563    .text               sccb.o
    0x080072c4   0x00000094   Code   RO          583    .text               timer.o
    0x08007358   0x000002f8   Code   RO          604    .text               sram.o
    0x08007650   0x0000018c   Code   RO          624    .text               gsm.o
    0x080077dc   0x00000104   Code   RO          696    .text               delay.o
    0x080078e0   0x00000040   Code   RO          737    .text               startup_stm32f40_41xxx.o
    0x08007920   0x000000e0   Code   RO          743    .text               misc.o
    0x08007a00   0x000005c8   Code   RO          763    .text               stm32f4xx_fsmc.o
    0x08007fc8   0x00000294   Code   RO          786    .text               stm32f4xx_gpio.o
    0x0800825c   0x0000065c   Code   RO          806    .text               stm32f4xx_rcc.o
    0x080088b8   0x000001dc   Code   RO          828    .text               stm32f4xx_sdio.o
    0x08008a94   0x00000480   Code   RO          848    .text               stm32f4xx_spi.o
    0x08008f14   0x00000ca2   Code   RO          868    .text               stm32f4xx_tim.o
    0x08009bb6   0x00000002   PAD
    0x08009bb8   0x00000454   Code   RO          888    .text               stm32f4xx_usart.o
    0x0800a00c   0x00000094   Code   RO          908    .text               stm32f4xx_syscfg.o
    0x0800a0a0   0x000003a8   Code   RO          928    .text               stm32f4xx_dma.o
    0x0800a448   0x0000018c   Code   RO          948    .text               stm32f4xx_dcmi.o
    0x0800a5d4   0x00000110   Code   RO          968    .text               stm32f4xx_exti.o
    0x0800a6e4   0x0000022c   Code   RO          988    .text               malloc.o
    0x0800a910   0x00000c34   Code   RO         1020    .text               usmart.o
    0x0800b544   0x00000528   Code   RO         1065    .text               usmart_str.o
    0x0800ba6c   0x00000200   Code   RO         1085    .text               diskio.o
    0x0800bc6c   0x0000329a   Code   RO         1109    .text               ff.o
    0x0800ef06   0x00000002   PAD
    0x0800ef08   0x00000198   Code   RO         1130    .text               exfuns.o
    0x0800f0a0   0x000000cc   Code   RO         1185    .text               mycc936.o
    0x0800f16c   0x000002d4   Code   RO         1235    .text               text.o
    0x0800f440   0x00000860   Code   RO         1255    .text               bmp.o
    0x0800fca0   0x00000ea0   Code   RO         1275    .text               gif.o
    0x08010b40   0x000002c4   Code   RO         1302    .text               piclib.o
    0x08010e04   0x00001270   Code   RO         1328    .text               tjpgd.o
    0x08012074   0x00000002   Code   RO         1368    .text               c_w.l(use_no_semi_2.o)
    0x08012076   0x00000048   Code   RO         1370    .text               c_w.l(llsdiv.o)
    0x080120be   0x00000002   PAD
    0x080120c0   0x00000018   Code   RO         1376    .text               c_w.l(noretval__2printf.o)
    0x080120d8   0x00000028   Code   RO         1378    .text               c_w.l(noretval__2sprintf.o)
    0x08012100   0x0000004e   Code   RO         1382    .text               c_w.l(_printf_pad.o)
    0x0801214e   0x00000052   Code   RO         1384    .text               c_w.l(_printf_str.o)
    0x080121a0   0x00000078   Code   RO         1386    .text               c_w.l(_printf_dec.o)
    0x08012218   0x00000058   Code   RO         1391    .text               c_w.l(_printf_hex_int.o)
    0x08012270   0x00000188   Code   RO         1426    .text               c_w.l(__printf_flags_ss_wp.o)
    0x080123f8   0x00000048   Code   RO         1435    .text               c_w.l(strcpy.o)
    0x08012440   0x0000003e   Code   RO         1437    .text               c_w.l(strlen.o)
    0x0801247e   0x0000008a   Code   RO         1441    .text               c_w.l(rt_memcpy_v6.o)
    0x08012508   0x00000080   Code   RO         1443    .text               c_w.l(strcmpv7m.o)
    0x08012588   0x00000006   Code   RO         1445    .text               c_w.l(heapauxi.o)
    0x0801258e   0x00000002   Code   RO         1461    .text               c_w.l(use_no_semi.o)
    0x08012590   0x000000ee   Code   RO         1464    .text               c_w.l(lludivv7m.o)
    0x0801267e   0x000000b2   Code   RO         1466    .text               c_w.l(_printf_intcommon.o)
    0x08012730   0x00000030   Code   RO         1468    .text               c_w.l(_printf_char_common.o)
    0x08012760   0x0000000a   Code   RO         1470    .text               c_w.l(_sputc.o)
    0x0801276a   0x0000002c   Code   RO         1472    .text               c_w.l(_printf_char.o)
    0x08012796   0x00000002   PAD
    0x08012798   0x00000024   Code   RO         1474    .text               c_w.l(_printf_char_file.o)
    0x080127bc   0x00000064   Code   RO         1477    .text               c_w.l(rt_memcpy_w.o)
    0x08012820   0x00000008   Code   RO         1505    .text               c_w.l(ferror.o)
    0x08012828   0x0000004a   Code   RO         1509    .text               c_w.l(sys_stackheap_outer.o)
    0x08012872   0x00000012   Code   RO         1513    .text               c_w.l(exit.o)
    0x08012884   0x00000008   Code   RO         1521    .text               c_w.l(libspace.o)
    0x0801288c   0x0000000e   Code   RO         1419    i._is_digit         c_w.l(__printf_wp.o)
    0x0801289a   0x00000002   PAD
    0x0801289c   0x0000005a   Code   RO         1449    x$fpl$dfixu         fz_wm.l(dfixu.o)
    0x080128f6   0x00000026   Code   RO         1453    x$fpl$dfltu         fz_wm.l(dflt_clz.o)
    0x0801291c   0x00000154   Code   RO         1459    x$fpl$dmul          fz_wm.l(dmul.o)
    0x08012a70   0x0000009c   Code   RO         1479    x$fpl$dnaninf       fz_wm.l(dnaninf.o)
    0x08012b0c   0x0000000c   Code   RO         1481    x$fpl$dretinf       fz_wm.l(dretinf.o)
    0x08012b18   0x0000000a   Code   RO         1590    x$fpl$fpinit        fz_wm.l(fpinit.o)
    0x08012b22   0x00000000   Code   RO         1483    x$fpl$usenofp       fz_wm.l(usenofp.o)
    0x08012b22   0x000017c0   Data   RO          345    .constdata          lcd.o
    0x080142e2   0x00000328   Data   RO          538    .constdata          ov2640.o
    0x0801460a   0x00000002   PAD
    0x0801460c   0x0000001c   Data   RO          764    .constdata          stm32f4xx_fsmc.o
    0x08014628   0x00000024   Data   RO          994    .constdata          malloc.o
    0x0801464c   0x0000003a   Data   RO         1111    .constdata          ff.o
    0x08014686   0x00000002   PAD
    0x08014688   0x00000070   Data   RO         1132    .constdata          exfuns.o
    0x080146f8   0x000003c0   Data   RO         1186    .constdata          mycc936.o
    0x08014ab8   0x00000028   Data   RO         1276    .constdata          gif.o
    0x08014ae0   0x000004c0   Data   RO         1329    .constdata          tjpgd.o
    0x08014fa0   0x00000028   Data   RO         1392    .constdata          c_w.l(_printf_hex_int.o)
    0x08014fc8   0x00000011   Data   RO         1427    .constdata          c_w.l(__printf_flags_ss_wp.o)
    0x08014fd9   0x00000003   PAD
    0x08014fdc   0x00000028   Data   RO         1021    .conststring        usmart.o
    0x08015004   0x000000bc   Data   RO         1044    .conststring        usmart_config.o
    0x080150c0   0x00000044   Data   RO         1133    .conststring        exfuns.o
    0x08015104   0x00000020   Data   RO         1648    Region$$Table       anon$$obj.o


    Execution Region RW_IRAM1 (Base: 0x20000000, Size: 0x0001c5c0, Max: 0x00020000, ABSOLUTE, COMPRESSED[0x00000088])

    Base Addr    Size         Type   Attr      Idx    E Section Name        Object

    0x20000000   0x0000001c   Data   RW            4    .data               main.o
    0x2000001c   0x00000014   Data   RW          298    .data               system_stm32f4xx.o
    0x20000030   0x00000004   Data   RW          346    .data               lcd.o
    0x20000034   0x00000002   Data   RW          447    .data               w25qxx.o
    0x20000036   0x00000002   PAD
    0x20000038   0x00000010   Data   RW          478    .data               sdio_sdcard.o
    0x20000048   0x00000008   Data   RW          512    .data               dcmi.o
    0x20000050   0x00000006   Data   RW          626    .data               gsm.o
    0x20000056   0x00000004   Data   RW          697    .data               delay.o
    0x2000005a   0x00000010   Data   RW          807    .data               stm32f4xx_rcc.o
    0x2000006a   0x00000002   PAD
    0x2000006c   0x00000024   Data   RW          995    .data               malloc.o
    0x20000090   0x0000001c   Data   RW         1022    .data               usmart.o
    0x200000ac   0x0000011c   Data   RW         1045    .data               usmart_config.o
    0x200001c8   0x00000002   Data   RW         1086    .data               diskio.o
    0x200001ca   0x00000002   Data   RW         1112    .data               ff.o
    0x200001cc   0x00000014   Data   RW         1134    .data               exfuns.o
    0x200001e0   0x00000001   Data   RW         1277    .data               gif.o
    0x200001e1   0x00000003   PAD
    0x200001e4   0x0000000c   Data   RW         1330    .data               tjpgd.o
    0x200001f0   0x0000000e   Zero   RW          344    .bss                lcd.o
    0x200001fe   0x00001000   Zero   RW          446    .bss                w25qxx.o
    0x200011fe   0x00000002   PAD
    0x20001200   0x000002c0   Zero   RW          477    .bss                sdio_sdcard.o
    0x200014c0   0x0000000e   Zero   RW          511    .bss                dcmi.o
    0x200014ce   0x000000c8   Zero   RW          625    .bss                gsm.o
    0x20001596   0x0000000a   PAD
    0x200015a0   0x0001a900   Zero   RW          993    .bss                malloc.o
    0x2001bea0   0x0000000c   Zero   RW         1110    .bss                ff.o
    0x2001beac   0x00000050   Zero   RW         1131    .bss                exfuns.o
    0x2001befc   0x00000021   Zero   RW         1207    .bss                fontupd.o
    0x2001bf1d   0x00000003   PAD
    0x2001bf20   0x0000003c   Zero   RW         1303    .bss                piclib.o
    0x2001bf5c   0x00000060   Zero   RW         1522    .bss                c_w.l(libspace.o)
    0x2001bfbc   0x00000004   PAD
    0x2001bfc0   0x00000200   Zero   RW          735    HEAP                startup_stm32f40_41xxx.o
    0x2001c1c0   0x00000400   Zero   RW          734    STACK               startup_stm32f40_41xxx.o



  Load Region LR$$.ARM.__AT_0x10000000 (Base: 0x10000000, Size: 0x00000000, Max: 0x0000f000, ABSOLUTE)

    Execution Region ER$$.ARM.__AT_0x10000000 (Base: 0x10000000, Size: 0x0000f000, Max: 0x0000f000, ABSOLUTE, UNINIT)

    Base Addr    Size         Type   Attr      Idx    E Section Name        Object

    0x10000000   0x0000f000   Zero   RW          989    .ARM.__AT_0x10000000  malloc.o



  Load Region LR$$.ARM.__AT_0x1000F000 (Base: 0x1000f000, Size: 0x00000000, Max: 0x00000f00, ABSOLUTE)

    Execution Region ER$$.ARM.__AT_0x1000F000 (Base: 0x1000f000, Size: 0x00000f00, Max: 0x00000f00, ABSOLUTE, UNINIT)

    Base Addr    Size         Type   Attr      Idx    E Section Name        Object

    0x1000f000   0x00000f00   Zero   RW          990    .ARM.__AT_0x1000F000  malloc.o



  Load Region LR$$.ARM.__AT_0x68000000 (Base: 0x68000000, Size: 0x00000000, Max: 0x000f0000, ABSOLUTE)

    Execution Region ER$$.ARM.__AT_0x68000000 (Base: 0x68000000, Size: 0x000f0000, Max: 0x000f0000, ABSOLUTE, UNINIT)

    Base Addr    Size         Type   Attr      Idx    E Section Name        Object

    0x68000000   0x000f0000   Zero   RW          991    .ARM.__AT_0x68000000  malloc.o



  Load Region LR$$.ARM.__AT_0x680F0000 (Base: 0x680f0000, Size: 0x00000000, Max: 0x0000f000, ABSOLUTE)

    Execution Region ER$$.ARM.__AT_0x680F0000 (Base: 0x680f0000, Size: 0x0000f000, Max: 0x0000f000, ABSOLUTE, UNINIT)

    Base Addr    Size         Type   Attr      Idx    E Section Name        Object

    0x680f0000   0x0000f000   Zero   RW          992    .ARM.__AT_0x680F0000  malloc.o


==============================================================================

Image component sizes


      Code (inc. data)   RO Data    RW Data    ZI Data      Debug   Object Name

       196          6          0          0          0        980   beep.o
      2144         24          0          0          0       5234   bmp.o
       772         46          0          8         14       3193   dcmi.o
       260          8          0          4          0       1469   delay.o
       512          8          0          2          0       4386   diskio.o
       408         22        180         20         80       2780   exfuns.o
     12954        136         58          2         12      35762   ff.o
         0          0          0          0         33       1413   fontupd.o
      3744         24         40          1          0      10362   gif.o
       396         16          0          6        200       3661   gsm.o
       328         18          0          0          0       1228   key.o
     13924        140       6080          4         14      19086   lcd.o
        64          4          0          0          0        519   led.o
      2040        462          0         28          0     333949   main.o
       556         18         36         36    1218560       4969   malloc.o
       224         20          0          0          0       1805   misc.o
       204         12        960          0          0       1665   mycc936.o
      1504         66        808          0          0       6093   ov2640.o
       708         34          0          0         60       4823   piclib.o
       628         12          0          0          0       2067   sccb.o
      7520        282          0         16        704      25237   sdio_sdcard.o
       280          8          0          0          0       1069   spi.o
       760         20          0          0          0       1912   sram.o
        64         26        392          0       1536        832   startup_stm32f40_41xxx.o
       396          4          0          0          0       3466   stm32f4xx_dcmi.o
       936         32          0          0          0       6381   stm32f4xx_dma.o
       272         10          0          0          0       2275   stm32f4xx_exti.o
      1480         18         28          0          0       5630   stm32f4xx_fsmc.o
       660         44          0          0          0       4145   stm32f4xx_gpio.o
        26          0          0          0          0       1218   stm32f4xx_it.o
      1628         52          0         16          0      13016   stm32f4xx_rcc.o
       476         16          0          0          0       7408   stm32f4xx_sdio.o
      1152         36          0          0          0       6897   stm32f4xx_spi.o
       148         12          0          0          0       1837   stm32f4xx_syscfg.o
      3234         60          0          0          0      23004   stm32f4xx_tim.o
      1108         34          0          0          0       7872   stm32f4xx_usart.o
        16          0          0          0          0        484   sys.o
       528         46          0         20          0       1759   system_stm32f4xx.o
       724         16          0          0          0       3124   text.o
       148         20          0          0          0        820   timer.o
      4720         70       1216         12          0      17307   tjpgd.o
      3124       1286         40         28          0       4402   usmart.o
         0          0        188        284          0       1508   usmart_config.o
      1320         12          0          0          0       5329   usmart_str.o
       904         34          0          2       4096       4477   w25qxx.o

    ----------------------------------------------------------------------
     73196       3214      10062        496    1225324     596853   Object Totals
         0          0         32          0          0          0   (incl. Generated)
         6          0          4          7         15          0   (incl. Padding)

    ----------------------------------------------------------------------

      Code (inc. data)   RO Data    RW Data    ZI Data      Debug   Library Member Name

        90          0          0          0          0          0   __dczerorl2.o
         8          0          0          0          0         68   __main.o
       392          4         17          0          0         92   __printf_flags_ss_wp.o
        14          0          0          0          0         68   __printf_wp.o
         0          0          0          0          0          0   __rtentry.o
        12          0          0          0          0          0   __rtentry2.o
         6          0          0          0          0          0   __rtentry4.o
        52          8          0          0          0          0   __scatter.o
        28          0          0          0          0          0   __scatter_zi.o
         6          0          0          0          0          0   _printf_c.o
        44          0          0          0          0        108   _printf_char.o
        48          6          0          0          0         96   _printf_char_common.o
        36          4          0          0          0         80   _printf_char_file.o
         6          0          0          0          0          0   _printf_d.o
       120         16          0          0          0         92   _printf_dec.o
        88          4         40          0          0         88   _printf_hex_int.o
       178          0          0          0          0         88   _printf_intcommon.o
        78          0          0          0          0        108   _printf_pad.o
         0          0          0          0          0          0   _printf_percent.o
         4          0          0          0          0          0   _printf_percent_end.o
         6          0          0          0          0          0   _printf_s.o
        82          0          0          0          0         80   _printf_str.o
         6          0          0          0          0          0   _printf_u.o
         6          0          0          0          0          0   _printf_x.o
        10          0          0          0          0         68   _sputc.o
        18          0          0          0          0         80   exit.o
         8          0          0          0          0         68   ferror.o
         6          0          0          0          0        152   heapauxi.o
         2          0          0          0          0          0   libinit.o
         6          0          0          0          0          0   libinit2.o
         2          0          0          0          0          0   libshutdown.o
         2          0          0          0          0          0   libshutdown2.o
         8          4          0          0         96         68   libspace.o
        72          0          0          0          0         76   llsdiv.o
       238          0          0          0          0        100   lludivv7m.o
        24          4          0          0          0         84   noretval__2printf.o
        40          6          0          0          0         84   noretval__2sprintf.o
       138          0          0          0          0         68   rt_memcpy_v6.o
       100          0          0          0          0         80   rt_memcpy_w.o
         2          0          0          0          0          0   rtexit.o
        10          0          0          0          0          0   rtexit2.o
       128          0          0          0          0         68   strcmpv7m.o
        72          0          0          0          0         80   strcpy.o
        62          0          0          0          0         76   strlen.o
        74          0          0          0          0         80   sys_stackheap_outer.o
         2          0          0          0          0         68   use_no_semi.o
         2          0          0          0          0         68   use_no_semi_2.o
        90          4          0          0          0        140   dfixu.o
        38          0          0          0          0        116   dflt_clz.o
       340         12          0          0          0        152   dmul.o
       156          4          0          0          0        140   dnaninf.o
        12          0          0          0          0        116   dretinf.o
        10          0          0          0          0        116   fpinit.o
         0          0          0          0          0          0   usenofp.o

    ----------------------------------------------------------------------
      2990         76         60          0        100       3116   Library Totals
         8          0          3          0          4          0   (incl. Padding)

    ----------------------------------------------------------------------

      Code (inc. data)   RO Data    RW Data    ZI Data      Debug   Library Name

      2336         56         57          0         96       2336   c_w.l
       646         20          0          0          0        780   fz_wm.l

    ----------------------------------------------------------------------
      2990         76         60          0        100       3116   Library Totals

    ----------------------------------------------------------------------

==============================================================================


      Code (inc. data)   RO Data    RW Data    ZI Data      Debug   

     76186       3290      10122        496    1225424     588921   Grand Totals
     76186       3290      10122        136    1225424     588921   ELF Image Totals (compressed)
     76186       3290      10122        136          0          0   ROM Totals

==============================================================================

    Total RO  Size (Code + RO Data)                86308 (  84.29kB)
    Total RW  Size (RW Data + ZI Data)           1225920 (1197.19kB)
    Total ROM Size (Code + RO Data + RW Data)      86444 (  84.42kB)

==============================================================================

