<html>
<body>
<pre>
<h1>µVision Build Log</h1>
<h2>Tool Versions:</h2>
IDE-Version: ¦ÌVision V5.21.1.0
Copyright (C) 2016 ARM Ltd and ARM Germany GmbH. All rights reserved.
License Information: asd a, sd, LIC=HN0AE-51ZPW-NN6AF-6T7TA-LY2S4-G0VS4
 
Tool Versions:
Toolchain:       MDK-ARM Plus  Version: 5.21a
Toolchain Path:  D:\RJ\keil5\ARM\ARMCC\Bin
C Compiler:      Armcc.exe V5.06 update 3 (build 300)
Assembler:       Armasm.exe V5.06 update 3 (build 300)
Linker/Locator:  ArmLink.exe V5.06 update 3 (build 300)
Library Manager: ArmAr.exe V5.06 update 3 (build 300)
Hex Converter:   FromElf.exe V5.06 update 3 (build 300)
CPU DLL:         SARMCM3.DLL V5.21a
Dialog DLL:      DCM.DLL V1.13.8.0
Target DLL:      STLink\ST-LINKIII-KEIL_SWO.dll V2.0.18.0
Dialog DLL:      TCM.DLL V1.14.14.0
 
<h2>Project:</h2>
e:\MS_Graduation Design\code\code_3\USER\CAMERA.uvprojx
Project File Date:  01/27/2024

<h2>Output:</h2>
*** Using Compiler 'V5.06 update 3 (build 300)', folder: 'D:\RJ\keil5\ARM\ARMCC\Bin'
Rebuild target 'CAMERA'
compiling stm32f4xx_it.c...
compiling led.c...
compiling system_stm32f4xx.c...
compiling lcd.c...
compiling main.c...
..\HARDWARE\BEEP\beep.h(19): warning:  #1295-D: Deprecated declaration Buzzer_Init - give arg types
  void Buzzer_Init();
..\HARDWARE\HC-SR501\HC-SR501.h(1): warning:  #14-D: extra text after expected end of preprocessing directive
  #ifndef __HC-SR501_H
..\HARDWARE\HC-SR501\HC-SR501.h(2): warning:  #2775-D: white space is required between the macro name "__HC" and its replacement text
  #define __HC-SR501_H
main.c(230): warning:  #223-D: function "TIM2_Init" declared implicitly
  	TIM2_Init(1000, 8400);
main.c(218): warning:  #177-D: variable "key" was declared but never referenced
  	u8 key;	   // ??Öµ
main.c(219): warning:  #177-D: variable "i" was declared but never referenced
  	u8 i;
main.c(220): warning:  #550-D: variable "sd_ok" was set but never used
  	u8 sd_ok = 1;  // 0,sd¿¨²»?ý³?;1,SD¿¨?ý³?.
main.c(221): warning:  #177-D: variable "scale" was declared but never referenced
  	u8 scale = 1;  // Ä¬????È«?ß´??õ·?
main.c(222): warning:  #177-D: variable "msgbuf" was declared but never referenced
  	u8 msgbuf[15]; // ??Ï¢»º????
main.c: 9 warnings, 0 errors
compiling spi.c...
compiling beep.c...
..\HARDWARE\BEEP\beep.h(19): warning:  #1295-D: Deprecated declaration Buzzer_Init - give arg types
  void Buzzer_Init();
..\HARDWARE\BEEP\beep.c: 1 warning, 0 errors
compiling key.c...
compiling w25qxx.c...
compiling sdio_sdcard.c...
compiling sccb.c...
compiling ov2640.c...
compiling dcmi.c...
compiling timer.c...
compiling sram.c...
compiling HC-SR501.c...
..\HARDWARE\HC-SR501\HC-SR501.h(1): warning:  #14-D: extra text after expected end of preprocessing directive
  #ifndef __HC-SR501_H
..\HARDWARE\HC-SR501\HC-SR501.h(2): warning:  #2775-D: white space is required between the macro name "__HC" and its replacement text
  #define __HC-SR501_H
..\HARDWARE\HC-SR501\HC-SR501.c: 2 warnings, 0 errors
compiling WS2812B.c...
compiling GSM.c...
compiling delay.c...
assembling startup_stm32f40_41xxx.s...
compiling sys.c...
compiling misc.c...
compiling stm32f4xx_fsmc.c...
compiling stm32f4xx_gpio.c...
compiling stm32f4xx_rcc.c...
compiling stm32f4xx_sdio.c...
compiling stm32f4xx_spi.c...
compiling stm32f4xx_usart.c...
compiling stm32f4xx_syscfg.c...
compiling stm32f4xx_tim.c...
compiling stm32f4xx_dma.c...
compiling stm32f4xx_dcmi.c...
compiling stm32f4xx_exti.c...
compiling malloc.c...
compiling usmart.c...
compiling usmart_config.c...
compiling ff.c...
compiling usmart_str.c...
compiling diskio.c...
compiling exfuns.c...
compiling fattester.c...
compiling mycc936.c...
compiling fontupd.c...
compiling text.c...
compiling bmp.c...
compiling gif.c...
compiling piclib.c...
compiling tjpgd.c...
linking...
Program Size: Code=76186 RO-data=10122 RW-data=496 ZI-data=1225424  
FromELF: creating hex file...
"..\OBJ\CAMERA.axf" - 0 Error(s), 12 Warning(s).

<h2>Collection of Component include folders:</h2>
  e:\MS_Graduation Design\code\code_3\USER\RTE
  D:\RJ\keil5\ARM\PACK\Keil\STM32F4xx_DFP\2.15.0\Drivers\CMSIS\Device\ST\STM32F4xx\Include

<h2>Collection of Component Files used:</h2>
Build Time Elapsed:  00:00:10
</pre>
</body>
</html>
