<html>
<body>
<pre>
<h1>µVision Build Log</h1>
<h2>Tool Versions:</h2>
IDE-Version: ¶ÃVision V5.21.1.0
Copyright (C) 2016 ARM Ltd and ARM Germany GmbH. All rights reserved.
License Information: asd a, sd, LIC=HN0AE-51ZPW-NN6AF-6T7TA-LY2S4-G0VS4
 
Tool Versions:
Toolchain:       MDK-ARM Plus  Version: 5.21a
Toolchain Path:  D:\RJ\keil5\ARM\ARMCC\Bin
C Compiler:      Armcc.exe V5.06 update 3 (build 300)
Assembler:       Armasm.exe V5.06 update 3 (build 300)
Linker/Locator:  ArmLink.exe V5.06 update 3 (build 300)
Library Manager: ArmAr.exe V5.06 update 3 (build 300)
Hex Converter:   FromElf.exe V5.06 update 3 (build 300)
CPU DLL:         SARMCM3.DLL V5.21a
Dialog DLL:      DCM.DLL V1.13.8.0
Target DLL:      STLink\ST-LINKIII-KEIL_SWO.dll V2.0.18.0
Dialog DLL:      TCM.DLL V1.14.14.0
 
<h2>Project:</h2>
C:\Users\MS\Desktop\STM32cube≈‰÷√TFASTƒ£ ΩSPI∂¡–¥SDø®\sipddd\MDK-ARM\sipddd.uvprojx
Project File Date:  11/15/2023

<h2>Output:</h2>
*** Using Compiler 'V5.06 update 3 (build 300)', folder: 'D:\RJ\keil5\ARM\ARMCC\Bin'
Rebuild target 'sipddd'
assembling startup_stm32f103xb.s...
compiling stm32f1xx_it.c...
compiling user_diskio.c...
compiling fatfs.c...
compiling SDdriver.c...
compiling main.c...
compiling stm32f1xx_hal_tim.c...
compiling stm32f1xx_hal_msp.c...
compiling stm32f1xx_hal_gpio_ex.c...
compiling stm32f1xx_hal_spi_ex.c...
compiling stm32f1xx_hal_spi.c...
compiling stm32f1xx_hal_tim_ex.c...
compiling stm32f1xx_hal.c...
compiling stm32f1xx_hal_rcc_ex.c...
compiling stm32f1xx_hal_uart.c...
compiling stm32f1xx_hal_rcc.c...
compiling stm32f1xx_hal_dma.c...
compiling stm32f1xx_hal_pwr.c...
compiling stm32f1xx_hal_gpio.c...
compiling stm32f1xx_hal_cortex.c...
compiling stm32f1xx_hal_flash.c...
compiling system_stm32f1xx.c...
compiling ff_gen_drv.c...
compiling diskio.c...
compiling stm32f1xx_hal_flash_ex.c...
compiling ff.c...
compiling syscall.c...
linking...
Program Size: Code=14930 RO-data=466 RW-data=92 ZI-data=5308  
FromELF: creating hex file...
"sipddd\sipddd.axf" - 0 Error(s), 0 Warning(s).

<h2>Software Packages used:</h2>

Package Vendor: ARM
                http://www.keil.com/pack/ARM.CMSIS.4.5.0.pack
                ARM::CMSIS:CORE:4.3.0
                CMSIS (Cortex Microcontroller Software Interface Standard)
   * Component: CORE Version: 4.3.0

<h2>Collection of Component include folders:</h2>
  C:\Users\MS\Desktop\STM32cube≈‰÷√TFASTƒ£ ΩSPI∂¡–¥SDø®\sipddd\MDK-ARM\RTE
  D:\RJ\keil5\ARM\PACK\ARM\CMSIS\4.5.0\CMSIS\Include
  D:\RJ\keil5\ARM\PACK\Keil\STM32F1xx_DFP\2.2.0\Device\Include

<h2>Collection of Component Files used:</h2>

   * Component: ARM::CMSIS:CORE:4.3.0
Build Time Elapsed:  00:00:10
</pre>
</body>
</html>
