Component: ARM Compiler 5.06 update 3 (build 300) Tool: armlink [4d35c9]

==============================================================================

Section Cross References

    main.o(.text) refers to _printf_pad.o(.text) for _printf_pre_padding
    main.o(.text) refers to _printf_percent.o(.ARM.Collect$$_printf_percent$$00000000) for _printf_percent
    main.o(.text) refers to _printf_d.o(.ARM.Collect$$_printf_percent$$00000009) for _printf_d
    main.o(.text) refers to _printf_dec.o(.text) for _printf_int_dec
    main.o(.text) refers to stm32f4xx_gpio.o(.text) for GPIO_PinAFConfig
    main.o(.text) refers to noretval__2sprintf.o(.text) for __2sprintf
    main.o(.text) refers to ff.o(.text) for f_open
    main.o(.text) refers to misc.o(.text) for NVIC_PriorityGroupConfig
    main.o(.text) refers to delay.o(.text) for delay_init
    main.o(.text) refers to usart.o(.text) for uart_init
    main.o(.text) refers to buzzer.o(.text) for TIM2_Init
    main.o(.text) refers to timer.o(.text) for TIM3_Int_Init
    main.o(.text) refers to gsm.o(.text) for GSM_Init
    main.o(.text) refers to key.o(.text) for KEY_EXIT_Init
    main.o(.text) refers to lcd.o(.text) for LCD_Init
    main.o(.text) refers to sram.o(.text) for FSMC_SRAM_Init
    main.o(.text) refers to w25qxx.o(.text) for W25QXX_Init
    main.o(.text) refers to wm8978.o(.text) for WM8978_Init
    main.o(.text) refers to malloc.o(.text) for my_mem_init
    main.o(.text) refers to exfuns.o(.text) for exfuns_init
    main.o(.text) refers to text.o(.text) for Show_Str
    main.o(.text) refers to bmp.o(.text) for bmp_encode
    main.o(.text) refers to ov2640.o(.text) for OV2640_Init
    main.o(.text) refers to dcmi.o(.text) for My_DCMI_Init
    main.o(.text) refers to exfuns.o(.data) for ftemp
    main.o(.text) refers to exfuns.o(.bss) for fs
    main.o(.text) refers to lcd.o(.data) for POINT_COLOR
    main.o(.text) refers to main.o(.data) for BMP_GSM
    main.o(.text) refers to lcd.o(.bss) for lcddev
    main.o(.text) refers to recorder.o(.text) for wav_recorder
    main.o(.text) refers to stm32f4xx_dma.o(.text) for DMA_Cmd
    main.o(.text) refers to noretval__2printf.o(.text) for __2printf
    main.o(.text) refers to dcmi.o(.data) for dcmi_rx_callback
    system_stm32f4xx.o(.text) refers to system_stm32f4xx.o(.data) for SystemCoreClock
    startup_stm32f40_41xxx.o(STACK) refers (Special) to heapauxi.o(.text) for __use_two_region_memory
    startup_stm32f40_41xxx.o(HEAP) refers (Special) to heapauxi.o(.text) for __use_two_region_memory
    startup_stm32f40_41xxx.o(RESET) refers (Special) to heapauxi.o(.text) for __use_two_region_memory
    startup_stm32f40_41xxx.o(RESET) refers to startup_stm32f40_41xxx.o(STACK) for __initial_sp
    startup_stm32f40_41xxx.o(RESET) refers to startup_stm32f40_41xxx.o(.text) for Reset_Handler
    startup_stm32f40_41xxx.o(RESET) refers to stm32f4xx_it.o(.text) for NMI_Handler
    startup_stm32f40_41xxx.o(RESET) refers to key.o(.text) for EXTI0_IRQHandler
    startup_stm32f40_41xxx.o(RESET) refers to i2s.o(.text) for DMA1_Stream3_IRQHandler
    startup_stm32f40_41xxx.o(RESET) refers to buzzer.o(.text) for TIM2_IRQHandler
    startup_stm32f40_41xxx.o(RESET) refers to timer.o(.text) for TIM3_IRQHandler
    startup_stm32f40_41xxx.o(RESET) refers to usart.o(.text) for USART1_IRQHandler
    startup_stm32f40_41xxx.o(RESET) refers to gsm.o(.text) for USART3_IRQHandler
    startup_stm32f40_41xxx.o(RESET) refers to hc-sr501.o(.text) for EXTI15_10_IRQHandler
    startup_stm32f40_41xxx.o(RESET) refers to sdio_sdcard.o(.text) for SDIO_IRQHandler
    startup_stm32f40_41xxx.o(RESET) refers to dcmi.o(.text) for DMA2_Stream1_IRQHandler
    startup_stm32f40_41xxx.o(.text) refers (Special) to heapauxi.o(.text) for __use_two_region_memory
    startup_stm32f40_41xxx.o(.text) refers to system_stm32f4xx.o(.text) for SystemInit
    startup_stm32f40_41xxx.o(.text) refers to __main.o(!!!main) for __main
    startup_stm32f40_41xxx.o(.text) refers to startup_stm32f40_41xxx.o(HEAP) for Heap_Mem
    startup_stm32f40_41xxx.o(.text) refers to startup_stm32f40_41xxx.o(STACK) for Stack_Mem
    stm32f4xx_adc.o(.text) refers to stm32f4xx_rcc.o(.text) for RCC_APB2PeriphResetCmd
    stm32f4xx_can.o(.text) refers to stm32f4xx_rcc.o(.text) for RCC_APB1PeriphResetCmd
    stm32f4xx_cryp.o(.text) refers to stm32f4xx_rcc.o(.text) for RCC_AHB2PeriphResetCmd
    stm32f4xx_cryp_aes.o(.text) refers to stm32f4xx_cryp.o(.text) for CRYP_KeyStructInit
    stm32f4xx_cryp_des.o(.text) refers to stm32f4xx_cryp.o(.text) for CRYP_KeyStructInit
    stm32f4xx_cryp_tdes.o(.text) refers to stm32f4xx_cryp.o(.text) for CRYP_KeyStructInit
    stm32f4xx_dac.o(.text) refers to stm32f4xx_rcc.o(.text) for RCC_APB1PeriphResetCmd
    stm32f4xx_dma2d.o(.text) refers to stm32f4xx_rcc.o(.text) for RCC_AHB1PeriphResetCmd
    stm32f4xx_fsmc.o(.text) refers to stm32f4xx_fsmc.o(.constdata) for FSMC_DefaultTimingStruct
[...]
    FSMC_NORSRAMInit                         0x080014d3   Thumb Code   230  stm32f4xx_fsmc.o(.text)
    FSMC_NORSRAMStructInit                   0x080015b9   Thumb Code    48  stm32f4xx_fsmc.o(.text)
    FSMC_NORSRAMCmd                          0x080015e9   Thumb Code    46  stm32f4xx_fsmc.o(.text)
    FSMC_NANDDeInit                          0x08001617   Thumb Code    62  stm32f4xx_fsmc.o(.text)
    FSMC_NANDInit                            0x08001655   Thumb Code   132  stm32f4xx_fsmc.o(.text)
    FSMC_NANDStructInit                      0x080016d9   Thumb Code    54  stm32f4xx_fsmc.o(.text)
    FSMC_NANDCmd                             0x0800170f   Thumb Code    86  stm32f4xx_fsmc.o(.text)
    FSMC_NANDECCCmd                          0x08001765   Thumb Code    86  stm32f4xx_fsmc.o(.text)
    FSMC_GetECC                              0x080017bb   Thumb Code    24  stm32f4xx_fsmc.o(.text)
    FSMC_PCCARDDeInit                        0x080017d3   Thumb Code    36  stm32f4xx_fsmc.o(.text)
    FSMC_PCCARDInit                          0x080017f7   Thumb Code   130  stm32f4xx_fsmc.o(.text)
    FSMC_PCCARDStructInit                    0x08001879   Thumb Code    60  stm32f4xx_fsmc.o(.text)
    FSMC_PCCARDCmd                           0x080018b5   Thumb Code    44  stm32f4xx_fsmc.o(.text)
    FSMC_ITConfig                            0x080018e1   Thumb Code   128  stm32f4xx_fsmc.o(.text)
    FSMC_GetFlagStatus                       0x08001961   Thumb Code    54  stm32f4xx_fsmc.o(.text)
    FSMC_ClearFlag                           0x08001997   Thumb Code    74  stm32f4xx_fsmc.o(.text)
    FSMC_GetITStatus                         0x080019e1   Thumb Code    62  stm32f4xx_fsmc.o(.text)
    FSMC_ClearITPendingBit                   0x08001a1f   Thumb Code    66  stm32f4xx_fsmc.o(.text)
    GPIO_DeInit                              0x08001a65   Thumb Code   268  stm32f4xx_gpio.o(.text)
    GPIO_Init                                0x08001b71   Thumb Code   144  stm32f4xx_gpio.o(.text)
    GPIO_StructInit                          0x08001c01   Thumb Code    18  stm32f4xx_gpio.o(.text)
    GPIO_PinLockConfig                       0x08001c13   Thumb Code    34  stm32f4xx_gpio.o(.text)
    GPIO_ReadInputDataBit                    0x08001c35   Thumb Code    18  stm32f4xx_gpio.o(.text)
    GPIO_ReadInputData                       0x08001c47   Thumb Code     8  stm32f4xx_gpio.o(.text)
    GPIO_ReadOutputDataBit                   0x08001c4f   Thumb Code    18  stm32f4xx_gpio.o(.text)
    GPIO_ReadOutputData                      0x08001c61   Thumb Code     8  stm32f4xx_gpio.o(.text)
    GPIO_SetBits                             0x08001c69   Thumb Code     4  stm32f4xx_gpio.o(.text)
    GPIO_ResetBits                           0x08001c6d   Thumb Code     4  stm32f4xx_gpio.o(.text)
    GPIO_WriteBit                            0x08001c71   Thumb Code    10  stm32f4xx_gpio.o(.text)
    GPIO_Write                               0x08001c7b   Thumb Code     4  stm32f4xx_gpio.o(.text)
    GPIO_ToggleBits                          0x08001c7f   Thumb Code     8  stm32f4xx_gpio.o(.text)
    GPIO_PinAFConfig                         0x08001c87   Thumb Code    70  stm32f4xx_gpio.o(.text)
    RCC_DeInit                               0x08001cf9   Thumb Code    82  stm32f4xx_rcc.o(.text)
    RCC_HSEConfig                            0x08001d4b   Thumb Code    14  stm32f4xx_rcc.o(.text)
    RCC_GetFlagStatus                        0x08001d59   Thumb Code    60  stm32f4xx_rcc.o(.text)
    RCC_WaitForHSEStartUp                    0x08001d95   Thumb Code    56  stm32f4xx_rcc.o(.text)
    RCC_AdjustHSICalibrationValue            0x08001dcd   Thumb Code    20  stm32f4xx_rcc.o(.text)
    RCC_HSICmd                               0x08001de1   Thumb Code     6  stm32f4xx_rcc.o(.text)
    RCC_LSEConfig                            0x08001de7   Thumb Code    46  stm32f4xx_rcc.o(.text)
    RCC_LSICmd                               0x08001e15   Thumb Code     6  stm32f4xx_rcc.o(.text)
    RCC_PLLConfig                            0x08001e1b   Thumb Code    32  stm32f4xx_rcc.o(.text)
    RCC_PLLCmd                               0x08001e3b   Thumb Code     6  stm32f4xx_rcc.o(.text)
    RCC_PLLI2SConfig                         0x08001e41   Thumb Code    14  stm32f4xx_rcc.o(.text)
    RCC_PLLI2SCmd                            0x08001e4f   Thumb Code     6  stm32f4xx_rcc.o(.text)
    RCC_PLLSAIConfig                         0x08001e55   Thumb Code    20  stm32f4xx_rcc.o(.text)
    RCC_PLLSAICmd                            0x08001e69   Thumb Code     6  stm32f4xx_rcc.o(.text)
    RCC_ClockSecuritySystemCmd               0x08001e6f   Thumb Code     6  stm32f4xx_rcc.o(.text)
    RCC_MCO1Config                           0x08001e75   Thumb Code    28  stm32f4xx_rcc.o(.text)
    RCC_MCO2Config                           0x08001e91   Thumb Code    28  stm32f4xx_rcc.o(.text)
    RCC_SYSCLKConfig                         0x08001ead   Thumb Code    20  stm32f4xx_rcc.o(.text)
    RCC_GetSYSCLKSource                      0x08001ec1   Thumb Code    12  stm32f4xx_rcc.o(.text)
    RCC_HCLKConfig                           0x08001ecd   Thumb Code    20  stm32f4xx_rcc.o(.text)
    RCC_PCLK1Config                          0x08001ee1   Thumb Code    20  stm32f4xx_rcc.o(.text)
    RCC_PCLK2Config                          0x08001ef5   Thumb Code    22  stm32f4xx_rcc.o(.text)
    RCC_GetClocksFreq                        0x08001f0b   Thumb Code   222  stm32f4xx_rcc.o(.text)
    RCC_RTCCLKConfig                         0x08001fe9   Thumb Code    54  stm32f4xx_rcc.o(.text)
    RCC_RTCCLKCmd                            0x0800201f   Thumb Code     8  stm32f4xx_rcc.o(.text)
    RCC_BackupResetCmd                       0x08002027   Thumb Code     8  stm32f4xx_rcc.o(.text)
    RCC_I2SCLKConfig                         0x0800202f   Thumb Code     6  stm32f4xx_rcc.o(.text)
    RCC_SAIPLLI2SClkDivConfig                0x08002035   Thumb Code    26  stm32f4xx_rcc.o(.text)
    RCC_SAIPLLSAIClkDivConfig                0x0800204f   Thumb Code    28  stm32f4xx_rcc.o(.text)
    RCC_SAIBlockACLKConfig                   0x0800206b   Thumb Code    20  stm32f4xx_rcc.o(.text)
    RCC_SAIBlockBCLKConfig                   0x0800207f   Thumb Code    20  stm32f4xx_rcc.o(.text)
    RCC_LTDCCLKDivConfig                     0x08002093   Thumb Code    20  stm32f4xx_rcc.o(.text)
    RCC_TIMCLKPresConfig                     0x080020a7   Thumb Code     6  stm32f4xx_rcc.o(.text)
    RCC_AHB1PeriphClockCmd                   0x080020ad   Thumb Code    34  stm32f4xx_rcc.o(.text)
    RCC_AHB2PeriphClockCmd                   0x080020cf   Thumb Code    78  stm32f4xx_rcc.o(.text)
    RCC_AHB3PeriphClockCmd                   0x0800211d   Thumb Code    34  stm32f4xx_rcc.o(.text)
    RCC_APB1PeriphClockCmd                   0x0800213f   Thumb Code    34  stm32f4xx_rcc.o(.text)
    RCC_APB2PeriphClockCmd                   0x08002161   Thumb Code    34  stm32f4xx_rcc.o(.text)
    RCC_AHB1PeriphResetCmd                   0x08002183   Thumb Code    34  stm32f4xx_rcc.o(.text)
    RCC_AHB2PeriphResetCmd                   0x080021a5   Thumb Code    34  stm32f4xx_rcc.o(.text)
    RCC_AHB3PeriphResetCmd                   0x080021c7   Thumb Code    34  stm32f4xx_rcc.o(.text)
    RCC_APB1PeriphResetCmd                   0x080021e9   Thumb Code    34  stm32f4xx_rcc.o(.text)
    RCC_APB2PeriphResetCmd                   0x0800220b   Thumb Code    34  stm32f4xx_rcc.o(.text)
    RCC_AHB1PeriphClockLPModeCmd             0x0800222d   Thumb Code    34  stm32f4xx_rcc.o(.text)
    RCC_AHB2PeriphClockLPModeCmd             0x0800224f   Thumb Code    34  stm32f4xx_rcc.o(.text)
    RCC_AHB3PeriphClockLPModeCmd             0x08002271   Thumb Code    34  stm32f4xx_rcc.o(.text)
    RCC_APB1PeriphClockLPModeCmd             0x08002293   Thumb Code    34  stm32f4xx_rcc.o(.text)
    RCC_APB2PeriphClockLPModeCmd             0x080022b5   Thumb Code    34  stm32f4xx_rcc.o(.text)
    RCC_LSEModeConfig                        0x080022d7   Thumb Code    40  stm32f4xx_rcc.o(.text)
    RCC_ITConfig                             0x080022ff   Thumb Code    34  stm32f4xx_rcc.o(.text)
    RCC_ClearFlag                            0x08002321   Thumb Code    18  stm32f4xx_rcc.o(.text)
    RCC_GetITStatus                          0x08002333   Thumb Code    22  stm32f4xx_rcc.o(.text)
    RCC_ClearITPendingBit                    0x08002349   Thumb Code     8  stm32f4xx_rcc.o(.text)
    SDIO_DeInit                              0x08002355   Thumb Code    22  stm32f4xx_sdio.o(.text)
    SDIO_Init                                0x0800236b   Thumb Code    42  stm32f4xx_sdio.o(.text)
    SDIO_StructInit                          0x08002395   Thumb Code    16  stm32f4xx_sdio.o(.text)
    SDIO_ClockCmd                            0x080023a5   Thumb Code     6  stm32f4xx_sdio.o(.text)
    SDIO_SetPowerState                       0x080023ab   Thumb Code     8  stm32f4xx_sdio.o(.text)
    SDIO_GetPowerState                       0x080023b3   Thumb Code    12  stm32f4xx_sdio.o(.text)
    SDIO_SendCommand                         0x080023bf   Thumb Code    42  stm32f4xx_sdio.o(.text)
    SDIO_CmdStructInit                       0x080023e9   Thumb Code    14  stm32f4xx_sdio.o(.text)
    SDIO_GetCommandResponse                  0x080023f7   Thumb Code    10  stm32f4xx_sdio.o(.text)
    SDIO_GetResponse                         0x08002401   Thumb Code    22  stm32f4xx_sdio.o(.text)
    SDIO_DataConfig                          0x08002417   Thumb Code    48  stm32f4xx_sdio.o(.text)
    SDIO_DataStructInit                      0x08002447   Thumb Code    20  stm32f4xx_sdio.o(.text)
    SDIO_GetDataCounter                      0x0800245b   Thumb Code     8  stm32f4xx_sdio.o(.text)
    SDIO_ReadData                            0x08002463   Thumb Code     8  stm32f4xx_sdio.o(.text)
    SDIO_WriteData                           0x0800246b   Thumb Code     8  stm32f4xx_sdio.o(.text)
    SDIO_GetFIFOCount                        0x08002473   Thumb Code     8  stm32f4xx_sdio.o(.text)
    SDIO_StartSDIOReadWait                   0x0800247b   Thumb Code     6  stm32f4xx_sdio.o(.text)
    SDIO_StopSDIOReadWait                    0x08002481   Thumb Code     8  stm32f4xx_sdio.o(.text)
    SDIO_SetSDIOReadWaitMode                 0x08002489   Thumb Code     8  stm32f4xx_sdio.o(.text)
    SDIO_SetSDIOOperation                    0x08002491   Thumb Code     8  stm32f4xx_sdio.o(.text)
    SDIO_SendSDIOSuspendCmd                  0x08002499   Thumb Code     6  stm32f4xx_sdio.o(.text)
    SDIO_CommandCompletionCmd                0x0800249f   Thumb Code     8  stm32f4xx_sdio.o(.text)
    SDIO_CEATAITCmd                          0x080024a7   Thumb Code    12  stm32f4xx_sdio.o(.text)
    SDIO_SendCEATACmd                        0x080024b3   Thumb Code     8  stm32f4xx_sdio.o(.text)
    SDIO_DMACmd                              0x080024bb   Thumb Code     8  stm32f4xx_sdio.o(.text)
    SDIO_ITConfig                            0x080024c3   Thumb Code    34  stm32f4xx_sdio.o(.text)
    SDIO_GetFlagStatus                       0x080024e5   Thumb Code    22  stm32f4xx_sdio.o(.text)
    SDIO_ClearFlag                           0x080024fb   Thumb Code     8  stm32f4xx_sdio.o(.text)
    SDIO_GetITStatus                         0x08002503   Thumb Code    22  stm32f4xx_sdio.o(.text)
    SDIO_ClearITPendingBit                   0x08002519   Thumb Code     8  stm32f4xx_sdio.o(.text)
    SPI_I2S_DeInit                           0x08002531   Thumb Code   152  stm32f4xx_spi.o(.text)
    SPI_Init                                 0x080025c9   Thumb Code    60  stm32f4xx_spi.o(.text)
    I2S_Init                                 0x08002605   Thumb Code   396  stm32f4xx_spi.o(.text)
    SPI_StructInit                           0x08002791   Thumb Code    24  stm32f4xx_spi.o(.text)
    I2S_StructInit                           0x080027a9   Thumb Code    20  stm32f4xx_spi.o(.text)
    SPI_Cmd                                  0x080027bd   Thumb Code    24  stm32f4xx_spi.o(.text)
    I2S_Cmd                                  0x080027d5   Thumb Code    24  stm32f4xx_spi.o(.text)
    SPI_DataSizeConfig                       0x080027ed   Thumb Code    18  stm32f4xx_spi.o(.text)
    SPI_BiDirectionalLineConfig              0x080027ff   Thumb Code    28  stm32f4xx_spi.o(.text)
    SPI_NSSInternalSoftwareConfig            0x0800281b   Thumb Code    30  stm32f4xx_spi.o(.text)
    SPI_SSOutputCmd                          0x08002839   Thumb Code    24  stm32f4xx_spi.o(.text)
    SPI_TIModeCmd                            0x08002851   Thumb Code    24  stm32f4xx_spi.o(.text)
    I2S_FullDuplexConfig                     0x08002869   Thumb Code    80  stm32f4xx_spi.o(.text)
    SPI_I2S_ReceiveData                      0x080028b9   Thumb Code     6  stm32f4xx_spi.o(.text)
    SPI_I2S_SendData                         0x080028bf   Thumb Code     4  stm32f4xx_spi.o(.text)
    SPI_CalculateCRC                         0x080028c3   Thumb Code    24  stm32f4xx_spi.o(.text)
    SPI_TransmitCRC                          0x080028db   Thumb Code    10  stm32f4xx_spi.o(.text)
    SPI_GetCRC                               0x080028e5   Thumb Code    16  stm32f4xx_spi.o(.text)
    SPI_GetCRCPolynomial                     0x080028f5   Thumb Code     6  stm32f4xx_spi.o(.text)
    SPI_I2S_DMACmd                           0x080028fb   Thumb Code    18  stm32f4xx_spi.o(.text)
    SPI_I2S_ITConfig                         0x0800290d   Thumb Code    68  stm32f4xx_spi.o(.text)
    SPI_I2S_GetFlagStatus                    0x08002951   Thumb Code    18  stm32f4xx_spi.o(.text)
    SPI_I2S_ClearFlag                        0x08002963   Thumb Code     6  stm32f4xx_spi.o(.text)
    SPI_I2S_GetITStatus                      0x08002969   Thumb Code    52  stm32f4xx_spi.o(.text)
    SPI_I2S_ClearITPendingBit                0x0800299d   Thumb Code    20  stm32f4xx_spi.o(.text)
    SYSCFG_DeInit                            0x080029b1   Thumb Code    22  stm32f4xx_syscfg.o(.text)
    SYSCFG_MemoryRemapConfig                 0x080029c7   Thumb Code     6  stm32f4xx_syscfg.o(.text)
    SYSCFG_MemorySwappingBank                0x080029cd   Thumb Code     6  stm32f4xx_syscfg.o(.text)
    SYSCFG_EXTILineConfig                    0x080029d3   Thumb Code    66  stm32f4xx_syscfg.o(.text)
    SYSCFG_ETH_MediaInterfaceConfig          0x08002a15   Thumb Code     8  stm32f4xx_syscfg.o(.text)
    SYSCFG_CompensationCellCmd               0x08002a1d   Thumb Code     6  stm32f4xx_syscfg.o(.text)
    SYSCFG_GetCompensationCellStatus         0x08002a23   Thumb Code    22  stm32f4xx_syscfg.o(.text)
    TIM_DeInit                               0x08002a45   Thumb Code   346  stm32f4xx_tim.o(.text)
    TIM_TimeBaseInit                         0x08002b9f   Thumb Code   104  stm32f4xx_tim.o(.text)
    TIM_TimeBaseStructInit                   0x08002c07   Thumb Code    18  stm32f4xx_tim.o(.text)
    TIM_PrescalerConfig                      0x08002c19   Thumb Code     6  stm32f4xx_tim.o(.text)
    TIM_CounterModeConfig                    0x08002c1f   Thumb Code    18  stm32f4xx_tim.o(.text)
    TIM_SetCounter                           0x08002c31   Thumb Code     4  stm32f4xx_tim.o(.text)
    TIM_SetAutoreload                        0x08002c35   Thumb Code     4  stm32f4xx_tim.o(.text)
    TIM_GetCounter                           0x08002c39   Thumb Code     6  stm32f4xx_tim.o(.text)
    TIM_GetPrescaler                         0x08002c3f   Thumb Code     6  stm32f4xx_tim.o(.text)
    TIM_UpdateDisableConfig                  0x08002c45   Thumb Code    24  stm32f4xx_tim.o(.text)
    TIM_UpdateRequestConfig                  0x08002c5d   Thumb Code    24  stm32f4xx_tim.o(.text)
    TIM_ARRPreloadConfig                     0x08002c75   Thumb Code    24  stm32f4xx_tim.o(.text)
    TIM_SelectOnePulseMode                   0x08002c8d   Thumb Code    18  stm32f4xx_tim.o(.text)
    TIM_SetClockDivision                     0x08002c9f   Thumb Code    18  stm32f4xx_tim.o(.text)
    TIM_Cmd                                  0x08002cb1   Thumb Code    24  stm32f4xx_tim.o(.text)
    TIM_OC1Init                              0x08002cc9   Thumb Code   114  stm32f4xx_tim.o(.text)
    TIM_OC2Init                              0x08002d3b   Thumb Code   154  stm32f4xx_tim.o(.text)
    TIM_OC3Init                              0x08002dd5   Thumb Code   204  stm32f4xx_tim.o(.text)
    TIM_OC4Init                              0x08002ea1   Thumb Code   112  stm32f4xx_tim.o(.text)
    TIM_OCStructInit                         0x08002f11   Thumb Code    20  stm32f4xx_tim.o(.text)
    TIM_SelectOCxM                           0x08002f25   Thumb Code    86  stm32f4xx_tim.o(.text)
    TIM_SetCompare1                          0x08002f7b   Thumb Code     4  stm32f4xx_tim.o(.text)
    TIM_SetCompare2                          0x08002f7f   Thumb Code     4  stm32f4xx_tim.o(.text)
    TIM_SetCompare3                          0x08002f83   Thumb Code     4  stm32f4xx_tim.o(.text)
    TIM_SetCompare4                          0x08002f87   Thumb Code     4  stm32f4xx_tim.o(.text)
    TIM_ForcedOC1Config                      0x08002f8b   Thumb Code    18  stm32f4xx_tim.o(.text)
    TIM_ForcedOC2Config                      0x08002f9d   Thumb Code    26  stm32f4xx_tim.o(.text)
    TIM_ForcedOC3Config                      0x08002fb7   Thumb Code    18  stm32f4xx_tim.o(.text)
    TIM_ForcedOC4Config                      0x08002fc9   Thumb Code    26  stm32f4xx_tim.o(.text)
    TIM_OC1PreloadConfig                     0x08002fe3   Thumb Code    18  stm32f4xx_tim.o(.text)
    TIM_OC2PreloadConfig                     0x08002ff5   Thumb Code    26  stm32f4xx_tim.o(.text)
    TIM_OC3PreloadConfig                     0x0800300f   Thumb Code    18  stm32f4xx_tim.o(.text)
    TIM_OC4PreloadConfig                     0x08003021   Thumb Code    26  stm32f4xx_tim.o(.text)
    TIM_OC1FastConfig                        0x0800303b   Thumb Code    18  stm32f4xx_tim.o(.text)
    TIM_OC2FastConfig                        0x0800304d   Thumb Code    26  stm32f4xx_tim.o(.text)
    TIM_OC3FastConfig                        0x08003067   Thumb Code    18  stm32f4xx_tim.o(.text)
    TIM_OC4FastConfig                        0x08003079   Thumb Code    26  stm32f4xx_tim.o(.text)
    TIM_ClearOC1Ref                          0x08003093   Thumb Code    18  stm32f4xx_tim.o(.text)
    TIM_ClearOC2Ref                          0x080030a5   Thumb Code    24  stm32f4xx_tim.o(.text)
    TIM_ClearOC3Ref                          0x080030bd   Thumb Code    18  stm32f4xx_tim.o(.text)
    TIM_ClearOC4Ref                          0x080030cf   Thumb Code    24  stm32f4xx_tim.o(.text)
    TIM_OC1PolarityConfig                    0x080030e7   Thumb Code    18  stm32f4xx_tim.o(.text)
    TIM_OC1NPolarityConfig                   0x080030f9   Thumb Code    18  stm32f4xx_tim.o(.text)
    TIM_OC2PolarityConfig                    0x0800310b   Thumb Code    26  stm32f4xx_tim.o(.text)
    TIM_OC2NPolarityConfig                   0x08003125   Thumb Code    26  stm32f4xx_tim.o(.text)
    TIM_OC3PolarityConfig                    0x0800313f   Thumb Code    26  stm32f4xx_tim.o(.text)
    TIM_OC3NPolarityConfig                   0x08003159   Thumb Code    26  stm32f4xx_tim.o(.text)
    TIM_OC4PolarityConfig                    0x08003173   Thumb Code    26  stm32f4xx_tim.o(.text)
    TIM_CCxCmd                               0x0800318d   Thumb Code    30  stm32f4xx_tim.o(.text)
    TIM_CCxNCmd                              0x080031ab   Thumb Code    30  stm32f4xx_tim.o(.text)
    TIM_SetIC4Prescaler                      0x080031c9   Thumb Code    26  stm32f4xx_tim.o(.text)
    TIM_SetIC3Prescaler                      0x08003233   Thumb Code    18  stm32f4xx_tim.o(.text)
    TIM_SetIC2Prescaler                      0x0800328d   Thumb Code    26  stm32f4xx_tim.o(.text)
    TIM_SetIC1Prescaler                      0x08003301   Thumb Code    18  stm32f4xx_tim.o(.text)
    TIM_ICInit                               0x0800334d   Thumb Code   110  stm32f4xx_tim.o(.text)
    TIM_ICStructInit                         0x080033bb   Thumb Code    18  stm32f4xx_tim.o(.text)
    TIM_PWMIConfig                           0x080033cd   Thumb Code   124  stm32f4xx_tim.o(.text)
    TIM_GetCapture1                          0x08003449   Thumb Code     6  stm32f4xx_tim.o(.text)
    TIM_GetCapture2                          0x0800344f   Thumb Code     6  stm32f4xx_tim.o(.text)
    TIM_GetCapture3                          0x08003455   Thumb Code     6  stm32f4xx_tim.o(.text)
    TIM_GetCapture4                          0x0800345b   Thumb Code     6  stm32f4xx_tim.o(.text)
    TIM_BDTRConfig                           0x08003461   Thumb Code    32  stm32f4xx_tim.o(.text)
    TIM_BDTRStructInit                       0x08003481   Thumb Code    18  stm32f4xx_tim.o(.text)
    TIM_CtrlPWMOutputs                       0x08003493   Thumb Code    30  stm32f4xx_tim.o(.text)
    TIM_SelectCOM                            0x080034b1   Thumb Code    24  stm32f4xx_tim.o(.text)
    TIM_CCPreloadControl                     0x080034c9   Thumb Code    24  stm32f4xx_tim.o(.text)
    TIM_ITConfig                             0x080034e1   Thumb Code    18  stm32f4xx_tim.o(.text)
    TIM_GenerateEvent                        0x080034f3   Thumb Code     4  stm32f4xx_tim.o(.text)
    TIM_GetFlagStatus                        0x080034f7   Thumb Code    18  stm32f4xx_tim.o(.text)
    TIM_ClearFlag                            0x08003509   Thumb Code     6  stm32f4xx_tim.o(.text)
    TIM_GetITStatus                          0x0800350f   Thumb Code    34  stm32f4xx_tim.o(.text)
    TIM_ClearITPendingBit                    0x08003531   Thumb Code     6  stm32f4xx_tim.o(.text)
    TIM_DMAConfig                            0x08003537   Thumb Code    10  stm32f4xx_tim.o(.text)
    TIM_DMACmd                               0x08003541   Thumb Code    18  stm32f4xx_tim.o(.text)
    TIM_SelectCCDMA                          0x08003553   Thumb Code    24  stm32f4xx_tim.o(.text)
    TIM_InternalClockConfig                  0x0800356b   Thumb Code    12  stm32f4xx_tim.o(.text)
    TIM_SelectInputTrigger                   0x08003577   Thumb Code    18  stm32f4xx_tim.o(.text)
    TIM_ITRxExternalClockConfig              0x08003589   Thumb Code    24  stm32f4xx_tim.o(.text)
    TIM_TIxExternalClockConfig               0x080035a1   Thumb Code    62  stm32f4xx_tim.o(.text)
    TIM_ETRConfig                            0x080035df   Thumb Code    28  stm32f4xx_tim.o(.text)
    TIM_ETRClockMode1Config                  0x080035fb   Thumb Code    54  stm32f4xx_tim.o(.text)
    TIM_ETRClockMode2Config                  0x08003631   Thumb Code    32  stm32f4xx_tim.o(.text)
    TIM_SelectOutputTrigger                  0x08003651   Thumb Code    18  stm32f4xx_tim.o(.text)
    TIM_SelectSlaveMode                      0x08003663   Thumb Code    18  stm32f4xx_tim.o(.text)
    TIM_SelectMasterSlaveMode                0x08003675   Thumb Code    18  stm32f4xx_tim.o(.text)
    TIM_EncoderInterfaceConfig               0x08003687   Thumb Code    66  stm32f4xx_tim.o(.text)
    TIM_SelectHallSensor                     0x080036c9   Thumb Code    24  stm32f4xx_tim.o(.text)
    TIM_RemapConfig                          0x080036e1   Thumb Code     6  stm32f4xx_tim.o(.text)
    USART_DeInit                             0x080036e9   Thumb Code   206  stm32f4xx_usart.o(.text)
    USART_Init                               0x080037b7   Thumb Code   204  stm32f4xx_usart.o(.text)
    USART_StructInit                         0x08003883   Thumb Code    24  stm32f4xx_usart.o(.text)
    USART_ClockInit                          0x0800389b   Thumb Code    32  stm32f4xx_usart.o(.text)
    USART_ClockStructInit                    0x080038bb   Thumb Code    12  stm32f4xx_usart.o(.text)
    USART_Cmd                                0x080038c7   Thumb Code    24  stm32f4xx_usart.o(.text)
    USART_SetPrescaler                       0x080038df   Thumb Code    16  stm32f4xx_usart.o(.text)
    USART_OverSampling8Cmd                   0x080038ef   Thumb Code    22  stm32f4xx_usart.o(.text)
    USART_OneBitMethodCmd                    0x08003905   Thumb Code    24  stm32f4xx_usart.o(.text)
    USART_SendData                           0x0800391d   Thumb Code     8  stm32f4xx_usart.o(.text)
    USART_ReceiveData                        0x08003925   Thumb Code    10  stm32f4xx_usart.o(.text)
    USART_SetAddress                         0x0800392f   Thumb Code    18  stm32f4xx_usart.o(.text)
    USART_ReceiverWakeUpCmd                  0x08003941   Thumb Code    24  stm32f4xx_usart.o(.text)
    USART_WakeUpConfig                       0x08003959   Thumb Code    18  stm32f4xx_usart.o(.text)
    USART_LINBreakDetectLengthConfig         0x0800396b   Thumb Code    18  stm32f4xx_usart.o(.text)
    USART_LINCmd                             0x0800397d   Thumb Code    24  stm32f4xx_usart.o(.text)
    USART_SendBreak                          0x08003995   Thumb Code    10  stm32f4xx_usart.o(.text)
    USART_HalfDuplexCmd                      0x0800399f   Thumb Code    24  stm32f4xx_usart.o(.text)
    USART_SetGuardTime                       0x080039b7   Thumb Code    16  stm32f4xx_usart.o(.text)
    USART_SmartCardCmd                       0x080039c7   Thumb Code    24  stm32f4xx_usart.o(.text)
    USART_SmartCardNACKCmd                   0x080039df   Thumb Code    24  stm32f4xx_usart.o(.text)
    USART_IrDAConfig                         0x080039f7   Thumb Code    18  stm32f4xx_usart.o(.text)
    USART_IrDACmd                            0x08003a09   Thumb Code    24  stm32f4xx_usart.o(.text)
    USART_DMACmd                             0x08003a21   Thumb Code    18  stm32f4xx_usart.o(.text)
    USART_ITConfig                           0x08003a33   Thumb Code    74  stm32f4xx_usart.o(.text)
    USART_GetFlagStatus                      0x08003a7d   Thumb Code    26  stm32f4xx_usart.o(.text)
    USART_ClearFlag                          0x08003a97   Thumb Code    18  stm32f4xx_usart.o(.text)
    USART_GetITStatus                        0x08003aa9   Thumb Code   118  stm32f4xx_usart.o(.text)
    USART_ClearITPendingBit                  0x08003b1f   Thumb Code    30  stm32f4xx_usart.o(.text)
    delay_init                               0x08003b3d   Thumb Code    52  delay.o(.text)
    delay_us                                 0x08003b71   Thumb Code    72  delay.o(.text)
    delay_xms                                0x08003bb9   Thumb Code    72  delay.o(.text)
    delay_ms                                 0x08003c01   Thumb Code    56  delay.o(.text)
    _sys_exit                                0x08003c41   Thumb Code     4  usart.o(.text)
    fputc                                    0x08003c45   Thumb Code    22  usart.o(.text)
    uart_init                                0x08003c5b   Thumb Code   164  usart.o(.text)
    USART1_IRQHandler                        0x08003cff   Thumb Code   122  usart.o(.text)
    Buzzer_Init                              0x08003d89   Thumb Code    64  buzzer.o(.text)
    TIM2_Init                                0x08003dc9   Thumb Code    94  buzzer.o(.text)
    TIM2_IRQHandler                          0x08003e27   Thumb Code    32  buzzer.o(.text)
    Telemeter_Init                           0x08003e4d   Thumb Code    44  hc-sr501.o(.text)
    Telemeter_EXIT_Init                      0x08003e79   Thumb Code    84  hc-sr501.o(.text)
    EXTI15_10_IRQHandler                     0x08003ecd   Thumb Code    22  hc-sr501.o(.text)
    KEY_Init                                 0x08003ee9   Thumb Code    52  key.o(.text)
    KEY_EXIT_Init                            0x08003f1d   Thumb Code   184  key.o(.text)
    EXTI0_IRQHandler                         0x08003fd5   Thumb Code    56  key.o(.text)
    EXTI1_IRQHandler                         0x0800400d   Thumb Code    38  key.o(.text)
    EXTI2_IRQHandler                         0x08004033   Thumb Code    58  key.o(.text)
    GSM_Init                                 0x08004091   Thumb Code   164  gsm.o(.text)
    USART3_IRQHandler                        0x08004135   Thumb Code   122  gsm.o(.text)
    USART3_Send_data                         0x080041af   Thumb Code    38  gsm.o(.text)
    USART3_Send_data_value                   0x080041d5   Thumb Code    28  gsm.o(.text)
    LCD_WR_REG                               0x08004201   Thumb Code    18  lcd.o(.text)
    LCD_WR_DATA                              0x08004213   Thumb Code    20  lcd.o(.text)
    LCD_RD_DATA                              0x08004227   Thumb Code    16  lcd.o(.text)
    LCD_WriteReg                             0x08004237   Thumb Code    14  lcd.o(.text)
    LCD_ReadReg                              0x08004245   Thumb Code    22  lcd.o(.text)
    LCD_WriteRAM_Prepare                     0x0800425b   Thumb Code    10  lcd.o(.text)
    LCD_WriteRAM                             0x08004265   Thumb Code     8  lcd.o(.text)
    LCD_BGR2RGB                              0x0800426d   Thumb Code    26  lcd.o(.text)
    opt_delay                                0x08004287   Thumb Code    14  lcd.o(.text)
    LCD_SetCursor                            0x08004295   Thumb Code   282  lcd.o(.text)
    LCD_ReadPoint                            0x080043af   Thumb Code   132  lcd.o(.text)
    LCD_DisplayOn                            0x08004433   Thumb Code    32  lcd.o(.text)
    LCD_DisplayOff                           0x08004453   Thumb Code    32  lcd.o(.text)
    LCD_Scan_Dir                             0x08004473   Thumb Code   570  lcd.o(.text)
    LCD_DrawPoint                            0x080046ad   Thumb Code    28  lcd.o(.text)
    LCD_Fast_DrawPoint                       0x080046c9   Thumb Code   238  lcd.o(.text)
    LCD_SSD_BackLightSet                     0x080047b7   Thumb Code    88  lcd.o(.text)
    LCD_Display_Dir                          0x0800480f   Thumb Code   298  lcd.o(.text)
    LCD_Set_Window                           0x08004939   Thumb Code   384  lcd.o(.text)
    LCD_Clear                                0x08004ab9   Thumb Code    42  lcd.o(.text)
    LCD_Init                                 0x08004ae3   Thumb Code 10318  lcd.o(.text)
    LCD_Fill                                 0x08007331   Thumb Code    82  lcd.o(.text)
    LCD_Color_Fill                           0x08007383   Thumb Code    92  lcd.o(.text)
    LCD_DrawLine                             0x080073df   Thumb Code   176  lcd.o(.text)
    LCD_DrawRectangle                        0x0800748f   Thumb Code    60  lcd.o(.text)
    LCD_Draw_Circle                          0x080074cb   Thumb Code   152  lcd.o(.text)
    LCD_ShowChar                             0x08007563   Thumb Code   284  lcd.o(.text)
    LCD_Pow                                  0x0800767f   Thumb Code    22  lcd.o(.text)
    LCD_ShowNum                              0x08007695   Thumb Code   148  lcd.o(.text)
    LCD_ShowxNum                             0x08007729   Thumb Code   190  lcd.o(.text)
    LCD_ShowString                           0x080077e7   Thumb Code   102  lcd.o(.text)
    LCD_Static_Display                       0x0800784d   Thumb Code   318  lcd.o(.text)
    LCD_Dynamic_Display                      0x0800798b   Thumb Code   352  lcd.o(.text)
    TIM3_Int_Init                            0x08007b01   Thumb Code    88  timer.o(.text)
    TIM3_IRQHandler                          0x08007b59   Thumb Code    40  timer.o(.text)
    DCMI_IRQHandler                          0x08007b95   Thumb Code    50  dcmi.o(.text)
    DCMI_DMA_Init                            0x08007bc7   Thumb Code   172  dcmi.o(.text)
    DMA2_Stream1_IRQHandler                  0x08007c73   Thumb Code    30  dcmi.o(.text)
    My_DCMI_Init                             0x08007c91   Thumb Code   278  dcmi.o(.text)
    DCMI_Start                               0x08007da7   Thumb Code    30  dcmi.o(.text)
    DCMI_Stop                                0x08007dc5   Thumb Code    34  dcmi.o(.text)
    DCMI_Set_Window                          0x08007de7   Thumb Code    74  dcmi.o(.text)
    DCMI_CR_Set                              0x08007e31   Thumb Code    58  dcmi.o(.text)
    OV2640_Init                              0x08007e99   Thumb Code   228  ov2640.o(.text)
    OV2640_JPEG_Mode                         0x08007f7d   Thumb Code    66  ov2640.o(.text)
    OV2640_RGB565_Mode                       0x08007fbf   Thumb Code    36  ov2640.o(.text)
    OV2640_Auto_Exposure                     0x08007fe3   Thumb Code    40  ov2640.o(.text)
    OV2640_Light_Mode                        0x0800800b   Thumb Code   118  ov2640.o(.text)
    OV2640_Color_Saturation                  0x08008081   Thumb Code    64  ov2640.o(.text)
    OV2640_Brightness                        0x080080c1   Thumb Code    56  ov2640.o(.text)
    OV2640_Contrast                          0x080080f9   Thumb Code   116  ov2640.o(.text)
    OV2640_Special_Effects                   0x0800816d   Thumb Code   122  ov2640.o(.text)
    OV2640_Color_Bar                         0x080081e7   Thumb Code    40  ov2640.o(.text)
    OV2640_Window_Set                        0x0800820f   Thumb Code   214  ov2640.o(.text)
    OV2640_OutSize_Set                       0x080082e5   Thumb Code   136  ov2640.o(.text)
    OV2640_ImageWin_Set                      0x0800836d   Thumb Code   188  ov2640.o(.text)
    OV2640_ImageSize_Set                     0x08008429   Thumb Code    80  ov2640.o(.text)
    SCCB_Init                                0x08008479   Thumb Code    78  sccb.o(.text)
    SCCB_Start                               0x080084c7   Thumb Code    42  sccb.o(.text)
    SCCB_Stop                                0x080084f1   Thumb Code    42  sccb.o(.text)
    SCCB_No_Ack                              0x0800851b   Thumb Code    56  sccb.o(.text)
    SCCB_WR_Byte                             0x08008553   Thumb Code   154  sccb.o(.text)
    SCCB_RD_Byte                             0x080085ed   Thumb Code   104  sccb.o(.text)
    SCCB_WR_Reg                              0x08008655   Thumb Code    62  sccb.o(.text)
    SCCB_RD_Reg                              0x08008693   Thumb Code    78  sccb.o(.text)
    FSMC_SRAM_Init                           0x080086ed   Thumb Code   694  sram.o(.text)
    FSMC_SRAM_WriteBuffer                    0x080089a3   Thumb Code    24  sram.o(.text)
    FSMC_SRAM_ReadBuffer                     0x080089bb   Thumb Code    22  sram.o(.text)
    SDIO_Register_Deinit                     0x080089e5   Thumb Code    48  sdio_sdcard.o(.text)
    SD_SetDeviceMode                         0x08008a15   Thumb Code    20  sdio_sdcard.o(.text)
    SDIO_Clock_Set                           0x08008a29   Thumb Code    18  sdio_sdcard.o(.text)
    CmdResp1Error                            0x08008a3b   Thumb Code    96  sdio_sdcard.o(.text)
    FindSCR                                  0x08008a9b   Thumb Code   390  sdio_sdcard.o(.text)
    SDEnWideBus                              0x08008c21   Thumb Code   160  sdio_sdcard.o(.text)
    SD_EnableWideBusOperation                0x08008cc1   Thumb Code    98  sdio_sdcard.o(.text)
    SD_SelectDeselect                        0x08008d23   Thumb Code    42  sdio_sdcard.o(.text)
    SD_GetCardInfo                           0x08008d4d   Thumb Code   806  sdio_sdcard.o(.text)
    CmdResp2Error                            0x08009073   Thumb Code    80  sdio_sdcard.o(.text)
    CmdResp6Error                            0x080090c3   Thumb Code   144  sdio_sdcard.o(.text)
    SD_InitializeCards                       0x08009153   Thumb Code   354  sdio_sdcard.o(.text)
    CmdResp3Error                            0x080092b5   Thumb Code    52  sdio_sdcard.o(.text)
    CmdResp7Error                            0x080092e9   Thumb Code    72  sdio_sdcard.o(.text)
    CmdError                                 0x08009331   Thumb Code    48  sdio_sdcard.o(.text)
    SD_PowerON                               0x08009361   Thumb Code   460  sdio_sdcard.o(.text)
    SD_Init                                  0x0800952d   Thumb Code   334  sdio_sdcard.o(.text)
    SD_PowerOFF                              0x0800967b   Thumb Code    12  sdio_sdcard.o(.text)
    SD_DMA_Config                            0x08009687   Thumb Code   118  sdio_sdcard.o(.text)
    convert_from_bytes_to_power_of_two       0x080096fd   Thumb Code    18  sdio_sdcard.o(.text)
    SD_ReadBlock                             0x0800970f   Thumb Code   578  sdio_sdcard.o(.text)
    SD_ReadMultiBlocks                       0x08009951   Thumb Code   762  sdio_sdcard.o(.text)
    IsCardProgramming                        0x08009c4b   Thumb Code   150  sdio_sdcard.o(.text)
    SD_WriteBlock                            0x08009ce1   Thumb Code   914  sdio_sdcard.o(.text)
    SD_WriteMultiBlocks                      0x0800a073   Thumb Code   976  sdio_sdcard.o(.text)
    SD_ProcessIRQSrc                         0x0800a443   Thumb Code   322  sdio_sdcard.o(.text)
    SDIO_IRQHandler                          0x0800a585   Thumb Code     8  sdio_sdcard.o(.text)
    SD_SendStatus                            0x0800a58d   Thumb Code    74  sdio_sdcard.o(.text)
    SD_GetState                              0x0800a5d7   Thumb Code    26  sdio_sdcard.o(.text)
    SD_ReadDisk                              0x0800a5f1   Thumb Code   188  sdio_sdcard.o(.text)
    SD_WriteDisk                             0x0800a6ad   Thumb Code   148  sdio_sdcard.o(.text)
    W25QXX_ReadID                            0x0800a745   Thumb Code    64  w25qxx.o(.text)
    W25QXX_Init                              0x0800a785   Thumb Code   102  w25qxx.o(.text)
    W25QXX_ReadSR                            0x0800a7eb   Thumb Code    36  w25qxx.o(.text)
    W25QXX_Write_SR                          0x0800a80f   Thumb Code    32  w25qxx.o(.text)
    W25QXX_Write_Enable                      0x0800a82f   Thumb Code    24  w25qxx.o(.text)
    W25QXX_Write_Disable                     0x0800a847   Thumb Code    24  w25qxx.o(.text)
    W25QXX_Read                              0x0800a85f   Thumb Code    74  w25qxx.o(.text)
    W25QXX_Wait_Busy                         0x0800a8a9   Thumb Code    18  w25qxx.o(.text)
    W25QXX_Write_Page                        0x0800a8bb   Thumb Code    80  w25qxx.o(.text)
    W25QXX_Write_NoCheck                     0x0800a90b   Thumb Code    70  w25qxx.o(.text)
    W25QXX_Erase_Sector                      0x0800a951   Thumb Code    70  w25qxx.o(.text)
    W25QXX_Write                             0x0800a997   Thumb Code   180  w25qxx.o(.text)
    W25QXX_Erase_Chip                        0x0800aa4b   Thumb Code    36  w25qxx.o(.text)
    W25QXX_PowerDown                         0x0800aa6f   Thumb Code    30  w25qxx.o(.text)
    W25QXX_WAKEUP                            0x0800aa8d   Thumb Code    30  w25qxx.o(.text)
    SPI1_ReadWriteByte                       0x0800aacd   Thumb Code    50  spi.o(.text)
    SPI1_Init                                0x0800aaff   Thumb Code   186  spi.o(.text)
    SPI1_SetSpeed                            0x0800abb9   Thumb Code    36  spi.o(.text)
    I2S2_Init                                0x0800abe5   Thumb Code    94  i2s.o(.text)
    I2S2ext_Init                             0x0800ac43   Thumb Code    72  i2s.o(.text)
    I2S2_SampleRate_Set                      0x0800ac8b   Thumb Code   150  i2s.o(.text)
    I2S2_TX_DMA_Init                         0x0800ad21   Thumb Code   166  i2s.o(.text)
    I2S2ext_RX_DMA_Init                      0x0800adc7   Thumb Code   180  i2s.o(.text)
    DMA1_Stream4_IRQHandler                  0x0800ae7b   Thumb Code    30  i2s.o(.text)
    DMA1_Stream3_IRQHandler                  0x0800ae99   Thumb Code    34  i2s.o(.text)
    I2S_Play_Start                           0x0800aebb   Thumb Code    12  i2s.o(.text)
    I2S_Play_Stop                            0x0800aec7   Thumb Code    12  i2s.o(.text)
    I2S_Rec_Start                            0x0800aed3   Thumb Code    14  i2s.o(.text)
    I2S_Rec_Stop                             0x0800aee1   Thumb Code    14  i2s.o(.text)
    IIC_Init                                 0x0800af1d   Thumb Code    62  myiic.o(.text)
    IIC_Start                                0x0800af5b   Thumb Code    68  myiic.o(.text)
    IIC_Stop                                 0x0800af9f   Thumb Code    62  myiic.o(.text)
    IIC_Wait_Ack                             0x0800afdd   Thumb Code    82  myiic.o(.text)
    IIC_Ack                                  0x0800b02f   Thumb Code    66  myiic.o(.text)
    IIC_NAck                                 0x0800b071   Thumb Code    66  myiic.o(.text)
    IIC_Send_Byte                            0x0800b0b3   Thumb Code    90  myiic.o(.text)
    IIC_Read_Byte                            0x0800b10d   Thumb Code    94  myiic.o(.text)
    WM8978_Write_Reg                         0x0800b179   Thumb Code    80  wm8978.o(.text)
    WM8978_Init                              0x0800b1c9   Thumb Code   244  wm8978.o(.text)
    WM8978_Read_Reg                          0x0800b2bd   Thumb Code    10  wm8978.o(.text)
    WM8978_ADDA_Cfg                          0x0800b2c7   Thumb Code    64  wm8978.o(.text)
    WM8978_AUX_Gain                          0x0800b307   Thumb Code    54  wm8978.o(.text)
    WM8978_LINEIN_Gain                       0x0800b33d   Thumb Code    54  wm8978.o(.text)
    WM8978_Input_Cfg                         0x0800b373   Thumb Code   102  wm8978.o(.text)
    WM8978_Output_Cfg                        0x0800b3d9   Thumb Code    42  wm8978.o(.text)
    WM8978_MIC_Gain                          0x0800b403   Thumb Code    28  wm8978.o(.text)
    WM8978_I2S_Cfg                           0x0800b41f   Thumb Code    28  wm8978.o(.text)
    WM8978_HPvol_Set                         0x0800b43b   Thumb Code    46  wm8978.o(.text)
    WM8978_SPKvol_Set                        0x0800b469   Thumb Code    34  wm8978.o(.text)
    WM8978_3D_Set                            0x0800b48b   Thumb Code    18  wm8978.o(.text)
    WM8978_EQ_3D_Dir                         0x0800b49d   Thumb Code    34  wm8978.o(.text)
    WM8978_EQ1_Set                           0x0800b4bf   Thumb Code    50  wm8978.o(.text)
    WM8978_EQ2_Set                           0x0800b4f1   Thumb Code    40  wm8978.o(.text)
    WM8978_EQ3_Set                           0x0800b519   Thumb Code    40  wm8978.o(.text)
    WM8978_EQ4_Set                           0x0800b541   Thumb Code    40  wm8978.o(.text)
    WM8978_EQ5_Set                           0x0800b569   Thumb Code    40  wm8978.o(.text)
    mymemcpy                                 0x0800b59d   Thumb Code    26  malloc.o(.text)
    mymemset                                 0x0800b5b7   Thumb Code    20  malloc.o(.text)
    my_mem_init                              0x0800b5cb   Thumb Code    54  malloc.o(.text)
    my_mem_perused                           0x0800b601   Thumb Code    54  malloc.o(.text)
    my_mem_malloc                            0x0800b637   Thumb Code   154  malloc.o(.text)
    my_mem_free                              0x0800b6d1   Thumb Code    94  malloc.o(.text)
    myfree                                   0x0800b72f   Thumb Code    32  malloc.o(.text)
    mymalloc                                 0x0800b74f   Thumb Code    36  malloc.o(.text)
    myrealloc                                0x0800b773   Thumb Code    68  malloc.o(.text)
    disk_initialize                          0x0800b7c9   Thumb Code    52  diskio.o(.text)
    disk_status                              0x0800b7fd   Thumb Code     6  diskio.o(.text)
    disk_read                                0x0800b803   Thumb Code   122  diskio.o(.text)
    disk_write                               0x0800b87d   Thumb Code   122  diskio.o(.text)
    disk_ioctl                               0x0800b8f7   Thumb Code   170  diskio.o(.text)
    get_fattime                              0x0800b9a1   Thumb Code     4  diskio.o(.text)
    ff_memalloc                              0x0800b9a5   Thumb Code    14  diskio.o(.text)
    ff_memfree                               0x0800b9b3   Thumb Code    14  diskio.o(.text)
    clust2sect                               0x0800bb77   Thumb Code    26  ff.o(.text)
    get_fat                                  0x0800bb91   Thumb Code   232  ff.o(.text)
    put_fat                                  0x0800bc79   Thumb Code   310  ff.o(.text)
    dir_sdi                                  0x0800bf23   Thumb Code   158  ff.o(.text)
    f_mount                                  0x0800cf95   Thumb Code    86  ff.o(.text)
    f_open                                   0x0800cfeb   Thumb Code   384  ff.o(.text)
    f_read                                   0x0800d16b   Thumb Code   448  ff.o(.text)
    f_write                                  0x0800d32b   Thumb Code   490  ff.o(.text)
    f_sync                                   0x0800d515   Thumb Code   176  ff.o(.text)
    f_close                                  0x0800d5c5   Thumb Code    36  ff.o(.text)
    f_lseek                                  0x0800d5e9   Thumb Code   654  ff.o(.text)
    f_opendir                                0x0800d877   Thumb Code   136  ff.o(.text)
    f_closedir                               0x0800d8ff   Thumb Code    22  ff.o(.text)
    f_readdir                                0x0800d915   Thumb Code   114  ff.o(.text)
    f_stat                                   0x0800d987   Thumb Code    84  ff.o(.text)
    f_getfree                                0x0800d9db   Thumb Code   258  ff.o(.text)
    f_truncate                               0x0800dadd   Thumb Code   184  ff.o(.text)
    f_unlink                                 0x0800db95   Thumb Code   194  ff.o(.text)
    f_mkdir                                  0x0800dc57   Thumb Code   380  ff.o(.text)
    f_chmod                                  0x0800ddd3   Thumb Code   112  ff.o(.text)
    f_utime                                  0x0800de43   Thumb Code   110  ff.o(.text)
    f_rename                                 0x0800deb1   Thumb Code   314  ff.o(.text)
    f_getlabel                               0x0800dfeb   Thumb Code   190  ff.o(.text)
    f_setlabel                               0x0800e0a9   Thumb Code   470  ff.o(.text)
    f_mkfs                                   0x0800e27f   Thumb Code  1570  ff.o(.text)
    f_gets                                   0x0800e8a1   Thumb Code    82  ff.o(.text)
    f_putc                                   0x0800e937   Thumb Code    64  ff.o(.text)
    f_puts                                   0x0800e977   Thumb Code    74  ff.o(.text)
    f_printf                                 0x0800e9c1   Thumb Code   674  ff.o(.text)
    exfuns_init                              0x0800ec65   Thumb Code   114  exfuns.o(.text)
    char_upper                               0x0800ecd7   Thumb Code    26  exfuns.o(.text)
    f_typetell                               0x0800ecf1   Thumb Code   172  exfuns.o(.text)
    exf_getfree                              0x0800ed9d   Thumb Code    74  exfuns.o(.text)
    ff_convert                               0x0800edfd   Thumb Code   146  mycc936.o(.text)
    ff_wtoupper                              0x0800ee8f   Thumb Code    46  mycc936.o(.text)
    Get_HzMat                                0x0800eec9   Thumb Code   220  text.o(.text)
    Show_Font                                0x0800efa5   Thumb Code   190  text.o(.text)
    Show_Str                                 0x0800f063   Thumb Code   192  text.o(.text)
    Show_Str_Mid                             0x0800f123   Thumb Code   106  text.o(.text)
    stdbmp_decode                            0x0800f19d   Thumb Code   712  bmp.o(.text)
    minibmp_decode                           0x0800f465   Thumb Code   932  bmp.o(.text)
    bmp_encode                               0x0800f809   Thumb Code   486  bmp.o(.text)
    gif_check_head                           0x0800f9fd   Thumb Code    88  gif.o(.text)
    gif_getrgb565                            0x0800fa55   Thumb Code    28  gif.o(.text)
    gif_readcolortbl                         0x0800fa71   Thumb Code    64  gif.o(.text)
    gif_getinfo                              0x0800fab1   Thumb Code    70  gif.o(.text)
    gif_savegctbl                            0x0800faf7   Thumb Code    38  gif.o(.text)
    gif_recovergctbl                         0x0800fb1d   Thumb Code    38  gif.o(.text)
    gif_initlzw                              0x0800fb43   Thumb Code   152  gif.o(.text)
    gif_getdatablock                         0x0800fbdb   Thumb Code    96  gif.o(.text)
    gif_readextension                        0x0800fc3b   Thumb Code   160  gif.o(.text)
    gif_getnextcode                          0x0800fcdb   Thumb Code   452  gif.o(.text)
    gif_getnextbyte                          0x0800fe9f   Thumb Code   856  gif.o(.text)
    gif_dispimage                            0x080101f7   Thumb Code   544  gif.o(.text)
    gif_clear2bkcolor                        0x08010417   Thumb Code   496  gif.o(.text)
    gif_drawimage                            0x08010607   Thumb Code   352  gif.o(.text)
    gif_quit                                 0x08010767   Thumb Code     8  gif.o(.text)
    gif_decode                               0x0801076f   Thumb Code   296  gif.o(.text)
    piclib_draw_hline                        0x0801089d   Thumb Code    52  piclib.o(.text)
    piclib_fill_color                        0x080108d1   Thumb Code    44  piclib.o(.text)
    piclib_init                              0x080108fd   Thumb Code    62  piclib.o(.text)
    piclib_alpha_blend                       0x0801093b   Thumb Code    42  piclib.o(.text)
    ai_draw_init                             0x08010965   Thumb Code   216  piclib.o(.text)
    is_element_ok                            0x08010a3d   Thumb Code    36  piclib.o(.text)
    ai_load_picfile                          0x08010a61   Thumb Code   194  piclib.o(.text)
    pic_memalloc                             0x08010b23   Thumb Code    14  piclib.o(.text)
    pic_memfree                              0x08010b31   Thumb Code    14  piclib.o(.text)
    jd_prepare                               0x08011701   Thumb Code   924  tjpgd.o(.text)
    jd_decomp                                0x08011a9d   Thumb Code   162  tjpgd.o(.text)
    jpeg_mallocall                           0x08011b3f   Thumb Code    70  tjpgd.o(.text)
    jpeg_freeall                             0x08011b85   Thumb Code    28  tjpgd.o(.text)
    jpeg_in_func                             0x08011ba1   Thumb Code    48  tjpgd.o(.text)
    jpeg_out_func_fill                       0x08011bd1   Thumb Code    74  tjpgd.o(.text)
    jpeg_out_func_point                      0x08011c1b   Thumb Code   182  tjpgd.o(.text)
    jpg_decode                               0x08011cd1   Thumb Code   234  tjpgd.o(.text)
    rec_i2s_dma_rx_callback                  0x08011dd1   Thumb Code    96  recorder.o(.text)
    recoder_remindmsg_show                   0x08011e31   Thumb Code   158  recorder.o(.text)
    recoder_enter_rec_mode                   0x08011ecf   Thumb Code   138  recorder.o(.text)
    recoder_enter_play_mode                  0x08011f59   Thumb Code    50  recorder.o(.text)
    recoder_wav_init                         0x08011f8b   Thumb Code    66  recorder.o(.text)
    recoder_msg_show                         0x08011fcd   Thumb Code   148  recorder.o(.text)
    recoder_new_pathname                     0x08012061   Thumb Code    54  recorder.o(.text)
    wav_recorder                             0x08012097   Thumb Code   836  recorder.o(.text)
    __use_no_semihosting                     0x080123fd   Thumb Code     2  use_no_semi_2.o(.text)
    __aeabi_ldivmod                          0x080123ff   Thumb Code     0  llsdiv.o(.text)
    _ll_sdiv                                 0x080123ff   Thumb Code    72  llsdiv.o(.text)
    __2printf                                0x08012449   Thumb Code    20  noretval__2printf.o(.text)
    __2sprintf                               0x08012461   Thumb Code    34  noretval__2sprintf.o(.text)
    _printf_pre_padding                      0x08012489   Thumb Code    44  _printf_pad.o(.text)
    _printf_post_padding                     0x080124b5   Thumb Code    34  _printf_pad.o(.text)
    _printf_int_dec                          0x080124d9   Thumb Code   104  _printf_dec.o(.text)
    _printf_int_hex                          0x08012551   Thumb Code    84  _printf_hex_int.o(.text)
    _printf_longlong_hex                     0x08012551   Thumb Code     0  _printf_hex_int.o(.text)
    __printf                                 0x080125a9   Thumb Code   308  __printf_flags_wp.o(.text)
    strcpy                                   0x080126e1   Thumb Code    72  strcpy.o(.text)
    strlen                                   0x08012729   Thumb Code    62  strlen.o(.text)
    __aeabi_memcpy                           0x08012767   Thumb Code     0  rt_memcpy_v6.o(.text)
    __rt_memcpy                              0x08012767   Thumb Code   138  rt_memcpy_v6.o(.text)
    _memcpy_lastbytes                        0x080127cd   Thumb Code     0  rt_memcpy_v6.o(.text)
    strcmp                                   0x080127f1   Thumb Code   128  strcmpv7m.o(.text)
    __use_two_region_memory                  0x08012871   Thumb Code     2  heapauxi.o(.text)
    __rt_heap_escrow$2region                 0x08012873   Thumb Code     2  heapauxi.o(.text)
    __rt_heap_expand$2region                 0x08012875   Thumb Code     2  heapauxi.o(.text)
    __I$use$semihosting                      0x08012877   Thumb Code     0  use_no_semi.o(.text)
    __use_no_semihosting_swi                 0x08012877   Thumb Code     2  use_no_semi.o(.text)
    __aeabi_uldivmod                         0x08012879   Thumb Code     0  lludivv7m.o(.text)
    _ll_udiv                                 0x08012879   Thumb Code   238  lludivv7m.o(.text)
    _printf_int_common                       0x08012967   Thumb Code   178  _printf_intcommon.o(.text)
    _printf_char_common                      0x08012a23   Thumb Code    32  _printf_char_common.o(.text)
    _sputc                                   0x08012a49   Thumb Code    10  _sputc.o(.text)
    _printf_char_file                        0x08012a55   Thumb Code    32  _printf_char_file.o(.text)
    __aeabi_memcpy4                          0x08012a79   Thumb Code     0  rt_memcpy_w.o(.text)
    __aeabi_memcpy8                          0x08012a79   Thumb Code     0  rt_memcpy_w.o(.text)
    __rt_memcpy_w                            0x08012a79   Thumb Code   100  rt_memcpy_w.o(.text)
    _memcpy_lastbytes_aligned                0x08012ac1   Thumb Code     0  rt_memcpy_w.o(.text)
    ferror                                   0x08012add   Thumb Code     8  ferror.o(.text)
    __user_setup_stackheap                   0x08012ae5   Thumb Code    74  sys_stackheap_outer.o(.text)
    exit                                     0x08012b2f   Thumb Code    18  exit.o(.text)
    __user_libspace                          0x08012b41   Thumb Code     8  libspace.o(.text)
    __user_perproc_libspace                  0x08012b41   Thumb Code     0  libspace.o(.text)
    __user_perthread_libspace                0x08012b41   Thumb Code     0  libspace.o(.text)
    _is_digit                                0x08012b49   Thumb Code    14  __printf_wp.o(i._is_digit)
    __aeabi_d2uiz                            0x08012b59   Thumb Code     0  dfixu.o(x$fpl$dfixu)
    _dfixu                                   0x08012b59   Thumb Code    90  dfixu.o(x$fpl$dfixu)
    __aeabi_ui2d                             0x08012bb3   Thumb Code     0  dflt_clz.o(x$fpl$dfltu)
    _dfltu                                   0x08012bb3   Thumb Code    38  dflt_clz.o(x$fpl$dfltu)
    __aeabi_dmul                             0x08012bd9   Thumb Code     0  dmul.o(x$fpl$dmul)
    _dmul                                    0x08012bd9   Thumb Code   332  dmul.o(x$fpl$dmul)
    __fpl_dnaninf                            0x08012d2d   Thumb Code   156  dnaninf.o(x$fpl$dnaninf)
    __fpl_dretinf                            0x08012dc9   Thumb Code    12  dretinf.o(x$fpl$dretinf)
    _fp_init                                 0x08012dd5   Thumb Code    10  fpinit.o(x$fpl$fpinit)
    __fplib_config_fpu_vfp                   0x08012ddd   Thumb Code     0  fpinit.o(x$fpl$fpinit)
    __fplib_config_pureend_doubles           0x08012ddd   Thumb Code     0  fpinit.o(x$fpl$fpinit)
    __I$use$fp                               0x08012dde   Number         0  usenofp.o(x$fpl$usenofp)
    FSMC_DefaultTimingStruct                 0x08012de0   Data          28  stm32f4xx_fsmc.o(.constdata)
    asc2_1206                                0x08012dfc   Data        1140  lcd.o(.constdata)
    asc2_1608                                0x08013270   Data        1520  lcd.o(.constdata)
    asc2_2412                                0x08013860   Data        3420  lcd.o(.constdata)
    ov2640_sxga_init_reg_tbl                 0x080145bc   Data         356  ov2640.o(.constdata)
    ov2640_svga_init_reg_tbl                 0x08014720   Data         354  ov2640.o(.constdata)
    ov2640_jpeg_reg_tbl                      0x08014882   Data          14  ov2640.o(.constdata)
    ov2640_rgb565_reg_tbl                    0x08014890   Data          28  ov2640.o(.constdata)
    ov2640_yuv422_reg_tbl                    0x080148ac   Data          16  ov2640.o(.constdata)
    I2S_PSC_TBL                              0x080148e4   Data         110  i2s.o(.constdata)
    memtblsize                               0x08014954   Data          12  malloc.o(.constdata)
    memblksize                               0x08014960   Data          12  malloc.o(.constdata)
    memsize                                  0x0801496c   Data          12  malloc.o(.constdata)
    FILE_TYPE_TBL                            0x080149b4   Data         112  exfuns.o(.constdata)
    _aMaskTbl                                0x08014de4   Data          32  gif.o(.constdata)
    _aInterlaceOffset                        0x08014e04   Data           4  gif.o(.constdata)
    _aInterlaceYPos                          0x08014e08   Data           4  gif.o(.constdata)
    i2splaybuf                               0x080152cc   Data           4  recorder.o(.constdata)
    Region$$Table$$Base                      0x08015350   Number         0  anon$$obj.o(Region$$Table)
    Region$$Table$$Limit                     0x08015370   Number         0  anon$$obj.o(Region$$Table)
    mem3base                                 0x10000000   Data       61440  malloc.o(.ARM.__AT_0x10000000)
    mem3mapbase                              0x1000f000   Data        3840  malloc.o(.ARM.__AT_0x1000F000)
    KEY_GSM_flag                             0x20000000   Data           1  main.o(.data)
    KEY_WS2812B_flag                         0x20000001   Data           1  main.o(.data)
    KEY_Buzzer_flag                          0x20000002   Data           1  main.o(.data)
    KEY_Camera_flag                          0x20000003   Data           1  main.o(.data)
    KEY_Microphone_flag                      0x20000004   Data           1  main.o(.data)
    KEY_Camera_BMP                           0x20000005   Data           1  main.o(.data)
    Camera_flag                              0x20000006   Data           1  main.o(.data)
    BMP_GSM                                  0x20000007   Data           1  main.o(.data)
    Microphone_flag                          0x20000008   Data           1  main.o(.data)
    Record_Star                              0x20000009   Data           1  main.o(.data)
    Record_End                               0x2000000a   Data           1  main.o(.data)
    Record_Play                              0x2000000b   Data           1  main.o(.data)
    voice_flag                               0x2000000c   Data           1  main.o(.data)
    hsync_int                                0x2000000d   Data           1  main.o(.data)
    ov2640_mode                              0x2000000e   Data           1  main.o(.data)
    jpeg_data_len                            0x20000010   Data           4  main.o(.data)
    jpeg_data_ok                             0x20000014   Data           1  main.o(.data)
    jpeg_buf0                                0x20000018   Data           4  main.o(.data)
    jpeg_buf1                                0x2000001c   Data           4  main.o(.data)
    jpeg_data_buf                            0x20000020   Data           4  main.o(.data)
    SystemCoreClock                          0x20000024   Data           4  system_stm32f4xx.o(.data)
    AHBPrescTable                            0x20000028   Data          16  system_stm32f4xx.o(.data)
    __stdout                                 0x2000004c   Data           4  usart.o(.data)
    USART_RX_STA                             0x20000050   Data           2  usart.o(.data)
    USART_RX_STA_3                           0x20000052   Data           2  gsm.o(.data)
    POINT_COLOR                              0x20000054   Data           2  lcd.o(.data)
    BACK_COLOR                               0x20000056   Data           2  lcd.o(.data)
    ov_frame                                 0x20000058   Data           1  dcmi.o(.data)
    dcmi_rx_callback                         0x2000005c   Data           4  dcmi.o(.data)
    TransferError                            0x2000006a   Data           1  sdio_sdcard.o(.data)
    TransferEnd                              0x2000006b   Data           1  sdio_sdcard.o(.data)
    tempbuff                                 0x2000006c   Data           4  sdio_sdcard.o(.data)
    W25QXX_TYPE                              0x20000070   Data           2  w25qxx.o(.data)
    i2s_tx_callback                          0x20000074   Data           4  i2s.o(.data)
    i2s_rx_callback                          0x20000078   Data           4  i2s.o(.data)
    mallco_dev                               0x200000f0   Data          36  malloc.o(.data)
    FLASH_SECTOR_COUNT                       0x20000114   Data           2  diskio.o(.data)
    file                                     0x20000118   Data           4  exfuns.o(.data)
    ftemp                                    0x2000011c   Data           4  exfuns.o(.data)
    br                                       0x20000120   Data           4  exfuns.o(.data)
    bw                                       0x20000124   Data           4  exfuns.o(.data)
    fatbuf                                   0x20000128   Data           4  exfuns.o(.data)
    gifdecoding                              0x2000012c   Data           1  gif.o(.data)
    f_jpeg                                   0x20000130   Data           4  tjpgd.o(.data)
    jpeg_dev                                 0x20000134   Data           4  tjpgd.o(.data)
    jpg_buffer                               0x20000138   Data           4  tjpgd.o(.data)
    i2srecbuf1                               0x2000013c   Data           4  recorder.o(.data)
    i2srecbuf2                               0x20000140   Data           4  recorder.o(.data)
    f_rec                                    0x20000144   Data           4  recorder.o(.data)
    wavsize                                  0x20000148   Data           4  recorder.o(.data)
    rec_sta                                  0x2000014c   Data           1  recorder.o(.data)
    USART_RX_BUF                             0x20000150   Data         200  usart.o(.bss)
    USART_RX_BUF_3                           0x20000218   Data         200  gsm.o(.bss)
    lcddev                                   0x200002e0   Data          14  lcd.o(.bss)
    DCMI_InitStructure                       0x200002ee   Data          14  dcmi.o(.bss)
    SDIO_InitStructure                       0x20000300   Data          24  sdio_sdcard.o(.bss)
    SDIO_CmdInitStructure                    0x20000318   Data          20  sdio_sdcard.o(.bss)
    SDIO_DataInitStructure                   0x2000032c   Data          24  sdio_sdcard.o(.bss)
    SDCardInfo                               0x20000368   Data          88  sdio_sdcard.o(.bss)
    SDIO_DATA_BUFFER                         0x200003c0   Data         512  sdio_sdcard.o(.bss)
    W25QXX_BUFFER                            0x200005c0   Data        4096  w25qxx.o(.bss)
    mem1base                                 0x200015c0   Data       102400  malloc.o(.bss)
    mem1mapbase                              0x2001a5c0   Data        6400  malloc.o(.bss)
    fs                                       0x2001becc   Data          12  exfuns.o(.bss)
    fileinfo                                 0x2001bed8   Data          32  exfuns.o(.bss)
    dir                                      0x2001bef8   Data          36  exfuns.o(.bss)
    ftinfo                                   0x2001bf1c   Data          33  fontupd.o(.bss)
    picinfo                                  0x2001bf40   Data          40  piclib.o(.bss)
    pic_phy                                  0x2001bf68   Data          20  piclib.o(.bss)
    __libspace_start                         0x2001bf7c   Data          96  libspace.o(.bss)
    __temporary_stack_top$libspace           0x2001bfdc   Data           0  libspace.o(.bss)
    mem2base                                 0x68000000   Data       983040  malloc.o(.ARM.__AT_0x68000000)
    mem2mapbase                              0x680f0000   Data       61440  malloc.o(.ARM.__AT_0x680F0000)



==============================================================================

Memory Map of the image

  Image Entry point : 0x08000189

  Load Region LR_IROM1 (Base: 0x08000000, Size: 0x000154c0, Max: 0x00100000, ABSOLUTE, COMPRESSED[0x000153e4])

    Execution Region ER_IROM1 (Base: 0x08000000, Size: 0x00015370, Max: 0x00100000, ABSOLUTE)

    Base Addr    Size         Type   Attr      Idx    E Section Name        Object

    0x08000000   0x00000188   Data   RO          332    RESET               startup_stm32f40_41xxx.o
    0x08000188   0x00000008   Code   RO         2057  * !!!main             c_w.l(__main.o)
    0x08000190   0x00000034   Code   RO         2262    !!!scatter          c_w.l(__scatter.o)
    0x080001c4   0x0000005a   Code   RO         2260    !!dczerorl2         c_w.l(__dczerorl2.o)
    0x0800021e   0x00000002   PAD
    0x08000220   0x0000001c   Code   RO         2264    !!handler_zi        c_w.l(__scatter_zi.o)
    0x0800023c   0x00000000   Code   RO         2044    .ARM.Collect$$_printf_percent$$00000000  c_w.l(_printf_percent.o)
    0x0800023c   0x00000006   Code   RO         2043    .ARM.Collect$$_printf_percent$$00000009  c_w.l(_printf_d.o)
    0x08000242   0x00000006   Code   RO         2042    .ARM.Collect$$_printf_percent$$0000000C  c_w.l(_printf_x.o)
    0x08000248   0x00000004   Code   RO         2086    .ARM.Collect$$_printf_percent$$00000017  c_w.l(_printf_percent_end.o)
    0x0800024c   0x00000002   Code   RO         2130    .ARM.Collect$$libinit$$00000000  c_w.l(libinit.o)
    0x0800024e   0x00000004   Code   RO         2140    .ARM.Collect$$libinit$$00000001  c_w.l(libinit2.o)
    0x08000252   0x00000000   Code   RO         2143    .ARM.Collect$$libinit$$00000004  c_w.l(libinit2.o)
    0x08000252   0x00000000   Code   RO         2146    .ARM.Collect$$libinit$$0000000A  c_w.l(libinit2.o)
    0x08000252   0x00000000   Code   RO         2148    .ARM.Collect$$libinit$$0000000C  c_w.l(libinit2.o)
    0x08000252   0x00000000   Code   RO         2150    .ARM.Collect$$libinit$$0000000E  c_w.l(libinit2.o)
    0x08000252   0x00000000   Code   RO         2153    .ARM.Collect$$libinit$$00000011  c_w.l(libinit2.o)
    0x08000252   0x00000000   Code   RO         2155    .ARM.Collect$$libinit$$00000013  c_w.l(libinit2.o)
    0x08000252   0x00000000   Code   RO         2157    .ARM.Collect$$libinit$$00000015  c_w.l(libinit2.o)
    0x08000252   0x00000000   Code   RO         2159    .ARM.Collect$$libinit$$00000017  c_w.l(libinit2.o)
    0x08000252   0x00000000   Code   RO         2161    .ARM.Collect$$libinit$$00000019  c_w.l(libinit2.o)
    0x08000252   0x00000000   Code   RO         2163    .ARM.Collect$$libinit$$0000001B  c_w.l(libinit2.o)
    0x08000252   0x00000000   Code   RO         2165    .ARM.Collect$$libinit$$0000001D  c_w.l(libinit2.o)
    0x08000252   0x00000000   Code   RO         2167    .ARM.Collect$$libinit$$0000001F  c_w.l(libinit2.o)
    0x08000252   0x00000000   Code   RO         2169    .ARM.Collect$$libinit$$00000021  c_w.l(libinit2.o)
    0x08000252   0x00000000   Code   RO         2171    .ARM.Collect$$libinit$$00000023  c_w.l(libinit2.o)
    0x08000252   0x00000000   Code   RO         2173    .ARM.Collect$$libinit$$00000025  c_w.l(libinit2.o)
    0x08000252   0x00000000   Code   RO         2177    .ARM.Collect$$libinit$$0000002C  c_w.l(libinit2.o)
    0x08000252   0x00000000   Code   RO         2179    .ARM.Collect$$libinit$$0000002E  c_w.l(libinit2.o)
    0x08000252   0x00000000   Code   RO         2181    .ARM.Collect$$libinit$$00000030  c_w.l(libinit2.o)
    0x08000252   0x00000000   Code   RO         2183    .ARM.Collect$$libinit$$00000032  c_w.l(libinit2.o)
    0x08000252   0x00000002   Code   RO         2184    .ARM.Collect$$libinit$$00000033  c_w.l(libinit2.o)
    0x08000254   0x00000002   Code   RO         2212    .ARM.Collect$$libshutdown$$00000000  c_w.l(libshutdown.o)
    0x08000256   0x00000000   Code   RO         2226    .ARM.Collect$$libshutdown$$00000002  c_w.l(libshutdown2.o)
    0x08000256   0x00000000   Code   RO         2228    .ARM.Collect$$libshutdown$$00000004  c_w.l(libshutdown2.o)
    0x08000256   0x00000000   Code   RO         2231    .ARM.Collect$$libshutdown$$00000007  c_w.l(libshutdown2.o)
    0x08000256   0x00000000   Code   RO         2234    .ARM.Collect$$libshutdown$$0000000A  c_w.l(libshutdown2.o)
    0x08000256   0x00000000   Code   RO         2236    .ARM.Collect$$libshutdown$$0000000C  c_w.l(libshutdown2.o)
    0x08000256   0x00000000   Code   RO         2239    .ARM.Collect$$libshutdown$$0000000F  c_w.l(libshutdown2.o)
    0x08000256   0x00000002   Code   RO         2240    .ARM.Collect$$libshutdown$$00000010  c_w.l(libshutdown2.o)
    0x08000258   0x00000000   Code   RO         2073    .ARM.Collect$$rtentry$$00000000  c_w.l(__rtentry.o)
    0x08000258   0x00000000   Code   RO         2095    .ARM.Collect$$rtentry$$00000002  c_w.l(__rtentry2.o)
    0x08000258   0x00000006   Code   RO         2107    .ARM.Collect$$rtentry$$00000004  c_w.l(__rtentry4.o)
    0x0800025e   0x00000000   Code   RO         2097    .ARM.Collect$$rtentry$$00000009  c_w.l(__rtentry2.o)
    0x0800025e   0x00000004   Code   RO         2098    .ARM.Collect$$rtentry$$0000000A  c_w.l(__rtentry2.o)
    0x08000262   0x00000000   Code   RO         2100    .ARM.Collect$$rtentry$$0000000C  c_w.l(__rtentry2.o)
    0x08000262   0x00000008   Code   RO         2101    .ARM.Collect$$rtentry$$0000000D  c_w.l(__rtentry2.o)
    0x0800026a   0x00000002   Code   RO         2134    .ARM.Collect$$rtexit$$00000000  c_w.l(rtexit.o)
    0x0800026c   0x00000000   Code   RO         2186    .ARM.Collect$$rtexit$$00000002  c_w.l(rtexit2.o)
    0x0800026c   0x00000004   Code   RO         2187    .ARM.Collect$$rtexit$$00000003  c_w.l(rtexit2.o)
    0x08000270   0x00000006   Code   RO         2188    .ARM.Collect$$rtexit$$00000004  c_w.l(rtexit2.o)
    0x08000276   0x00000002   PAD
    0x08000278   0x00000010   Code   RO         1078    .emb_text           sys.o
    0x08000288   0x00000884   Code   RO            3    .text               main.o
    0x08000b0c   0x0000001a   Code   RO          257    .text               stm32f4xx_it.o
    0x08000b26   0x00000002   PAD
    0x08000b28   0x00000210   Code   RO          306    .text               system_stm32f4xx.o
    0x08000d38   0x00000040   Code   RO          333    .text               startup_stm32f40_41xxx.o
    0x08000d78   0x000000e0   Code   RO          339    .text               misc.o
    0x08000e58   0x0000018c   Code   RO          539    .text               stm32f4xx_dcmi.o
    0x08000fe4   0x000003a8   Code   RO          582    .text               stm32f4xx_dma.o
    0x0800138c   0x00000110   Code   RO          602    .text               stm32f4xx_exti.o
    0x0800149c   0x000005c8   Code   RO          665    .text               stm32f4xx_fsmc.o
    0x08001a64   0x00000294   Code   RO          688    .text               stm32f4xx_gpio.o
    0x08001cf8   0x0000065c   Code   RO          851    .text               stm32f4xx_rcc.o
    0x08002354   0x000001dc   Code   RO          936    .text               stm32f4xx_sdio.o
    0x08002530   0x00000480   Code   RO          956    .text               stm32f4xx_spi.o
    0x080029b0   0x00000094   Code   RO          976    .text               stm32f4xx_syscfg.o
    0x08002a44   0x00000ca2   Code   RO          996    .text               stm32f4xx_tim.o
    0x080036e6   0x00000002   PAD
    0x080036e8   0x00000454   Code   RO         1016    .text               stm32f4xx_usart.o
    0x08003b3c   0x00000104   Code   RO         1056    .text               delay.o
    0x08003c40   0x00000148   Code   RO         1096    .text               usart.o
    0x08003d88   0x000000c4   Code   RO         1127    .text               buzzer.o
    0x08003e4c   0x0000009c   Code   RO         1147    .text               hc-sr501.o
    0x08003ee8   0x000001a8   Code   RO         1168    .text               key.o
    0x08004090   0x00000170   Code   RO         1209    .text               gsm.o
    0x08004200   0x00003900   Code   RO         1253    .text               lcd.o
    0x08007b00   0x00000094   Code   RO         1285    .text               timer.o
    0x08007b94   0x00000304   Code   RO         1306    .text               dcmi.o
    0x08007e98   0x000005e0   Code   RO         1333    .text               ov2640.o
    0x08008478   0x00000274   Code   RO         1359    .text               sccb.o
    0x080086ec   0x000002f8   Code   RO         1379    .text               sram.o
    0x080089e4   0x00001d60   Code   RO         1399    .text               sdio_sdcard.o
    0x0800a744   0x00000388   Code   RO         1436    .text               w25qxx.o
    0x0800aacc   0x00000118   Code   RO         1466    .text               spi.o
    0x0800abe4   0x00000338   Code   RO         1512    .text               i2s.o
    0x0800af1c   0x0000025c   Code   RO         1539    .text               myiic.o
    0x0800b178   0x00000424   Code   RO         1559    .text               wm8978.o
    0x0800b59c   0x0000022c   Code   RO         1581    .text               malloc.o
    0x0800b7c8   0x00000200   Code   RO         1613    .text               diskio.o
    0x0800b9c8   0x0000329a   Code   RO         1637    .text               ff.o
    0x0800ec62   0x00000002   PAD
    0x0800ec64   0x00000198   Code   RO         1661    .text               exfuns.o
    0x0800edfc   0x000000cc   Code   RO         1717    .text               mycc936.o
    0x0800eec8   0x000002d4   Code   RO         1767    .text               text.o
    0x0800f19c   0x00000860   Code   RO         1787    .text               bmp.o
    0x0800f9fc   0x00000ea0   Code   RO         1807    .text               gif.o
    0x0801089c   0x000002c4   Code   RO         1834    .text               piclib.o
    0x08010b60   0x00001270   Code   RO         1860    .text               tjpgd.o
    0x08011dd0   0x0000062c   Code   RO         1955    .text               recorder.o
    0x080123fc   0x00000002   Code   RO         1979    .text               c_w.l(use_no_semi_2.o)
    0x080123fe   0x00000048   Code   RO         1981    .text               c_w.l(llsdiv.o)
    0x08012446   0x00000002   PAD
    0x08012448   0x00000018   Code   RO         1987    .text               c_w.l(noretval__2printf.o)
    0x08012460   0x00000028   Code   RO         1989    .text               c_w.l(noretval__2sprintf.o)
    0x08012488   0x0000004e   Code   RO         1993    .text               c_w.l(_printf_pad.o)
    0x080124d6   0x00000002   PAD
    0x080124d8   0x00000078   Code   RO         1997    .text               c_w.l(_printf_dec.o)
    0x08012550   0x00000058   Code   RO         2002    .text               c_w.l(_printf_hex_int.o)
    0x080125a8   0x00000138   Code   RO         2032    .text               c_w.l(__printf_flags_wp.o)
    0x080126e0   0x00000048   Code   RO         2045    .text               c_w.l(strcpy.o)
    0x08012728   0x0000003e   Code   RO         2047    .text               c_w.l(strlen.o)
    0x08012766   0x0000008a   Code   RO         2051    .text               c_w.l(rt_memcpy_v6.o)
    0x080127f0   0x00000080   Code   RO         2053    .text               c_w.l(strcmpv7m.o)
    0x08012870   0x00000006   Code   RO         2055    .text               c_w.l(heapauxi.o)
    0x08012876   0x00000002   Code   RO         2071    .text               c_w.l(use_no_semi.o)
    0x08012878   0x000000ee   Code   RO         2074    .text               c_w.l(lludivv7m.o)
    0x08012966   0x000000b2   Code   RO         2076    .text               c_w.l(_printf_intcommon.o)
    0x08012a18   0x00000030   Code   RO         2078    .text               c_w.l(_printf_char_common.o)
    0x08012a48   0x0000000a   Code   RO         2080    .text               c_w.l(_sputc.o)
    0x08012a52   0x00000002   PAD
    0x08012a54   0x00000024   Code   RO         2084    .text               c_w.l(_printf_char_file.o)
    0x08012a78   0x00000064   Code   RO         2087    .text               c_w.l(rt_memcpy_w.o)
    0x08012adc   0x00000008   Code   RO         2115    .text               c_w.l(ferror.o)
    0x08012ae4   0x0000004a   Code   RO         2119    .text               c_w.l(sys_stackheap_outer.o)
    0x08012b2e   0x00000012   Code   RO         2123    .text               c_w.l(exit.o)
    0x08012b40   0x00000008   Code   RO         2131    .text               c_w.l(libspace.o)
    0x08012b48   0x0000000e   Code   RO         2030    i._is_digit         c_w.l(__printf_wp.o)
    0x08012b56   0x00000002   PAD
    0x08012b58   0x0000005a   Code   RO         2059    x$fpl$dfixu         fz_wm.l(dfixu.o)
    0x08012bb2   0x00000026   Code   RO         2063    x$fpl$dfltu         fz_wm.l(dflt_clz.o)
    0x08012bd8   0x00000154   Code   RO         2069    x$fpl$dmul          fz_wm.l(dmul.o)
    0x08012d2c   0x0000009c   Code   RO         2089    x$fpl$dnaninf       fz_wm.l(dnaninf.o)
    0x08012dc8   0x0000000c   Code   RO         2091    x$fpl$dretinf       fz_wm.l(dretinf.o)
    0x08012dd4   0x0000000a   Code   RO         2200    x$fpl$fpinit        fz_wm.l(fpinit.o)
    0x08012dde   0x00000000   Code   RO         2093    x$fpl$usenofp       fz_wm.l(usenofp.o)
    0x08012dde   0x00000002   PAD
    0x08012de0   0x0000001c   Data   RO          666    .constdata          stm32f4xx_fsmc.o
    0x08012dfc   0x000017c0   Data   RO         1255    .constdata          lcd.o
    0x080145bc   0x00000328   Data   RO         1334    .constdata          ov2640.o
    0x080148e4   0x0000006e   Data   RO         1513    .constdata          i2s.o
    0x08014952   0x00000002   PAD
    0x08014954   0x00000024   Data   RO         1587    .constdata          malloc.o
    0x08014978   0x0000003a   Data   RO         1639    .constdata          ff.o
    0x080149b2   0x00000002   PAD
    0x080149b4   0x00000070   Data   RO         1663    .constdata          exfuns.o
    0x08014a24   0x000003c0   Data   RO         1718    .constdata          mycc936.o
    0x08014de4   0x00000028   Data   RO         1808    .constdata          gif.o
    0x08014e0c   0x000004c0   Data   RO         1861    .constdata          tjpgd.o
    0x080152cc   0x00000004   Data   RO         1956    .constdata          recorder.o
    0x080152d0   0x00000028   Data   RO         2003    .constdata          c_w.l(_printf_hex_int.o)
    0x080152f8   0x00000011   Data   RO         2033    .constdata          c_w.l(__printf_flags_wp.o)
    0x08015309   0x00000003   PAD
    0x0801530c   0x00000044   Data   RO         1664    .conststring        exfuns.o
    0x08015350   0x00000020   Data   RO         2258    Region$$Table       anon$$obj.o


    Execution Region RW_IRAM1 (Base: 0x20000000, Size: 0x0001c5e0, Max: 0x00020000, ABSOLUTE, COMPRESSED[0x00000074])

    Base Addr    Size         Type   Attr      Idx    E Section Name        Object

    0x20000000   0x00000024   Data   RW            4    .data               main.o
    0x20000024   0x00000014   Data   RW          307    .data               system_stm32f4xx.o
    0x20000038   0x00000010   Data   RW          852    .data               stm32f4xx_rcc.o
    0x20000048   0x00000004   Data   RW         1057    .data               delay.o
    0x2000004c   0x00000006   Data   RW         1098    .data               usart.o
    0x20000052   0x00000002   Data   RW         1211    .data               gsm.o
    0x20000054   0x00000004   Data   RW         1256    .data               lcd.o
    0x20000058   0x00000008   Data   RW         1308    .data               dcmi.o
    0x20000060   0x00000010   Data   RW         1401    .data               sdio_sdcard.o
    0x20000070   0x00000002   Data   RW         1438    .data               w25qxx.o
    0x20000072   0x00000002   PAD
    0x20000074   0x00000008   Data   RW         1514    .data               i2s.o
    0x2000007c   0x00000074   Data   RW         1560    .data               wm8978.o
    0x200000f0   0x00000024   Data   RW         1588    .data               malloc.o
    0x20000114   0x00000002   Data   RW         1614    .data               diskio.o
    0x20000116   0x00000002   Data   RW         1640    .data               ff.o
    0x20000118   0x00000014   Data   RW         1665    .data               exfuns.o
    0x2000012c   0x00000001   Data   RW         1809    .data               gif.o
    0x2000012d   0x00000003   PAD
    0x20000130   0x0000000c   Data   RW         1862    .data               tjpgd.o
    0x2000013c   0x00000011   Data   RW         1957    .data               recorder.o
    0x2000014d   0x00000003   PAD
    0x20000150   0x000000c8   Zero   RW         1097    .bss                usart.o
    0x20000218   0x000000c8   Zero   RW         1210    .bss                gsm.o
    0x200002e0   0x0000000e   Zero   RW         1254    .bss                lcd.o
    0x200002ee   0x0000000e   Zero   RW         1307    .bss                dcmi.o
    0x200002fc   0x00000004   PAD
    0x20000300   0x000002c0   Zero   RW         1400    .bss                sdio_sdcard.o
    0x200005c0   0x00001000   Zero   RW         1437    .bss                w25qxx.o
    0x200015c0   0x0001a900   Zero   RW         1586    .bss                malloc.o
    0x2001bec0   0x0000000c   Zero   RW         1638    .bss                ff.o
    0x2001becc   0x00000050   Zero   RW         1662    .bss                exfuns.o
    0x2001bf1c   0x00000021   Zero   RW         1739    .bss                fontupd.o
    0x2001bf3d   0x00000003   PAD
    0x2001bf40   0x0000003c   Zero   RW         1835    .bss                piclib.o
    0x2001bf7c   0x00000060   Zero   RW         2132    .bss                c_w.l(libspace.o)
    0x2001bfdc   0x00000004   PAD
    0x2001bfe0   0x00000200   Zero   RW          331    HEAP                startup_stm32f40_41xxx.o
    0x2001c1e0   0x00000400   Zero   RW          330    STACK               startup_stm32f40_41xxx.o



  Load Region LR$$.ARM.__AT_0x10000000 (Base: 0x10000000, Size: 0x00000000, Max: 0x0000f000, ABSOLUTE)

    Execution Region ER$$.ARM.__AT_0x10000000 (Base: 0x10000000, Size: 0x0000f000, Max: 0x0000f000, ABSOLUTE, UNINIT)

    Base Addr    Size         Type   Attr      Idx    E Section Name        Object

    0x10000000   0x0000f000   Zero   RW         1582    .ARM.__AT_0x10000000  malloc.o



  Load Region LR$$.ARM.__AT_0x1000F000 (Base: 0x1000f000, Size: 0x00000000, Max: 0x00000f00, ABSOLUTE)

    Execution Region ER$$.ARM.__AT_0x1000F000 (Base: 0x1000f000, Size: 0x00000f00, Max: 0x00000f00, ABSOLUTE, UNINIT)

    Base Addr    Size         Type   Attr      Idx    E Section Name        Object

    0x1000f000   0x00000f00   Zero   RW         1583    .ARM.__AT_0x1000F000  malloc.o



  Load Region LR$$.ARM.__AT_0x68000000 (Base: 0x68000000, Size: 0x00000000, Max: 0x000f0000, ABSOLUTE)

    Execution Region ER$$.ARM.__AT_0x68000000 (Base: 0x68000000, Size: 0x000f0000, Max: 0x000f0000, ABSOLUTE, UNINIT)

    Base Addr    Size         Type   Attr      Idx    E Section Name        Object

    0x68000000   0x000f0000   Zero   RW         1584    .ARM.__AT_0x68000000  malloc.o



  Load Region LR$$.ARM.__AT_0x680F0000 (Base: 0x680f0000, Size: 0x00000000, Max: 0x0000f000, ABSOLUTE)

    Execution Region ER$$.ARM.__AT_0x680F0000 (Base: 0x680f0000, Size: 0x0000f000, Max: 0x0000f000, ABSOLUTE, UNINIT)

    Base Addr    Size         Type   Attr      Idx    E Section Name        Object

    0x680f0000   0x0000f000   Zero   RW         1585    .ARM.__AT_0x680F0000  malloc.o


==============================================================================

Image component sizes


      Code (inc. data)   RO Data    RW Data    ZI Data      Debug   Object Name

      2144         24          0          0          0       5234   bmp.o
       196          6          0          0          0        984   buzzer.o
       772         46          0          8         14       3189   dcmi.o
       260          8          0          4          0       1465   delay.o
       512          8          0          2          0       4382   diskio.o
       408         22        180         20         80       2776   exfuns.o
     12954        136         58          2         12      38286   ff.o
         0          0          0          0         33       1405   fontupd.o
      3744         24         40          1          0      10354   gif.o
       368         16          0          2        200       1897   gsm.o
       156          6          0          0          0        914   hc-sr501.o
       824         46        110          8          0       3896   i2s.o
       424         36          0          0          0       1292   key.o
     14592        272       6080          4         14      19729   lcd.o
      2180        422          0         36          0     334822   main.o
       556         18         36         36    1218560       4957   malloc.o
       224         20          0          0          0       1801   misc.o
       204         12        960          0          0       1669   mycc936.o
       604         14          0          0          0       1912   myiic.o
      1504         66        808          0          0       6077   ov2640.o
       708         34          0          0         60       4811   piclib.o
      1580        276          4         17          0       3573   recorder.o
       628         12          0          0          0       2063   sccb.o
      7520        282          0         16        704      25233   sdio_sdcard.o
       280          8          0          0          0       1065   spi.o
       760         20          0          0          0       1904   sram.o
        64         26        392          0       1536        828   startup_stm32f40_41xxx.o
       396          4          0          0          0       3462   stm32f4xx_dcmi.o
       936         32          0          0          0       6381   stm32f4xx_dma.o
       272         10          0          0          0       2271   stm32f4xx_exti.o
      1480         18         28          0          0       5622   stm32f4xx_fsmc.o
       660         44          0          0          0       4145   stm32f4xx_gpio.o
        26          0          0          0          0       1214   stm32f4xx_it.o
      1628         52          0         16          0      13008   stm32f4xx_rcc.o
       476         16          0          0          0       7404   stm32f4xx_sdio.o
      1152         36          0          0          0       6893   stm32f4xx_spi.o
       148         12          0          0          0       1837   stm32f4xx_syscfg.o
      3234         60          0          0          0      23000   stm32f4xx_tim.o
      1108         34          0          0          0       7868   stm32f4xx_usart.o
        16          0          0          0          0        484   sys.o
       528         46          0         20          0       1755   system_stm32f4xx.o
       724         16          0          0          0       3124   text.o
       148         20          0          0          0        820   timer.o
      4720         70       1216         12          0      17283   tjpgd.o
       328         16          0          6        200       3282   usart.o
       904         34          0          2       4096       4397   w25qxx.o
      1060         12          0        116          0       5801   wm8978.o

    ----------------------------------------------------------------------
     74116       2392       9948        336    1225516     606569   Object Totals
         0          0         32          0          0          0   (incl. Generated)
         6          0          4          8          7          0   (incl. Padding)

    ----------------------------------------------------------------------

      Code (inc. data)   RO Data    RW Data    ZI Data      Debug   Library Member Name

        90          0          0          0          0          0   __dczerorl2.o
         8          0          0          0          0         68   __main.o
       312          4         17          0          0         92   __printf_flags_wp.o
        14          0          0          0          0         68   __printf_wp.o
         0          0          0          0          0          0   __rtentry.o
        12          0          0          0          0          0   __rtentry2.o
         6          0          0          0          0          0   __rtentry4.o
        52          8          0          0          0          0   __scatter.o
        28          0          0          0          0          0   __scatter_zi.o
        48          6          0          0          0         96   _printf_char_common.o
        36          4          0          0          0         80   _printf_char_file.o
         6          0          0          0          0          0   _printf_d.o
       120         16          0          0          0         92   _printf_dec.o
        88          4         40          0          0         88   _printf_hex_int.o
       178          0          0          0          0         88   _printf_intcommon.o
        78          0          0          0          0        108   _printf_pad.o
         0          0          0          0          0          0   _printf_percent.o
         4          0          0          0          0          0   _printf_percent_end.o
         6          0          0          0          0          0   _printf_x.o
        10          0          0          0          0         68   _sputc.o
        18          0          0          0          0         80   exit.o
         8          0          0          0          0         68   ferror.o
         6          0          0          0          0        152   heapauxi.o
         2          0          0          0          0          0   libinit.o
         6          0          0          0          0          0   libinit2.o
         2          0          0          0          0          0   libshutdown.o
         2          0          0          0          0          0   libshutdown2.o
         8          4          0          0         96         68   libspace.o
        72          0          0          0          0         76   llsdiv.o
       238          0          0          0          0        100   lludivv7m.o
        24          4          0          0          0         84   noretval__2printf.o
        40          6          0          0          0         84   noretval__2sprintf.o
       138          0          0          0          0         68   rt_memcpy_v6.o
       100          0          0          0          0         80   rt_memcpy_w.o
         2          0          0          0          0          0   rtexit.o
        10          0          0          0          0          0   rtexit2.o
       128          0          0          0          0         68   strcmpv7m.o
        72          0          0          0          0         80   strcpy.o
        62          0          0          0          0         76   strlen.o
        74          0          0          0          0         80   sys_stackheap_outer.o
         2          0          0          0          0         68   use_no_semi.o
         2          0          0          0          0         68   use_no_semi_2.o
        90          4          0          0          0        140   dfixu.o
        38          0          0          0          0        116   dflt_clz.o
       340         12          0          0          0        152   dmul.o
       156          4          0          0          0        140   dnaninf.o
        12          0          0          0          0        116   dretinf.o
        10          0          0          0          0        116   fpinit.o
         0          0          0          0          0          0   usenofp.o

    ----------------------------------------------------------------------
      2772         76         60          0        100       2928   Library Totals
        14          0          3          0          4          0   (incl. Padding)

    ----------------------------------------------------------------------

      Code (inc. data)   RO Data    RW Data    ZI Data      Debug   Library Name

      2112         56         57          0         96       2148   c_w.l
       646         20          0          0          0        780   fz_wm.l

    ----------------------------------------------------------------------
      2772         76         60          0        100       2928   Library Totals

    ----------------------------------------------------------------------

==============================================================================


      Code (inc. data)   RO Data    RW Data    ZI Data      Debug   

     76888       2468      10008        336    1225616     598353   Grand Totals
     76888       2468      10008        116    1225616     598353   ELF Image Totals (compressed)
     76888       2468      10008        116          0          0   ROM Totals

==============================================================================

    Total RO  Size (Code + RO Data)                86896 (  84.86kB)
    Total RW  Size (RW Data + ZI Data)           1225952 (1197.22kB)
    Total ROM Size (Code + RO Data + RW Data)      87012 (  84.97kB)

==============================================================================

