<html>
<body>
<pre>
<h1>µVision Build Log</h1>
<h2>Tool Versions:</h2>
IDE-Version: ¦ÌVision V5.21.1.0
Copyright (C) 2016 ARM Ltd and ARM Germany GmbH. All rights reserved.
License Information: asd a, sd, LIC=HN0AE-51ZPW-NN6AF-6T7TA-LY2S4-G0VS4
 
Tool Versions:
Toolchain:       MDK-ARM Plus  Version: 5.21a
Toolchain Path:  D:\RJ\keil5\ARM\ARMCC\Bin
C Compiler:      Armcc.exe V5.06 update 3 (build 300)
Assembler:       Armasm.exe V5.06 update 3 (build 300)
Linker/Locator:  ArmLink.exe V5.06 update 3 (build 300)
Library Manager: ArmAr.exe V5.06 update 3 (build 300)
Hex Converter:   FromElf.exe V5.06 update 3 (build 300)
CPU DLL:         SARMCM3.DLL V5.21a
Dialog DLL:      DCM.DLL V1.13.8.0
Target DLL:      STLink\ST-LINKIII-KEIL_SWO.dll V2.0.18.0
Dialog DLL:      TCM.DLL V1.14.14.0
 
<h2>Project:</h2>
E:\Ben_Graduation Design\code\USER\ben_bishe.uvprojx
Project File Date:  12/21/2023

<h2>Output:</h2>
*** Using Compiler 'V5.06 update 3 (build 300)', folder: 'D:\RJ\keil5\ARM\ARMCC\Bin'
Rebuild target 'Model'
assembling startup_stm32f10x_md.s...
compiling core_cm3.c...
compiling stm32f10x_it.c...
compiling misc.c...
compiling system_stm32f10x.c...
compiling stm32f10x_adc.c...
compiling main.c...
..\HARDWARE\HC05\HC05.h(60): warning:  #1-D: last line of file ends without a newline
  */
main.c: 1 warning, 0 errors
compiling stm32f10x_bkp.c...
compiling stm32f10x_cec.c...
compiling stm32f10x_crc.c...
compiling stm32f10x_dac.c...
compiling stm32f10x_can.c...
compiling stm32f10x_dbgmcu.c...
compiling stm32f10x_dma.c...
compiling stm32f10x_exti.c...
compiling stm32f10x_fsmc.c...
compiling stm32f10x_flash.c...
compiling stm32f10x_gpio.c...
compiling stm32f10x_iwdg.c...
compiling stm32f10x_pwr.c...
compiling stm32f10x_i2c.c...
compiling stm32f10x_rcc.c...
compiling stm32f10x_rtc.c...
compiling stm32f10x_spi.c...
compiling stm32f10x_sdio.c...
compiling stm32f10x_usart.c...
compiling stm32f10x_tim.c...
compiling stm32f10x_wwdg.c...
compiling DHT11.c...
..\HARDWARE\HC05\HC05.h(60): warning:  #1-D: last line of file ends without a newline
  */
..\HARDWARE\DHT11\DHT11.c: 1 warning, 0 errors
compiling WaterSensor.c...
..\HARDWARE\HC05\HC05.h(60): warning:  #1-D: last line of file ends without a newline
  */
..\HARDWARE\WaterSensor\WaterSensor.c: 1 warning, 0 errors
compiling HX711.c...
..\HARDWARE\HC05\HC05.h(60): warning:  #1-D: last line of file ends without a newline
  */
..\HARDWARE\HX711\HX711.c: 1 warning, 0 errors
compiling oled.c...
..\HARDWARE\HC05\HC05.h(60): warning:  #1-D: last line of file ends without a newline
  */
..\HARDWARE\OLED\oled.c: 1 warning, 0 errors
compiling SG90.c...
..\HARDWARE\HC05\HC05.h(60): warning:  #1-D: last line of file ends without a newline
  */
..\HARDWARE\SG90\SG90.c: 1 warning, 0 errors
compiling function.c...
..\HARDWARE\HC05\HC05.h(60): warning:  #1-D: last line of file ends without a newline
  */
..\HARDWARE\Funtion\function.h(23): warning:  #1295-D: Deprecated declaration DATARecv - give arg types
  INPUT DATARecv();//??????Î»???ý¾?
..\HARDWARE\Funtion\function.c(47): warning:  #177-D: variable "t" was declared but never referenced
  	u8 t;
..\HARDWARE\Funtion\function.c(49): warning:  #177-D: variable "i" was declared but never referenced
  	u8 i;
..\HARDWARE\Funtion\function.c: 4 warnings, 0 errors
compiling HC05.c...
..\HARDWARE\HC05\HC05.h(60): warning:  #1-D: last line of file ends without a newline
  */
..\HARDWARE\HC05\HC05.c(12): warning:  #177-D: variable "f" was declared but never referenced
  static uint8_t f = 0; //??0xA5¿ªÊ¼????0x5A????
..\HARDWARE\HC05\HC05.c: 2 warnings, 0 errors
compiling led.c...
..\HARDWARE\HC05\HC05.h(60): warning:  #1-D: last line of file ends without a newline
  */
..\HARDWARE\LED\led.c: 1 warning, 0 errors
compiling delay.c...
..\HARDWARE\HC05\HC05.h(60): warning:  #1-D: last line of file ends without a newline
  */
..\SYSTEM\delay\delay.c: 1 warning, 0 errors
compiling usart.c...
..\HARDWARE\HC05\HC05.h(60): warning:  #1-D: last line of file ends without a newline
  */
..\SYSTEM\usart\usart.c: 1 warning, 0 errors
compiling sys.c...
..\HARDWARE\HC05\HC05.h(60): warning:  #1-D: last line of file ends without a newline
  */
..\SYSTEM\sys\sys.c: 1 warning, 0 errors
linking...
Program Size: Code=10618 RO-data=2342 RW-data=920 ZI-data=1848  
FromELF: creating hex file...
"..\OBJ\ben_bishe.axf" - 0 Error(s), 16 Warning(s).

<h2>Collection of Component include folders:</h2>
  E:\Ben_Graduation Design\code\USER\RTE
  D:\RJ\keil5\ARM\PACK\Keil\STM32F1xx_DFP\2.2.0\Device\Include

<h2>Collection of Component Files used:</h2>
Build Time Elapsed:  00:00:05
</pre>
</body>
</html>
