<html>
<body>
<pre>
<h1>µVision Build Log</h1>
<h2>Tool Versions:</h2>
IDE-Version: ¦ÌVision V5.21.1.0
Copyright (C) 2016 ARM Ltd and ARM Germany GmbH. All rights reserved.
License Information: asd a, sd, LIC=HN0AE-51ZPW-NN6AF-6T7TA-LY2S4-G0VS4
 
Tool Versions:
Toolchain:       MDK-ARM Plus  Version: 5.21a
Toolchain Path:  D:\RJ\keil5\ARM\ARMCC\Bin
C Compiler:      Armcc.exe V5.06 update 3 (build 300)
Assembler:       Armasm.exe V5.06 update 3 (build 300)
Linker/Locator:  ArmLink.exe V5.06 update 3 (build 300)
Library Manager: ArmAr.exe V5.06 update 3 (build 300)
Hex Converter:   FromElf.exe V5.06 update 3 (build 300)
CPU DLL:         SARMCM3.DLL V5.21a
Dialog DLL:      DCM.DLL V1.13.8.0
Target DLL:      STLink\ST-LINKIII-KEIL_SWO.dll V2.0.18.0
Dialog DLL:      TCM.DLL V1.14.14.0
 
<h2>Project:</h2>
e:\MS_Graduation Design\code\code\USER\Template.uvprojx
Project File Date:  12/22/2023

<h2>Output:</h2>
*** Using Compiler 'V5.06 update 3 (build 300)', folder: 'D:\RJ\keil5\ARM\ARMCC\Bin'
Rebuild target 'Template'
assembling startup_stm32f40_41xxx.s...
compiling main.c...
..\HARDWARE\HC-SR501\HC-SR501.h(1): warning:  #14-D: extra text after expected end of preprocessing directive
  #ifndef __HC-SR501_H
..\HARDWARE\HC-SR501\HC-SR501.h(2): warning:  #2775-D: white space is required between the macro name "__HC" and its replacement text
  #define __HC-SR501_H
main.c: 2 warnings, 0 errors
compiling misc.c...
compiling stm32f4xx_it.c...
compiling system_stm32f4xx.c...
compiling stm32f4xx_adc.c...
compiling stm32f4xx_can.c...
compiling stm32f4xx_crc.c...
compiling stm32f4xx_cryp_des.c...
compiling stm32f4xx_cryp.c...
compiling stm32f4xx_cryp_aes.c...
compiling stm32f4xx_cryp_tdes.c...
compiling stm32f4xx_dac.c...
compiling stm32f4xx_dbgmcu.c...
compiling stm32f4xx_dcmi.c...
compiling stm32f4xx_dma2d.c...
compiling stm32f4xx_dma.c...
compiling stm32f4xx_exti.c...
compiling stm32f4xx_flash_ramfunc.c...
compiling stm32f4xx_flash.c...
compiling stm32f4xx_fsmc.c...
compiling stm32f4xx_hash_md5.c...
compiling stm32f4xx_gpio.c...
compiling stm32f4xx_hash_sha1.c...
compiling stm32f4xx_hash.c...
compiling stm32f4xx_i2c.c...
compiling stm32f4xx_iwdg.c...
compiling stm32f4xx_rng.c...
compiling stm32f4xx_pwr.c...
compiling stm32f4xx_rcc.c...
compiling stm32f4xx_ltdc.c...
compiling stm32f4xx_sai.c...
compiling stm32f4xx_syscfg.c...
compiling stm32f4xx_sdio.c...
compiling stm32f4xx_spi.c...
compiling stm32f4xx_rtc.c...
compiling stm32f4xx_wwdg.c...
compiling stm32f4xx_usart.c...
compiling sys.c...
..\HARDWARE\HC-SR501\HC-SR501.h(1): warning:  #14-D: extra text after expected end of preprocessing directive
  #ifndef __HC-SR501_H
..\HARDWARE\HC-SR501\HC-SR501.h(2): warning:  #2775-D: white space is required between the macro name "__HC" and its replacement text
  #define __HC-SR501_H
..\SYSTEM\sys\sys.c: 2 warnings, 0 errors
compiling delay.c...
..\HARDWARE\HC-SR501\HC-SR501.h(1): warning:  #14-D: extra text after expected end of preprocessing directive
  #ifndef __HC-SR501_H
..\HARDWARE\HC-SR501\HC-SR501.h(2): warning:  #2775-D: white space is required between the macro name "__HC" and its replacement text
  #define __HC-SR501_H
..\SYSTEM\delay\delay.c: 2 warnings, 0 errors
compiling stm32f4xx_tim.c...
compiling CAMERA.c...
compiling BUZZER.c...
..\HARDWARE\HC-SR501\HC-SR501.h(1): warning:  #14-D: extra text after expected end of preprocessing directive
  #ifndef __HC-SR501_H
..\HARDWARE\HC-SR501\HC-SR501.h(2): warning:  #2775-D: white space is required between the macro name "__HC" and its replacement text
  #define __HC-SR501_H
..\HARDWARE\BUZZER\BUZZER.c: 2 warnings, 0 errors
compiling HC-SR501.c...
..\HARDWARE\HC-SR501\HC-SR501.h(1): warning:  #14-D: extra text after expected end of preprocessing directive
  #ifndef __HC-SR501_H
..\HARDWARE\HC-SR501\HC-SR501.h(2): warning:  #2775-D: white space is required between the macro name "__HC" and its replacement text
  #define __HC-SR501_H
..\HARDWARE\HC-SR501\HC-SR501.h(1): warning:  #14-D: extra text after expected end of preprocessing directive
  #ifndef __HC-SR501_H
..\HARDWARE\HC-SR501\HC-SR501.c: 3 warnings, 0 errors
compiling TF.c...
..\HARDWARE\HC-SR501\HC-SR501.h(1): warning:  #14-D: extra text after expected end of preprocessing directive
  #ifndef __HC-SR501_H
..\HARDWARE\HC-SR501\HC-SR501.h(2): warning:  #2775-D: white space is required between the macro name "__HC" and its replacement text
  #define __HC-SR501_H
..\HARDWARE\TF\TF.c(16): warning:  #1-D: last line of file ends without a newline
  }
..\HARDWARE\TF\TF.c: 3 warnings, 0 errors
compiling KEY.c...
..\HARDWARE\HC-SR501\HC-SR501.h(1): warning:  #14-D: extra text after expected end of preprocessing directive
  #ifndef __HC-SR501_H
..\HARDWARE\HC-SR501\HC-SR501.h(2): warning:  #2775-D: white space is required between the macro name "__HC" and its replacement text
  #define __HC-SR501_H
..\HARDWARE\KEY\KEY.c: 2 warnings, 0 errors
compiling LED.c...
..\HARDWARE\HC-SR501\HC-SR501.h(1): warning:  #14-D: extra text after expected end of preprocessing directive
  #ifndef __HC-SR501_H
..\HARDWARE\HC-SR501\HC-SR501.h(2): warning:  #2775-D: white space is required between the macro name "__HC" and its replacement text
  #define __HC-SR501_H
..\HARDWARE\LED\LED.c: 2 warnings, 0 errors
compiling GSM.c...
..\HARDWARE\HC-SR501\HC-SR501.h(1): warning:  #14-D: extra text after expected end of preprocessing directive
  #ifndef __HC-SR501_H
..\HARDWARE\HC-SR501\HC-SR501.h(2): warning:  #2775-D: white space is required between the macro name "__HC" and its replacement text
  #define __HC-SR501_H
..\HARDWARE\GSM\GSM.c: 2 warnings, 0 errors
compiling WS2812B.c...
..\HARDWARE\HC-SR501\HC-SR501.h(1): warning:  #14-D: extra text after expected end of preprocessing directive
  #ifndef __HC-SR501_H
..\HARDWARE\HC-SR501\HC-SR501.h(2): warning:  #2775-D: white space is required between the macro name "__HC" and its replacement text
  #define __HC-SR501_H
..\HARDWARE\WS2812B\WS2812B.c: 2 warnings, 0 errors
linking...
Program Size: Code=11176 RO-data=424 RW-data=52 ZI-data=1836  
FromELF: creating hex file...
"..\OBJ\Template.axf" - 0 Error(s), 22 Warning(s).

<h2>Collection of Component include folders:</h2>
  e:\MS_Graduation Design\code\code\USER\RTE
  D:\RJ\keil5\ARM\PACK\Keil\STM32F4xx_DFP\2.15.0\Drivers\CMSIS\Device\ST\STM32F4xx\Include

<h2>Collection of Component Files used:</h2>
Build Time Elapsed:  00:00:09
</pre>
</body>
</html>
